.reports is not a valid directory name. Please make sure there are no unallowed characters in the name.
.reports is not a valid directory name. Please make sure there are no unallowed characters in the name.
[Licensing::Module] Trying to connect to existing licensing client channel...
Built from '6000.5/staging' branch; Version is '6000.5.9f1 (b57deb96f08d) revision 11894251'; Using compiler version '194234433'; Build Type 'Release'
[Licensing::IpcConnector] Successfully connected to: "LicenseClient-DreamNight" at "2026-09-11T15:53:57.2399053Z"
OS: 'Windows 11  (10.0.26200) CoreCountrySpecific' Language: 'zh' Physical Memory: 31928 MB
BatchMode: 1, IsHumanControllingUs: 0, StartBugReporterOnCrash: 0, Is64bit: 1
System  architecture: x64
Process architecture: x64
Date: 2026-09-11T15:53:57Z

COMMAND LINE ARGUMENTS:
C:\Program Files\Unity\Hub\Editor\6000.5.9f1\Editor\Unity.exe
-batchmode
-projectPath
C:/Users/DreamNight/Documents/01My/personal/TowerDefenseUnity
-executeMethod
ResultScreenVerification.Run
-logFile
.reports/result-screen-run.log
Successfully changed project path to: C:/Users/DreamNight/Documents/01My/personal/TowerDefenseUnity
C:/Users/DreamNight/Documents/01My/personal/TowerDefenseUnity
[UnityMemory] Configuration Parameters - Can be set up in boot.config
    "memorysetup-temp-allocator-size-gi-baking-worker=262144"
    "memorysetup-temp-allocator-size-gi-baking-worker=262144"
    "memorysetup-temp-allocator-size-gi-baking-worker=262144"
    "memorysetup-temp-allocator-size-gi-baking-worker=262144"
    "memorysetup-temp-allocator-size-gi-baking-worker=262144"
    "memorysetup-temp-allocator-size-nav-mesh-worker=65536"
    "memorysetup-temp-allocator-size-audio-worker=65536"
    "memorysetup-temp-allocator-size-cloud-worker=32768"
    "memorysetup-temp-allocator-size-gfx=262144"
    "memorysetup-remapper-allocator-initial-capacity=32768"
    "memorysetup-temp-allocator-size-preload-manager=33554432"
    "memorysetup-allocator-temp-initial-block-size-main=262144"
    "memorysetup-allocator-temp-initial-block-size-worker=262144"
    "memorysetup-temp-allocator-size-job-worker=262144"
    "memorysetup-temp-allocator-size-background-worker=32768"
    "memorysetup-bucket-allocator-granularity=16"
    "memorysetup-bucket-allocator-bucket-count=8"
    "memorysetup-bucket-allocator-block-size=33554432"
    "memorysetup-bucket-allocator-block-count=8"
    "memorysetup-main-allocator-block-size=16777216"
    "memorysetup-thread-allocator-block-size=16777216"
    "memorysetup-main-allocator-mimalloc-enabled=0"
    "memorysetup-gfx-main-allocator-block-size=16777216"
    "memorysetup-gfx-thread-allocator-block-size=16777216"
    "memorysetup-cache-allocator-block-size=4194304"
    "memorysetup-typetree-allocator-block-size=2097152"
    "memorysetup-profiler-bucket-allocator-granularity=16"
    "memorysetup-profiler-bucket-allocator-bucket-count=8"
    "memorysetup-profiler-bucket-allocator-block-size=33554432"
    "memorysetup-profiler-bucket-allocator-block-count=8"
    "memorysetup-profiler-allocator-block-size=16777216"
    "memorysetup-profiler-editor-allocator-block-size=1048576"
    "memorysetup-temp-allocator-size-main=16777216"
    "memorysetup-job-temp-allocator-block-size=2097152"
    "memorysetup-job-temp-allocator-block-size-background=1048576"
    "memorysetup-job-temp-allocator-reduction-small-platforms=262144"
Logging is directed to a specific file, skipping project log.Player connection [60320]  Target information:

Player connection [60320]  * "[IP] 10.161.162.125 [Port] 55504 [Flags] 2 [Guid] 2034841350 [EditorId] 2034841350 [Version] 1048832 [Id] WindowsEditor(7,DNT-ROG) [Debug] 1 [PackageName] WindowsEditor [ProjectName] Editor" 

Player connection [60320]  * "[IP] 100.70.23.8 [Port] 55504 [Flags] 2 [Guid] 2034841350 [EditorId] 2034841350 [Version] 1048832 [Id] WindowsEditor(7,DNT-ROG) [Debug] 1 [PackageName] WindowsEditor [ProjectName] Editor" 

Player connection [60320]  * "[IP] 198.18.0.1 [Port] 55504 [Flags] 2 [Guid] 2034841350 [EditorId] 2034841350 [Version] 1048832 [Id] WindowsEditor(7,DNT-ROG) [Debug] 1 [PackageName] WindowsEditor [ProjectName] Editor" 

Player connection [60320]  * "[IP] 10.163.162.190 [Port] 55504 [Flags] 2 [Guid] 2034841350 [EditorId] 2034841350 [Version] 1048832 [Id] WindowsEditor(7,DNT-ROG) [Debug] 1 [PackageName] WindowsEditor [ProjectName] Editor" 

Player connection [60320] Host joined multi-casting on [225.0.0.222:54997]...
Player connection [60320] Host joined alternative multi-casting on [225.0.0.222:34997]...
Input System module state changed to: Initialized.
[Physics::Module] Initialized fallback backend.
[Physics::Module] Id: 0xdecafbad
[Package Manager] Connected to IPC stream "Upm-58400" after 0.2 seconds.
[Licensing::Module] Licensing is not yet initialized.
[Licensing::Client] Error: HandshakeResponse reported an error:
	ResponseCode: 505
	ResponseStatus: Unsupported protocol version '1.18.3'.
[Licensing::Module] Error: Failed to handshake to channel: "LicenseClient-DreamNight"
[Licensing::IpcConnector] LicenseClient-DreamNight channel disconnected successfully.
[Licensing::IpcConnector] Channel LicenseClient-DreamNight-6000.5.9 doesn't exist
[Licensing::Module] Successfully launched the LicensingClient (PId: 27304)
Starting IPC server.
Waiting for clients to connect on \\.\pipe\Unity-LicenseClient-DreamNight-6000.5.9, press Ctrl-C to exit.
[Licensing::IpcConnector] Successfully connected to: "LicenseClient-DreamNight-6000.5.9" at "2026-09-11T15:53:58.6196459Z"
[Licensing::Client] Code 10 while verifying Licensing Client signature (process Id: 27304, path: "C:/Program Files/Unity/Hub/Editor/6000.5.9f1/Editor/Data/Resources/Licensing/Client/Unity.Licensing.Client.exe")
[Licensing::Module] LicensingClient has failed validation; ignoring
[Licensing::Client] Handshaking with LicensingClient:
  Version:                 1.18.3+d7ffd15
  Session Id:              7f4709f2b1b7472e8f44ace0b77ad18b
  Correlation Id:          9634667e6759d5c423e098c02ff8b147
  External correlation Id: 7658972299093690313
  Machine Id:              lpR/o6WFQFljK/3tZlA5ZACwwJc=
[Licensing::Module] Successfully connected to LicensingClient on channel: "LicenseClient-DreamNight-6000.5.9" (connect: 0.25s, validation: 0.14s, handshake: 0.01s)
[Licensing::IpcConnector] Successfully connected to: "LicenseClient-DreamNight-6000.5.9-notifications" at "2026-09-11T15:53:58.7689008Z"
[Licensing::Module] Connected to LicensingClient (PId: 27304, launch time: 0.00, total connection time: 0.39s)
[Licensing::Module] Error: Access token is unavailable; failed to update
[Licensing::Client] Successfully resolved entitlement details
[Licensing::Module] License group:
  Id: 18968485699489-UnityPersXXXX
  Product: Unity Personal
  Type: Assigned
  Expiration: Unlimited
[Licensing::Client] Successfully updated license, isAsync: True, time: 0.01
[Licensing::Client] Successfully resolved entitlement details
[Licensing::Module] Licensing Background thread has ended after 1.56s
[Licensing::Module] Licensing is initialized (took 1.18s).
[Licensing::Client] Successfully resolved entitlement details
Library Redirect Path: Library/
[Physics::Module] Selected backend.
[Physics::Module] Name: PhysX
[Physics::Module] Id: 0xf2b8ea05
[Physics::Module] SDK Version: 4.1.2
[Physics::Module] Integration Version: 1.0.0
[Physics::Module] Threading Mode: Multi-Threaded
Initialize engine version: 6000.5.9f1 (b57deb96f08d)
[Subsystems] Discovering subsystems at path C:/Program Files/Unity/Hub/Editor/6000.5.9f1/Editor/Data/Resources/UnitySubsystems
[Subsystems] Discovering subsystems at path C:/Users/DreamNight/Documents/01My/personal/TowerDefenseUnity/Assets
GfxDevice: creating device client; kGfxThreadingModeNonThreaded
d3d12: failed to query info queue interface (0x80004002).
Direct3D:
    Version:         Direct3D 12 [level 12.2]
    Renderer:        NVIDIA GeForce RTX 5070 Ti Laptop GPU (ID=0x2f58)
    Vendor:          NVIDIA
    VRAM:            11944 MB
    App VRAM Budget: 11176 MB
    Driver:          32.0.16.1656
Initialize mono
Mono path[0] = 'C:/Program Files/Unity/Hub/Editor/6000.5.9f1/Editor/Data/Managed'
Mono path[1] = 'C:/Program Files/Unity/Hub/Editor/6000.5.9f1/Editor/Data/BCLExtensions/runtime/netstandard2.1'
Mono path[2] = 'C:/Program Files/Unity/Hub/Editor/6000.5.9f1/Editor/Data/MonoBleedingEdge/lib/mono/unityjit-win32'
Mono config path = 'C:/Program Files/Unity/Hub/Editor/6000.5.9f1/Editor/Data/MonoBleedingEdge/etc'
Using monoOptions --debugger-agent=transport=dt_socket,embedding=1,server=y,suspend=n,address=127.0.0.1:56400
CodeReloadManager initialized
ImportWorker Server TCP listen port: 0
AcceleratorClientConnectionCallback - disconnected - :0
Begin MonoManager ReloadAssembly
Registering precompiled unity dll's ...
Register platform support module: C:/Program Files/Unity/Hub/Editor/6000.5.9f1/Editor/Data/PlaybackEngines/WebGLSupport/UnityEditor.WebGL.Extensions.dll
Register platform support module: C:/Program Files/Unity/Hub/Editor/6000.5.9f1/Editor/Data/PlaybackEngines/WindowsStandaloneSupport/UnityEditor.WindowsStandalone.Extensions.dll
Registered in 0.001923 seconds.
Native extension for WindowsStandalone target not found
Native extension for WebGL target not found
Package Manager log level set to [2]
ScheduleIndexationOnStartup MainProcess:False IndexOnStartup:True
Mono: successfully reloaded assembly
- Finished resetting the current domain, in  0.357 seconds
Domain Reload Profiling: 686ms
	BeginReloadAssembly (65ms)
		CreateAndSetChildDomain (4ms)
	RebuildCommonClasses (4ms)
	RebuildNativeTypeToScriptingClass (11ms)
	initialDomainReloadingComplete (47ms)
	LoadAllAssembliesAndSetupDomain (199ms)
		LoadAssemblies (59ms)
		AnalyzeDomain (142ms)
			TypeCache.Refresh (141ms)
				TypeCache.ScanAssembly (131ms)
	FinalizeReload (359ms)
		SetupLoadedEditorAssemblies (0ms)
			BeforeProcessingInitializeOnLoad (60ms)
			ProcessInitializeOnLoadAttributes (65ms)
			ProcessInitializeOnLoadMethodAttributes (178ms)
[Licensing::Client] Successfully resolved entitlement details
Application.AssetDatabase Initial Refresh Start
[Package Manager] Restoring resolved packages state from cache
[Licensing::Client] Successfully resolved entitlement details
[Package Manager] Registered 22 packages:
  Built-in packages:
    com.unity.modules.animation@1.0.0 (location: C:\Users\DreamNight\Documents\01My\personal\TowerDefenseUnity\Library\PackageCache\com.unity.modules.animation)
    com.unity.modules.audio@1.0.0 (location: C:\Users\DreamNight\Documents\01My\personal\TowerDefenseUnity\Library\PackageCache\com.unity.modules.audio)
    com.unity.modules.director@1.0.0 (location: C:\Users\DreamNight\Documents\01My\personal\TowerDefenseUnity\Library\PackageCache\com.unity.modules.director)
    com.unity.modules.imageconversion@1.0.0 (location: C:\Users\DreamNight\Documents\01My\personal\TowerDefenseUnity\Library\PackageCache\com.unity.modules.imageconversion)
    com.unity.modules.imgui@1.0.0 (location: C:\Users\DreamNight\Documents\01My\personal\TowerDefenseUnity\Library\PackageCache\com.unity.modules.imgui)
    com.unity.modules.jsonserialize@1.0.0 (location: C:\Users\DreamNight\Documents\01My\personal\TowerDefenseUnity\Library\PackageCache\com.unity.modules.jsonserialize)
    com.unity.modules.particlesystem@1.0.0 (location: C:\Users\DreamNight\Documents\01My\personal\TowerDefenseUnity\Library\PackageCache\com.unity.modules.particlesystem)
    com.unity.modules.physics@1.0.0 (location: C:\Users\DreamNight\Documents\01My\personal\TowerDefenseUnity\Library\PackageCache\com.unity.modules.physics)
    com.unity.modules.physics2d@1.0.0 (location: C:\Users\DreamNight\Documents\01My\personal\TowerDefenseUnity\Library\PackageCache\com.unity.modules.physics2d)
    com.unity.modules.screencapture@1.0.0 (location: C:\Users\DreamNight\Documents\01My\personal\TowerDefenseUnity\Library\PackageCache\com.unity.modules.screencapture)
    com.unity.modules.ui@1.0.0 (location: C:\Users\DreamNight\Documents\01My\personal\TowerDefenseUnity\Library\PackageCache\com.unity.modules.ui)
    com.unity.modules.uielements@1.0.0 (location: C:\Users\DreamNight\Documents\01My\personal\TowerDefenseUnity\Library\PackageCache\com.unity.modules.uielements)
    com.unity.ugui@2.5.0 (location: C:\Users\DreamNight\Documents\01My\personal\TowerDefenseUnity\Library\PackageCache\com.unity.ugui@1c4864518158)
    com.unity.modules.unitywebrequest@1.0.0 (location: C:\Users\DreamNight\Documents\01My\personal\TowerDefenseUnity\Library\PackageCache\com.unity.modules.unitywebrequest)
    com.unity.modules.unitywebrequestassetbundle@1.0.0 (location: C:\Users\DreamNight\Documents\01My\personal\TowerDefenseUnity\Library\PackageCache\com.unity.modules.unitywebrequestassetbundle)
    com.unity.modules.unitywebrequestaudio@1.0.0 (location: C:\Users\DreamNight\Documents\01My\personal\TowerDefenseUnity\Library\PackageCache\com.unity.modules.unitywebrequestaudio)
    com.unity.modules.unitywebrequesttexture@1.0.0 (location: C:\Users\DreamNight\Documents\01My\personal\TowerDefenseUnity\Library\PackageCache\com.unity.modules.unitywebrequesttexture)
    com.unity.modules.unitywebrequestwww@1.0.0 (location: C:\Users\DreamNight\Documents\01My\personal\TowerDefenseUnity\Library\PackageCache\com.unity.modules.unitywebrequestwww)
    com.unity.modules.video@1.0.0 (location: C:\Users\DreamNight\Documents\01My\personal\TowerDefenseUnity\Library\PackageCache\com.unity.modules.video)
    com.unity.modules.assetbundle@1.0.0 (location: C:\Users\DreamNight\Documents\01My\personal\TowerDefenseUnity\Library\PackageCache\com.unity.modules.assetbundle)
    com.unity.modules.hierarchycore@1.0.0 (location: C:\Users\DreamNight\Documents\01My\personal\TowerDefenseUnity\Library\PackageCache\com.unity.modules.hierarchycore)
    com.unity.modules.physicscore2d@1.0.0 (location: C:\Users\DreamNight\Documents\01My\personal\TowerDefenseUnity\Library\PackageCache\com.unity.modules.physicscore2d)
[Subsystems] No new subsystems found in resolved package list.
[Package Manager] Done registering packages in 0.01 seconds
[ScriptCompilation] Requested script compilation because: AssetDatabase observed changes in script compilation related files
info: Microsoft.Hosting.Lifetime[14]
      Now listening on: http://localhost:80
info: Microsoft.Hosting.Lifetime[0]
      Application started. Press Ctrl+C to shut down.
info: Microsoft.Hosting.Lifetime[0]
      Hosting environment: Production
info: Microsoft.Hosting.Lifetime[0]
      Content root path: C:\Users\DreamNight\Documents\01My\personal\TowerDefenseUnity
info: Microsoft.AspNetCore.Hosting.Diagnostics[1]
      Request starting HTTP/2 POST http://ilpp/UnityILPP.PostProcessing/Ping - application/grpc -
info: Microsoft.AspNetCore.Routing.EndpointMiddleware[0]
      Executing endpoint 'gRPC - /UnityILPP.PostProcessing/Ping'
info: Microsoft.AspNetCore.Routing.EndpointMiddleware[1]
      Executed endpoint 'gRPC - /UnityILPP.PostProcessing/Ping'
info: Microsoft.AspNetCore.Hosting.Diagnostics[2]
      Request finished HTTP/2 POST http://ilpp/UnityILPP.PostProcessing/Ping - 200 - application/grpc 20.2159ms
Starting: C:\Program Files\Unity\Hub\Editor\6000.5.9f1\Editor\Data\Tools\BuildPipeline\bee_backend.exe --ipc --defer-dag-verification --dagfile="Library/Bee/1900b0aE.dag" --continue-on-failure --profile="Library/Bee/backend1.traceevents" ScriptAssemblies
WorkingDir: C:/Users/DreamNight/Documents/01My/personal/TowerDefenseUnity
DisplayProgressbar: Compiling Scripts
Starting: C:\Program Files\Unity\Hub\Editor\6000.5.9f1\Editor\Data\netcorerun\netcorerun.exe "C:\Program Files\Unity\Hub\Editor\6000.5.9f1\Editor\Data\Tools\BuildPipeline\ScriptCompilationBuildProgram.exe" "Library/Bee/1900b0aE.dag.json" "Library/Bee/1900b0aE-inputdata.json" "Library\Bee\buildprogram0.traceevents"
WorkingDir: C:/Users/DreamNight/Documents/01My/personal/TowerDefenseUnity
ExitCode: 4 Duration: 1s351ms
Rebuilding DAG because FileSignature timestamp changed: Library/Bee/1900b0aE-inputdata.json
[216/222    1s] Csc Library/Bee/artifacts/1900b0aE.dag/Assembly-CSharp.dll (+2 others)
Assets\Scripts\Effects\BattleMusic.cs(33,17): warning CS0618: 'Object.FindFirstObjectByType<T>()' is obsolete: 'FindFirstObjectByType has been deprecated because it relies on instance ID ordering. Use FindAnyObjectByType instead, which does not depend on ordering.'

Assets\Scripts\Effects\BattleMusic.cs(38,25): warning CS0618: 'Object.FindFirstObjectByType<T>()' is obsolete: 'FindFirstObjectByType has been deprecated because it relies on instance ID ordering. Use FindAnyObjectByType instead, which does not depend on ordering.'

Assets\Scripts\Util\SpriteFactory.cs(179,19): warning CS0219: The variable 'half' is assigned but its value is never used
*** Tundra requires additional run (1.33 seconds), 1 items updated, 215 evaluated
ExitCode: 0 Duration: 0s192ms
Starting: C:\Program Files\Unity\Hub\Editor\6000.5.9f1\Editor\Data\Tools\BuildPipeline\bee_backend.exe --ipc --defer-dag-verification --dagfile="Library/Bee/1900b0aE.dag" --continue-on-failure --dagfilejson="Library\Bee\1900b0aE.dag.json" --profile="Library/Bee/backend2.traceevents" ScriptAssemblies
WorkingDir: C:/Users/DreamNight/Documents/01My/personal/TowerDefenseUnity
ExitCode: 0 Duration: 0s272ms
Finished compiling graph: 225 nodes, 1741 flattened edges (1647 ToBuild, 16 ToUse), maximum node priority 108
[184/222    0s] WriteText Library/Bee/artifacts/1900b0aE.dag/Assembly-CSharp-Editor.rsp
[217/222    0s] CopyFiles Library/ScriptAssemblies/Assembly-CSharp.dll
[218/222    0s] CopyFiles Library/ScriptAssemblies/Assembly-CSharp.pdb
[219/222    0s] Csc Library/Bee/artifacts/1900b0aE.dag/Assembly-CSharp-Editor.dll (+2 others)
Assets\Editor\ResultScreenVerification.cs(75,22): warning CS0618: 'Object.FindFirstObjectByType<T>()' is obsolete: 'FindFirstObjectByType has been deprecated because it relies on instance ID ordering. Use FindAnyObjectByType instead, which does not depend on ordering.'

Assets\Editor\BattleUiPlayVerification.cs(37,28): warning CS0618: 'Object.FindFirstObjectByType<T>()' is obsolete: 'FindFirstObjectByType has been deprecated because it relies on instance ID ordering. Use FindAnyObjectByType instead, which does not depend on ordering.'

Assets\Editor\BattleUiPlayVerification.cs(44,22): warning CS0618: 'Object.FindFirstObjectByType<T>()' is obsolete: 'FindFirstObjectByType has been deprecated because it relies on instance ID ordering. Use FindAnyObjectByType instead, which does not depend on ordering.'

Assets\Editor\MenuFlowVerification.cs(53,20): warning CS0618: 'Object.FindFirstObjectByType<T>()' is obsolete: 'FindFirstObjectByType has been deprecated because it relies on instance ID ordering. Use FindAnyObjectByType instead, which does not depend on ordering.'

Assets\Editor\MenuFlowVerification.cs(88,18): warning CS0618: 'Object.FindFirstObjectByType<T>()' is obsolete: 'FindFirstObjectByType has been deprecated because it relies on instance ID ordering. Use FindAnyObjectByType instead, which does not depend on ordering.'
[220/222    0s] CopyFiles Library/ScriptAssemblies/Assembly-CSharp-Editor.dll
[221/222    0s] CopyFiles Library/ScriptAssemblies/Assembly-CSharp-Editor.pdb
*** Tundra build success (0.24 seconds), 6 items updated, 222 evaluated
Assets\Scripts\Effects\BattleMusic.cs(33,17): warning CS0618: 'Object.FindFirstObjectByType<T>()' is obsolete: 'FindFirstObjectByType has been deprecated because it relies on instance ID ordering. Use FindAnyObjectByType instead, which does not depend on ordering.'
Assets\Scripts\Effects\BattleMusic.cs(38,25): warning CS0618: 'Object.FindFirstObjectByType<T>()' is obsolete: 'FindFirstObjectByType has been deprecated because it relies on instance ID ordering. Use FindAnyObjectByType instead, which does not depend on ordering.'
Assets\Scripts\Util\SpriteFactory.cs(179,19): warning CS0219: The variable 'half' is assigned but its value is never used
Assets\Editor\ResultScreenVerification.cs(75,22): warning CS0618: 'Object.FindFirstObjectByType<T>()' is obsolete: 'FindFirstObjectByType has been deprecated because it relies on instance ID ordering. Use FindAnyObjectByType instead, which does not depend on ordering.'
Assets\Editor\BattleUiPlayVerification.cs(37,28): warning CS0618: 'Object.FindFirstObjectByType<T>()' is obsolete: 'FindFirstObjectByType has been deprecated because it relies on instance ID ordering. Use FindAnyObjectByType instead, which does not depend on ordering.'
Assets\Editor\BattleUiPlayVerification.cs(44,22): warning CS0618: 'Object.FindFirstObjectByType<T>()' is obsolete: 'FindFirstObjectByType has been deprecated because it relies on instance ID ordering. Use FindAnyObjectByType instead, which does not depend on ordering.'
Assets\Editor\MenuFlowVerification.cs(53,20): warning CS0618: 'Object.FindFirstObjectByType<T>()' is obsolete: 'FindFirstObjectByType has been deprecated because it relies on instance ID ordering. Use FindAnyObjectByType instead, which does not depend on ordering.'
Assets\Editor\MenuFlowVerification.cs(88,18): warning CS0618: 'Object.FindFirstObjectByType<T>()' is obsolete: 'FindFirstObjectByType has been deprecated because it relies on instance ID ordering. Use FindAnyObjectByType instead, which does not depend on ordering.'
Total cache size 2011508
Total cache size after purge 2011508, took 00:00:00.0132558
AssetDatabase: script compilation time: 2.195394s
Begin MonoManager ReloadAssembly
Native extension for WindowsStandalone target not found
Native extension for WebGL target not found
ScheduleIndexationOnStartup MainProcess:True IndexOnStartup:True
Mono: successfully reloaded assembly
- Finished resetting the current domain, in  0.295 seconds
Domain Reload Profiling: 583ms
	BeginReloadAssembly (153ms)
		DisableScriptedObjects (22ms)
		CreateAndSetChildDomain (49ms)
	RebuildCommonClasses (7ms)
	RebuildNativeTypeToScriptingClass (11ms)
	initialDomainReloadingComplete (28ms)
	LoadAllAssembliesAndSetupDomain (87ms)
		LoadAssemblies (56ms)
		AnalyzeDomain (14ms)
			TypeCache.Refresh (8ms)
				TypeCache.ScanAssembly (4ms)
			BuildScriptInfoCaches (5ms)
	FinalizeReload (297ms)
		SetupLoadedEditorAssemblies (0ms)
			BeforeProcessingInitializeOnLoad (56ms)
			ProcessInitializeOnLoadAttributes (50ms)
			ProcessInitializeOnLoadMethodAttributes (49ms)
			AfterProcessingInitializeOnLoad (5ms)
		AwakeInstancesAfterBackupRestoration (23ms)
Starting new worker id: 0 with log in C:/Users/DreamNight/Documents/01My/personal/TowerDefenseUnity/Logs/AssetImportWorkerHW0.log

Asset Pipeline Refresh (id=74cd3fa92e636a44594fa4070dcf3171): Total: 2.988 seconds - Initiated by InitialRefreshV2(ForceSynchronousImport)
	(Values over 0.05ms)
	Summary:
		Imports: total=0 (actual=0, local cache=0, cache server=0)
		Asset DB Process Time: managed=0 ms, native=417 ms
		Asset DB Callback time: managed=39 ms, native=12 ms
		Scripting: domain reloads=1, domain reload time=310 ms, compile time=2197 ms, other=9 ms
		Project Asset Count: scripts=181, non-scripts=214
		Asset File Changes: new=1, changed=5, moved=0, deleted=0
		Scan Filter Count: 0
	InvokePackagesCallback: 9.350ms
	ApplyChangesToAssetFolders: 0.414ms
	Scan: 33.259ms
	Collect global state as custom dependencies: 7.935ms
	OnSourceAssetsModified: 0.585ms
	CategorizeScriptCompilationAssets: 0.934ms
	ProcessAssetsWithTransientArtifactChanges: 6.303ms
	CategorizeAssets: 2.841ms
	CompileScripts: 2197.177ms
	ImportOutOfDateAssets: 310.066ms (300.677ms without children)
		UnloadImportedAssets: 0.123ms
		ImportSchedulerStart: 9.225ms
	PostProcessAllAssets: 40.551ms
		VCAutoAddAssetPostprocess 0.811ms
		VersionControlSettings.HiddenFilePostprocess 0.088ms
		PostProcessCallbackCreateDeferredMaterials 0.050ms
		MonoPostProcessAllAssets: 38.946ms
			AssetPostprocessor.OnPostprocessAllAssets 11.009ms
			StyleCatalogPostProcessor.OnPostprocessAllAssets 6.112ms
			WindowAssetPostprocessingWatcher.OnPostprocessAllAssets 5.307ms
			BuilderAssetPostprocessor.OnPostprocessAllAssets 3.816ms
			AssetChangedListener.OnPostprocessAllAssets 1.393ms
			SyncVS.PostprocessSyncProject 0.932ms
			EditModeScopePostprocessor.OnPostprocessAllAssets 0.832ms
			RetainedModeAssetPostprocessor.OnPostprocessAllAssets 0.807ms
			SpeedTree9Postprocessor.OnPostprocessAllAssets 0.536ms
			ArtifactBrowserPostProcessor.OnPostprocessAllAssets 0.400ms
			TextAssetPostProcessor.OnPostprocessAllAssets 0.396ms
			TMPro_TexturePostProcessor.OnPostprocessAllAssets 0.211ms
			ReferencedClipsPostProcessor.OnPostprocessAllAssets 0.189ms
			AudioMixerPostprocessor.OnPostprocessAllAssets 0.187ms
			TerrainToolbarOverlayPostProcessor.OnPostprocessAllAssets 0.165ms
			AssetEvents.OnPostprocessAllAssets 0.145ms
			AssetDatabaseCallbacks.OnPostprocessAllAssets 0.116ms
			SpeedTreePostProcessor.OnPostprocessAllAssets 0.104ms
			ConfigAssetsTracker.OnPostprocessAllAssets 0.081ms
			ScenarioDriftAssetsTracker.OnPostprocessAllAssets 0.075ms
			RenderPipelineGlobalSettingsPostprocessor.OnPostprocessAllAssets 0.065ms
			AudioContainerPostProcessor.OnPostprocessAllAssets 0.052ms
	PostAssetChangesProfiler: 3.769ms
	UnloadStreamsBegin: 1.750ms
	GenerateScriptTypeHashes: 0.487ms
	GenerateScriptTypeSerializationHashes: 1.315ms
	Untracked: 366.855ms

Application.AssetDatabase Initial Refresh End
Launched and connected shader compiler UnityShaderCompiler.exe after 0.01 seconds
Scanning for USB devices : 4.613ms
Initializing Unity extensions:
[MODES] ModeService[none].Initialize
[MODES] ModeService[none].LoadModes
[MODES] Loading mode Default (0) for mode-current-id-TowerDefenseUnity
Unloading 3 Unused Serialized files (Serialized files now loaded: 0)
Unloading 471 unused Assets / (0.7 MB). Loaded Objects now: 1281.
Memory consumption went from 211.6 MB to 210.9 MB.
Total: 6.792700 ms (FindLiveObjects: 0.097500 ms CreateObjectMapping: 0.059800 ms MarkObjects: 3.907400 ms  DeleteObjects: 2.725900 ms)

[Project] Loading completed in 5.989 seconds
	Project init time: 				5.705 seconds
		Template init time: 		0.000 seconds
		Package Manager init time: 		1.351 seconds
		Asset Database init time: 		0.127 seconds
		Global illumination init time: 	0.002 seconds
		Assemblies load time: 			0.720 seconds
		Unity extensions init time: 	0.001 seconds
		Asset Database refresh time: 	2.988 seconds
	Scene opening time: 			0.075 seconds
##utp:{"type":"ProjectInfo","version":2,"phase":"Immediate","time":1789142043221,"processId":58400,"projectLoad":5.9892551,"projectInit":5.7050177,"templateInit":0.0,"packageManagerInit":1.3509071,"assetDatabaseInit":0.1272903,"globalIlluminationInit":0.0022093,"assembliesLoad":0.7201672,"unityExtensionsInit":0.0012056,"assetDatabaseRefresh":2.9882166,"sceneOpening":0.0745058}
##utp:{"type":"EditorInfo","version":2,"phase":"Immediate","time":1789142043221,"processId":58400,"editorVersion":"6000.5.9f1 (b57deb96f08d)","branch":"6000.5/staging","buildType":"Release","platform":"Windows"}
Reloading assemblies for play mode.
Reloading assemblies after forced synchronous recompile.
Begin MonoManager ReloadAssembly
Native extension for WindowsStandalone target not found
Native extension for WebGL target not found
ScheduleIndexationOnStartup MainProcess:True IndexOnStartup:True
Mono: successfully reloaded assembly
- Finished resetting the current domain, in  0.358 seconds
Domain Reload Profiling: 623ms
	BeginReloadAssembly (135ms)
		DisableScriptedObjects (27ms)
		CreateAndSetChildDomain (37ms)
	RebuildCommonClasses (7ms)
	RebuildNativeTypeToScriptingClass (12ms)
	initialDomainReloadingComplete (31ms)
	LoadAllAssembliesAndSetupDomain (78ms)
		LoadAssemblies (51ms)
		AnalyzeDomain (5ms)
			TypeCache.Refresh (2ms)
	FinalizeReload (360ms)
		SetupLoadedEditorAssemblies (0ms)
			BeforeProcessingInitializeOnLoad (63ms)
			ProcessInitializeOnLoadAttributes (50ms)
			ProcessInitializeOnLoadMethodAttributes (51ms)
			AfterProcessingInitializeOnLoad (5ms)
		AwakeInstancesAfterBackupRestoration (27ms)

Asset Pipeline Refresh (id=f742875684b912e41917706be9a64d84): Total: 0.739 seconds - Initiated by StopAssetImportingV2(ForceSynchronousImport | ForceDomainReload)
	(Values over 0.05ms)
	Summary:
		Imports: total=0 (actual=0, local cache=0, cache server=0)
		Asset DB Process Time: managed=0 ms, native=404 ms
		Asset DB Callback time: managed=33 ms, native=12 ms
		Scripting: domain reloads=1, domain reload time=287 ms, compile time=2 ms, other=0 ms
		Project Asset Count: scripts=181, non-scripts=214
		Asset File Changes: new=0, changed=0, moved=0, deleted=0
		Scan Filter Count: 0
	InvokePackagesCallback: 1.700ms
	ApplyChangesToAssetFolders: 0.133ms
	Collect global state as custom dependencies: 1.025ms
	ProcessAssetsWithTransientArtifactChanges: 9.325ms
	CategorizeAssets: 2.421ms
	CompileScripts: 1.522ms
	ImportOutOfDateAssets: 362.140ms (361.110ms without children)
		UnloadImportedAssets: 0.150ms
		ImportSchedulerStart: 0.827ms
	PostProcessAllAssets: 42.874ms
		PostProcessCallbackCreateDeferredMaterials 1.121ms
		ShaderAssetModifiedCallback 0.573ms
		RaytracingShaderImportPostprocess 0.199ms
		ComputeShaderImportPostprocess 0.189ms
		SpeedTreeImporter.PostprocessAllAssets 0.167ms
		LocalizationDatabase.AssetDatabasePostprocessCallback 0.104ms
		AssemblyValidation.PostprocessAllAssets 0.084ms
		BlockShaderImporter.PostprocessAllAssets 0.084ms
		MonoPostProcessAllAssets: 32.896ms
			StyleCatalogPostProcessor.OnPostprocessAllAssets 5.997ms
			AssetPostprocessor.OnPostprocessAllAssets 5.325ms
			WindowAssetPostprocessingWatcher.OnPostprocessAllAssets 5.066ms
			BuilderAssetPostprocessor.OnPostprocessAllAssets 3.641ms
			AssetChangedListener.OnPostprocessAllAssets 1.554ms
			TextAssetPostProcessor.OnPostprocessAllAssets 1.067ms
			SyncVS.PostprocessSyncProject 0.916ms
			RetainedModeAssetPostprocessor.OnPostprocessAllAssets 0.818ms
			SpeedTree9Postprocessor.OnPostprocessAllAssets 0.653ms
			EditModeScopePostprocessor.OnPostprocessAllAssets 0.356ms
			ArtifactBrowserPostProcessor.OnPostprocessAllAssets 0.345ms
			TMPro_TexturePostProcessor.OnPostprocessAllAssets 0.216ms
			ReferencedClipsPostProcessor.OnPostprocessAllAssets 0.181ms
			AudioMixerPostprocessor.OnPostprocessAllAssets 0.176ms
			AssetEvents.OnPostprocessAllAssets 0.157ms
			TerrainToolbarOverlayPostProcessor.OnPostprocessAllAssets 0.136ms
			AssetDatabaseCallbacks.OnPostprocessAllAssets 0.108ms
			SpeedTreePostProcessor.OnPostprocessAllAssets 0.107ms
			ConfigAssetsTracker.OnPostprocessAllAssets 0.075ms
			ScenarioDriftAssetsTracker.OnPostprocessAllAssets 0.071ms
			RenderPipelineGlobalSettingsPostprocessor.OnPostprocessAllAssets 0.060ms
	PostAssetChangesProfiler: 2.176ms
	GenerateScriptTypeHashes: 0.535ms
	GenerateScriptTypeSerializationHashes: 1.286ms
	Untracked: 307.139ms

Sprite Tiling might not appear correctly because the Sprite used is not generated with Full Rect. To fix this, change the Mesh Type in the Sprite's import setting to Full Rect
UnityEngine.Debug:ExtractStackTraceNoAlloc (byte*,int,string)
UnityEngine.StackTraceUtility:ExtractStackTrace ()
UnityEngine.SpriteRenderer:set_drawMode (UnityEngine.SpriteDrawMode)
TowerDefense.Effects.WorldAmbience:BuildStars (UnityEngine.Transform) (at Assets/Scripts/Effects/WorldAmbience.cs:79)
TowerDefense.Effects.WorldAmbience:Build (UnityEngine.Transform) (at Assets/Scripts/Effects/WorldAmbience.cs:53)
TowerDefense.Effects.WorldAmbience:Create (UnityEngine.Transform) (at Assets/Scripts/Effects/WorldAmbience.cs:47)
TowerDefense.Core.GameManager:CreateWorld () (at Assets/Scripts/Core/GameManager.cs:194)
TowerDefense.Core.GameManager:Awake () (at Assets/Scripts/Core/GameManager.cs:102)
UnityEngine.GameObject:Internal_AddComponentWithType (System.Type)
UnityEngine.GameObject:AddComponent (System.Type)
UnityEngine.GameObject:AddComponent<TowerDefense.Core.GameManager> ()
TowerDefense.Core.GameBootstrap:AutoStart () (at Assets/Scripts/Core/GameBootstrap.cs:17)

[Assets/Scripts/Core/GameBootstrap.cs line 17]

Worker ready: AssetImportWorkerHW0 0
Sprite Tiling might not appear correctly because the Sprite used is not generated with Full Rect. To fix this, change the Mesh Type in the Sprite's import setting to Full Rect
UnityEngine.Debug:ExtractStackTraceNoAlloc (byte*,int,string)
UnityEngine.StackTraceUtility:ExtractStackTrace ()
UnityEngine.SpriteRenderer:set_drawMode (UnityEngine.SpriteDrawMode)
TowerDefense.Systems.MapSystem:BuildBoard (UnityEngine.Transform) (at Assets/Scripts/Systems/MapSystem.cs:155)
TowerDefense.Systems.MapSystem:Init (UnityEngine.Transform) (at Assets/Scripts/Systems/MapSystem.cs:35)
TowerDefense.Core.GameManager:CreateWorld () (at Assets/Scripts/Core/GameManager.cs:200)
TowerDefense.Core.GameManager:Awake () (at Assets/Scripts/Core/GameManager.cs:102)
UnityEngine.GameObject:Internal_AddComponentWithType (System.Type)
UnityEngine.GameObject:AddComponent (System.Type)
UnityEngine.GameObject:AddComponent<TowerDefense.Core.GameManager> ()
TowerDefense.Core.GameBootstrap:AutoStart () (at Assets/Scripts/Core/GameBootstrap.cs:17)

[Assets/Scripts/Core/GameBootstrap.cs line 17]

Loaded scene 'Temp/__Backupscenes/0.backup'
	Deserialize:            0.301 ms
	Integration:            1267.267 ms
	Integration of assets:  0.002 ms
	Thread Wait Time:       0.013 ms
	Total Operation Time:   1267.583 ms
[MODES] ModeService[none].Initialize
[MODES] ModeService[none].LoadModes
Start Indexing on Editor startup
[Indexing] Starting Initial Indexing for Assets
Created GICache directory at C:/Users/DreamNight/AppData/LocalLow/Unity/Caches/GiCache. Took: 0.012s, timestamps: [8.127 - 8.139]
[Licensing::Client] Successfully resolved entitlement details
Sprite Tiling might not appear correctly because the Sprite used is not generated with Full Rect. To fix this, change the Mesh Type in the Sprite's import setting to Full Rect
UnityEngine.Debug:ExtractStackTraceNoAlloc (byte*,int,string)
UnityEngine.StackTraceUtility:ExtractStackTrace ()
UnityEngine.SpriteRenderer:set_drawMode (UnityEngine.SpriteDrawMode)
TowerDefense.Effects.WorldAmbience:BuildStars (UnityEngine.Transform) (at Assets/Scripts/Effects/WorldAmbience.cs:79)
TowerDefense.Effects.WorldAmbience:Build (UnityEngine.Transform) (at Assets/Scripts/Effects/WorldAmbience.cs:53)
TowerDefense.Effects.WorldAmbience:Create (UnityEngine.Transform) (at Assets/Scripts/Effects/WorldAmbience.cs:47)
TowerDefense.Core.GameManager:CreateWorld () (at Assets/Scripts/Core/GameManager.cs:194)
TowerDefense.Core.GameManager:BeginRun (int,bool) (at Assets/Scripts/Core/GameManager.cs:711)
ResultScreenVerification:Tick () (at Assets/Editor/ResultScreenVerification.cs:69)
UnityEditor.EditorApplication:Internal_CallUpdateFunctions ()

[Assets/Scripts/Core/GameManager.cs line 194]

Sprite Tiling might not appear correctly because the Sprite used is not generated with Full Rect. To fix this, change the Mesh Type in the Sprite's import setting to Full Rect
UnityEngine.Debug:ExtractStackTraceNoAlloc (byte*,int,string)
UnityEngine.StackTraceUtility:ExtractStackTrace ()
UnityEngine.SpriteRenderer:set_drawMode (UnityEngine.SpriteDrawMode)
TowerDefense.Systems.MapSystem:BuildBoard (UnityEngine.Transform) (at Assets/Scripts/Systems/MapSystem.cs:155)
TowerDefense.Systems.MapSystem:Init (UnityEngine.Transform) (at Assets/Scripts/Systems/MapSystem.cs:35)
TowerDefense.Core.GameManager:CreateWorld () (at Assets/Scripts/Core/GameManager.cs:200)
TowerDefense.Core.GameManager:BeginRun (int,bool) (at Assets/Scripts/Core/GameManager.cs:711)
ResultScreenVerification:Tick () (at Assets/Editor/ResultScreenVerification.cs:69)
UnityEditor.EditorApplication:Internal_CallUpdateFunctions ()

[Assets/Scripts/Core/GameManager.cs line 200]

Request timed out while processing request "https://public-cdn.cloud.unity3d.com/config/production", HTTP error code 0
.[UnityConnect] Request timed out.
TrimDiskCacheJob: Current cache size 0mb
RESULT_SCREEN PASS state=Victory grade=Φ kills=34 lives=10
UnityEngine.Debug:ExtractStackTraceNoAlloc (byte*,int,string)
UnityEngine.StackTraceUtility:ExtractStackTrace ()
UnityEngine.DebugLogHandler:Internal_Log (UnityEngine.LogType,UnityEngine.LogOption,string,UnityEngine.Object)
UnityEngine.DebugLogHandler:LogFormat (UnityEngine.LogType,UnityEngine.Object,string,object[])
UnityEngine.Logger:Log (UnityEngine.LogType,object)
UnityEngine.Debug:Log (object)
ResultScreenVerification:Tick () (at Assets/Editor/ResultScreenVerification.cs:99)
UnityEditor.EditorApplication:Internal_CallUpdateFunctions ()

(Filename: Assets/Editor/ResultScreenVerification.cs Line: 99)

MonoPathRemapper: Attempts to remap: 2942; Successful remaps: 1292
Serialized file version minimum: 23, current 23
[Physics::Module] Cleanup current backend.
[Physics::Module] Id: 0xf2b8ea05
Input System module state changed to: ShutdownInProgress.
Input Polling Thread exited.
Input System module state changed to: Shutdown.
[Licensing::IpcConnector] LicenseClient-DreamNight-6000.5.9-notifications channel disconnected successfully.
[Licensing::IpcConnector] LicenseClient-DreamNight-6000.5.9 channel disconnected successfully.
Shut down.
Lingering sessions upon destruction of worker manager
AcceleratorClientConnectionCallback - disconnected - :0
Cleanup mono
CodeReloadManager destroyed
abort_threads: Failed aborting id: 000000000000125C, mono_thread_manage will ignore it

abort_threads: Failed aborting id: 000000000000CFF4, mono_thread_manage will ignore it

abort_threads: Failed aborting id: 000000000000125C, mono_thread_manage will ignore it

abort_threads: Failed aborting id: 000000000000CFF4, mono_thread_manage will ignore it

debugger-agent: Unable to listen on 5068
Checking for leaked weakptr:
  Found no leaked weakptrs.
[Package Manager] Server process was shutdown
##utp:{"type":"MemoryLeaks","version":2,"phase":"Immediate","time":1789142085910,"processId":58400,"allocatedMemory":11973886,"memoryLabels":[{"Default":187124},{"Permanent":15516},{"NewDelete":66985},{"Thread":4205176},{"Manager":39559},{"VertexData":8},{"Geometry":816},{"Texture":24},{"Shader":840457},{"Material":24},{"GfxDevice":57848},{"Animation":952},{"FreeType":8},{"FontEngine":736},{"Physics":2146},{"Physics2D":16},{"Serialization":1016},{"Input":42840},{"JobScheduler":256},{"TextLib":280},{"Mono":48},{"ScriptingNativeRuntime":674964},{"BaseObject":1719720},{"Resource":1208},{"Renderer":3080},{"Transform":4685},{"File":4013},{"WebCam":616},{"Culling":32},{"Terrain":11442},{"Wind":24},{"STL":40},{"String":22326},{"StaticString":3808},{"Utility":2675958},{"Curl":1828},{"PoolAlloc":2168},{"AI":80},{"TypeTree":17165},{"CodeReload":448},{"RuntimeInitializeOnLoadManager":64},{"Sprites":102},{"SpriteAtlas":120},{"GI":7816},{"Director":8296},{"CloudService":9656},{"WebRequest":552},{"VR":47114},{"SceneManager":608},{"Video":208},{"LazyScriptCache":32},{"Camera":17},{"Secure":2377},{"SerializationCache":1576},{"APIUpdating":10320},{"Subsystems":336},{"VirtualTexturing":57888},{"StaticSafetyDebugInfo":278528},{"Analytics":552},{"Hierarchy":1176},{"UIElements":72},{"CoreStats":13688},{"Identifiers":6768},{"Gui":128},{"EditorUtility":111428},{"VersionControl":8},{"Undo":931},{"AssetDatabase":753713},{"AssetImporter":40},{"EditorGi":328},{"UnityConnect":38892},{"Upm":1912},{"UpmDiagnostics":8},{"AssetCompliance":64},{"DrivenProperties":72},{"LocalIPC":216},{"ProfilerEditor":9746},{"CoreBusinessMetrics":3486},{"Windowing":456},{"Licensing":664},{"AssetReference":32},{"IPCStream":32}]}
