.reports is not a valid directory name. Please make sure there are no unallowed characters in the name.
.reports is not a valid directory name. Please make sure there are no unallowed characters in the name.
[Licensing::Module] Trying to connect to existing licensing client channel...
[Licensing::IpcConnector] Successfully connected to: "LicenseClient-DreamNight" at "2026-09-10T04:40:22.0653439Z"
Built from '6000.5/staging' branch; Version is '6000.5.9f1 (b57deb96f08d) revision 11894251'; Using compiler version '194234433'; Build Type 'Release'
OS: 'Windows 11  (10.0.26200) CoreCountrySpecific' Language: 'zh' Physical Memory: 31928 MB
BatchMode: 1, IsHumanControllingUs: 0, StartBugReporterOnCrash: 0, Is64bit: 1
System  architecture: x64
Process architecture: x64
Date: 2026-09-10T04:40:22Z

COMMAND LINE ARGUMENTS:
C:\Program Files\Unity\Hub\Editor\6000.5.9f1\Editor\Unity.exe
-batchmode
-projectPath
C:/Users/DreamNight/Documents/01My/personal/TowerDefenseUnity
-executeMethod
BattleUiPlayVerification.Run
-logFile
C:/Users/DreamNight/Documents/01My/personal/TowerDefenseUnity/.reports/touhou-verification.log
Successfully changed project path to: C:/Users/DreamNight/Documents/01My/personal/TowerDefenseUnity
C:/Users/DreamNight/Documents/01My/personal/TowerDefenseUnity
[UnityMemory] Configuration Parameters - Can be set up in boot.config
    "memorysetup-temp-allocator-size-gi-baking-worker=262144"
    "memorysetup-temp-allocator-size-gi-baking-worker=262144"
    "memorysetup-temp-allocator-size-gi-baking-worker=262144"
    "memorysetup-temp-allocator-size-gi-baking-worker=262144"
    "memorysetup-temp-allocator-size-gi-baking-worker=262144"
    "memorysetup-temp-allocator-size-nav-mesh-worker=65536"
    "memorysetup-temp-allocator-size-audio-worker=65536"
    "memorysetup-temp-allocator-size-cloud-worker=32768"
    "memorysetup-temp-allocator-size-gfx=262144"
    "memorysetup-remapper-allocator-initial-capacity=32768"
    "memorysetup-temp-allocator-size-preload-manager=33554432"
    "memorysetup-allocator-temp-initial-block-size-main=262144"
    "memorysetup-allocator-temp-initial-block-size-worker=262144"
    "memorysetup-temp-allocator-size-job-worker=262144"
    "memorysetup-temp-allocator-size-background-worker=32768"
    "memorysetup-bucket-allocator-granularity=16"
    "memorysetup-bucket-allocator-bucket-count=8"
    "memorysetup-bucket-allocator-block-size=33554432"
    "memorysetup-bucket-allocator-block-count=8"
    "memorysetup-main-allocator-block-size=16777216"
    "memorysetup-thread-allocator-block-size=16777216"
    "memorysetup-main-allocator-mimalloc-enabled=0"
    "memorysetup-gfx-main-allocator-block-size=16777216"
    "memorysetup-gfx-thread-allocator-block-size=16777216"
    "memorysetup-cache-allocator-block-size=4194304"
    "memorysetup-typetree-allocator-block-size=2097152"
    "memorysetup-profiler-bucket-allocator-granularity=16"
    "memorysetup-profiler-bucket-allocator-bucket-count=8"
    "memorysetup-profiler-bucket-allocator-block-size=33554432"
    "memorysetup-profiler-bucket-allocator-block-count=8"
    "memorysetup-profiler-allocator-block-size=16777216"
    "memorysetup-profiler-editor-allocator-block-size=1048576"
    "memorysetup-temp-allocator-size-main=16777216"
    "memorysetup-job-temp-allocator-block-size=2097152"
    "memorysetup-job-temp-allocator-block-size-background=1048576"
    "memorysetup-job-temp-allocator-reduction-small-platforms=262144"
Logging is directed to a specific file, skipping project log.Player connection [45152]  Target information:

Player connection [45152]  * "[IP] 10.161.162.125 [Port] 55504 [Flags] 2 [Guid] 512287293 [EditorId] 512287293 [Version] 1048832 [Id] WindowsEditor(7,DNT-ROG) [Debug] 1 [PackageName] WindowsEditor [ProjectName] Editor" 

Player connection [45152]  * "[IP] 100.70.23.8 [Port] 55504 [Flags] 2 [Guid] 512287293 [EditorId] 512287293 [Version] 1048832 [Id] WindowsEditor(7,DNT-ROG) [Debug] 1 [PackageName] WindowsEditor [ProjectName] Editor" 

Player connection [45152]  * "[IP] 198.18.0.1 [Port] 55504 [Flags] 2 [Guid] 512287293 [EditorId] 512287293 [Version] 1048832 [Id] WindowsEditor(7,DNT-ROG) [Debug] 1 [PackageName] WindowsEditor [ProjectName] Editor" 

Player connection [45152]  * "[IP] 10.163.162.190 [Port] 55504 [Flags] 2 [Guid] 512287293 [EditorId] 512287293 [Version] 1048832 [Id] WindowsEditor(7,DNT-ROG) [Debug] 1 [PackageName] WindowsEditor [ProjectName] Editor" 

Player connection [45152] Host joined multi-casting on [225.0.0.222:54997]...
Player connection [45152] Host joined alternative multi-casting on [225.0.0.222:34997]...
Input System module state changed to: Initialized.
[Physics::Module] Initialized fallback backend.
[Physics::Module] Id: 0xdecafbad
[Package Manager] Connected to IPC stream "Upm-32292" after 0.3 seconds.
[Licensing::Module] Licensing is not yet initialized.
[Licensing::Client] Error: HandshakeResponse reported an error:
	ResponseCode: 505
	ResponseStatus: Unsupported protocol version '1.18.3'.
[Licensing::Module] Error: Failed to handshake to channel: "LicenseClient-DreamNight"
[Licensing::IpcConnector] LicenseClient-DreamNight channel disconnected successfully.
[Licensing::IpcConnector] Channel LicenseClient-DreamNight-6000.5.9 doesn't exist
[Licensing::Module] Successfully launched the LicensingClient (PId: 40716)
[Licensing::IpcConnector] Successfully connected to: "LicenseClient-DreamNight-6000.5.9" at "2026-09-10T04:40:24.1232895Z"
[Licensing::Client] Code 10 while verifying Licensing Client signature (process Id: 40716, path: "C:/Program Files/Unity/Hub/Editor/6000.5.9f1/Editor/Data/Resources/Licensing/Client/Unity.Licensing.Client.exe")
[Licensing::Module] LicensingClient has failed validation; ignoring
[Licensing::Client] Handshaking with LicensingClient:
  Version:                 1.18.3+d7ffd15
  Session Id:              1d25e019fc4a47a68ad59a1b8ca09e78
  Correlation Id:          5e0d7a49dd6d6e69ad388d4b6d907772
  External correlation Id: 4068432886542742472
  Machine Id:              lpR/o6WFQFljK/3tZlA5ZACwwJc=
[Licensing::Module] Successfully connected to LicensingClient on channel: "LicenseClient-DreamNight-6000.5.9" (connect: 0.57s, validation: 0.41s, handshake: 0.01s)
[Licensing::IpcConnector] Successfully connected to: "LicenseClient-DreamNight-6000.5.9-notifications" at "2026-09-10T04:40:24.5389087Z"
[Licensing::Module] Connected to LicensingClient (PId: 40716, launch time: 0.00, total connection time: 0.98s)
[Licensing::Module] Error: Access token is unavailable; failed to update
[Licensing::Client] Successfully resolved entitlement details
[Licensing::Module] License group:
  Id: 18968485699489-UnityPersXXXX
  Product: Unity Personal
  Type: Assigned
  Expiration: Unlimited
[Licensing::Client] Successfully updated license, isAsync: True, time: 0.01
[Licensing::Client] Successfully resolved entitlement details
[Licensing::Module] Licensing Background thread has ended after 2.54s
[Licensing::Module] Licensing is initialized (took 2.02s).
[Licensing::Client] Successfully resolved entitlement details
Library Redirect Path: Library/
[Physics::Module] Selected backend.
[Physics::Module] Name: PhysX
[Physics::Module] Id: 0xf2b8ea05
[Physics::Module] SDK Version: 4.1.2
[Physics::Module] Integration Version: 1.0.0
[Physics::Module] Threading Mode: Multi-Threaded
Initialize engine version: 6000.5.9f1 (b57deb96f08d)
[Subsystems] Discovering subsystems at path C:/Program Files/Unity/Hub/Editor/6000.5.9f1/Editor/Data/Resources/UnitySubsystems
[Subsystems] Discovering subsystems at path C:/Users/DreamNight/Documents/01My/personal/TowerDefenseUnity/Assets
GfxDevice: creating device client; kGfxThreadingModeNonThreaded
d3d12: failed to query info queue interface (0x80004002).
Direct3D:
    Version:         Direct3D 12 [level 12.2]
    Renderer:        NVIDIA GeForce RTX 5070 Ti Laptop GPU (ID=0x2f58)
    Vendor:          NVIDIA
    VRAM:            11944 MB
    App VRAM Budget: 11176 MB
    Driver:          32.0.16.1656
Initialize mono
Mono path[0] = 'C:/Program Files/Unity/Hub/Editor/6000.5.9f1/Editor/Data/Managed'
Mono path[1] = 'C:/Program Files/Unity/Hub/Editor/6000.5.9f1/Editor/Data/BCLExtensions/runtime/netstandard2.1'
Mono path[2] = 'C:/Program Files/Unity/Hub/Editor/6000.5.9f1/Editor/Data/MonoBleedingEdge/lib/mono/unityjit-win32'
Mono config path = 'C:/Program Files/Unity/Hub/Editor/6000.5.9f1/Editor/Data/MonoBleedingEdge/etc'
Using monoOptions --debugger-agent=transport=dt_socket,embedding=1,server=y,suspend=n,address=127.0.0.1:56292
CodeReloadManager initialized
ImportWorker Server TCP listen port: 0
AcceleratorClientConnectionCallback - disconnected - :0
Begin MonoManager ReloadAssembly
Registering precompiled unity dll's ...
Register platform support module: C:/Program Files/Unity/Hub/Editor/6000.5.9f1/Editor/Data/PlaybackEngines/WebGLSupport/UnityEditor.WebGL.Extensions.dll
Register platform support module: C:/Program Files/Unity/Hub/Editor/6000.5.9f1/Editor/Data/PlaybackEngines/WindowsStandaloneSupport/UnityEditor.WindowsStandalone.Extensions.dll
Registered in 0.001883 seconds.
Native extension for WindowsStandalone target not found
Native extension for WebGL target not found
Package Manager log level set to [2]
ScheduleIndexationOnStartup MainProcess:False IndexOnStartup:True
Mono: successfully reloaded assembly
- Finished resetting the current domain, in  0.344 seconds
Domain Reload Profiling: 689ms
	BeginReloadAssembly (77ms)
		CreateAndSetChildDomain (12ms)
	RebuildCommonClasses (4ms)
	RebuildNativeTypeToScriptingClass (11ms)
	initialDomainReloadingComplete (49ms)
	LoadAllAssembliesAndSetupDomain (202ms)
		LoadAssemblies (62ms)
		AnalyzeDomain (144ms)
			TypeCache.Refresh (143ms)
				TypeCache.ScanAssembly (133ms)
	FinalizeReload (346ms)
		SetupLoadedEditorAssemblies (0ms)
			BeforeProcessingInitializeOnLoad (60ms)
			ProcessInitializeOnLoadAttributes (63ms)
			ProcessInitializeOnLoadMethodAttributes (170ms)
[Licensing::Client] Successfully resolved entitlement details
Application.AssetDatabase Initial Refresh Start
[Package Manager] Restoring resolved packages state from cache
[Licensing::Client] Successfully resolved entitlement details
[Package Manager] Registered 22 packages:
  Built-in packages:
    com.unity.modules.animation@1.0.0 (location: C:\Users\DreamNight\Documents\01My\personal\TowerDefenseUnity\Library\PackageCache\com.unity.modules.animation)
    com.unity.modules.audio@1.0.0 (location: C:\Users\DreamNight\Documents\01My\personal\TowerDefenseUnity\Library\PackageCache\com.unity.modules.audio)
    com.unity.modules.director@1.0.0 (location: C:\Users\DreamNight\Documents\01My\personal\TowerDefenseUnity\Library\PackageCache\com.unity.modules.director)
    com.unity.modules.imageconversion@1.0.0 (location: C:\Users\DreamNight\Documents\01My\personal\TowerDefenseUnity\Library\PackageCache\com.unity.modules.imageconversion)
    com.unity.modules.imgui@1.0.0 (location: C:\Users\DreamNight\Documents\01My\personal\TowerDefenseUnity\Library\PackageCache\com.unity.modules.imgui)
    com.unity.modules.jsonserialize@1.0.0 (location: C:\Users\DreamNight\Documents\01My\personal\TowerDefenseUnity\Library\PackageCache\com.unity.modules.jsonserialize)
    com.unity.modules.particlesystem@1.0.0 (location: C:\Users\DreamNight\Documents\01My\personal\TowerDefenseUnity\Library\PackageCache\com.unity.modules.particlesystem)
    com.unity.modules.physics@1.0.0 (location: C:\Users\DreamNight\Documents\01My\personal\TowerDefenseUnity\Library\PackageCache\com.unity.modules.physics)
    com.unity.modules.physics2d@1.0.0 (location: C:\Users\DreamNight\Documents\01My\personal\TowerDefenseUnity\Library\PackageCache\com.unity.modules.physics2d)
    com.unity.modules.screencapture@1.0.0 (location: C:\Users\DreamNight\Documents\01My\personal\TowerDefenseUnity\Library\PackageCache\com.unity.modules.screencapture)
    com.unity.modules.ui@1.0.0 (location: C:\Users\DreamNight\Documents\01My\personal\TowerDefenseUnity\Library\PackageCache\com.unity.modules.ui)
    com.unity.modules.uielements@1.0.0 (location: C:\Users\DreamNight\Documents\01My\personal\TowerDefenseUnity\Library\PackageCache\com.unity.modules.uielements)
    com.unity.ugui@2.5.0 (location: C:\Users\DreamNight\Documents\01My\personal\TowerDefenseUnity\Library\PackageCache\com.unity.ugui@1c4864518158)
    com.unity.modules.unitywebrequest@1.0.0 (location: C:\Users\DreamNight\Documents\01My\personal\TowerDefenseUnity\Library\PackageCache\com.unity.modules.unitywebrequest)
    com.unity.modules.unitywebrequestassetbundle@1.0.0 (location: C:\Users\DreamNight\Documents\01My\personal\TowerDefenseUnity\Library\PackageCache\com.unity.modules.unitywebrequestassetbundle)
    com.unity.modules.unitywebrequestaudio@1.0.0 (location: C:\Users\DreamNight\Documents\01My\personal\TowerDefenseUnity\Library\PackageCache\com.unity.modules.unitywebrequestaudio)
    com.unity.modules.unitywebrequesttexture@1.0.0 (location: C:\Users\DreamNight\Documents\01My\personal\TowerDefenseUnity\Library\PackageCache\com.unity.modules.unitywebrequesttexture)
    com.unity.modules.unitywebrequestwww@1.0.0 (location: C:\Users\DreamNight\Documents\01My\personal\TowerDefenseUnity\Library\PackageCache\com.unity.modules.unitywebrequestwww)
    com.unity.modules.video@1.0.0 (location: C:\Users\DreamNight\Documents\01My\personal\TowerDefenseUnity\Library\PackageCache\com.unity.modules.video)
    com.unity.modules.assetbundle@1.0.0 (location: C:\Users\DreamNight\Documents\01My\personal\TowerDefenseUnity\Library\PackageCache\com.unity.modules.assetbundle)
    com.unity.modules.hierarchycore@1.0.0 (location: C:\Users\DreamNight\Documents\01My\personal\TowerDefenseUnity\Library\PackageCache\com.unity.modules.hierarchycore)
    com.unity.modules.physicscore2d@1.0.0 (location: C:\Users\DreamNight\Documents\01My\personal\TowerDefenseUnity\Library\PackageCache\com.unity.modules.physicscore2d)
[Subsystems] No new subsystems found in resolved package list.
[Package Manager] Done registering packages in 0.01 seconds
[ScriptCompilation] Requested script compilation because: AssetDatabase observed changes in script compilation related files
Starting: C:\Program Files\Unity\Hub\Editor\6000.5.9f1\Editor\Data\Tools\BuildPipeline\bee_backend.exe --ipc --defer-dag-verification --dagfile="Library/Bee/1900b0aE.dag" --continue-on-failure --profile="Library/Bee/backend1.traceevents" ScriptAssemblies
WorkingDir: C:/Users/DreamNight/Documents/01My/personal/TowerDefenseUnity
DisplayProgressbar: Compiling Scripts
ExitCode: 4 Duration: 1s633ms
Rebuilding DAG because FileSignature timestamp changed: Library/Bee/1900b0aE-inputdata.json
*** Tundra requires additional run (1.60 seconds), 1 items updated, 215 evaluated
Starting: C:\Program Files\Unity\Hub\Editor\6000.5.9f1\Editor\Data\netcorerun\netcorerun.exe "C:\Program Files\Unity\Hub\Editor\6000.5.9f1\Editor\Data\Tools\BuildPipeline\ScriptCompilationBuildProgram.exe" "Library/Bee/1900b0aE.dag.json" "Library/Bee/1900b0aE-inputdata.json" "Library\Bee\buildprogram0.traceevents"
WorkingDir: C:/Users/DreamNight/Documents/01My/personal/TowerDefenseUnity
ExitCode: 0 Duration: 0s891ms
Starting: C:\Program Files\Unity\Hub\Editor\6000.5.9f1\Editor\Data\Tools\BuildPipeline\bee_backend.exe --ipc --defer-dag-verification --dagfile="Library/Bee/1900b0aE.dag" --continue-on-failure --dagfilejson="Library\Bee\1900b0aE.dag.json" --profile="Library/Bee/backend2.traceevents" ScriptAssemblies
WorkingDir: C:/Users/DreamNight/Documents/01My/personal/TowerDefenseUnity
ExitCode: 0 Duration: 2s233ms
Finished compiling graph: 225 nodes, 1741 flattened edges (1647 ToBuild, 16 ToUse), maximum node priority 108
[184/222    0s] WriteText Library/Bee/artifacts/1900b0aE.dag/Assembly-CSharp.rsp
[216/222    0s] Csc Library/Bee/artifacts/1900b0aE.dag/Assembly-CSharp.dll (+2 others)
Assets\Scripts\Effects\BattleMusic.cs(23,17): warning CS0618: 'Object.FindFirstObjectByType<T>()' is obsolete: 'FindFirstObjectByType has been deprecated because it relies on instance ID ordering. Use FindAnyObjectByType instead, which does not depend on ordering.'

Assets\Scripts\Effects\BattleMusic.cs(28,25): warning CS0618: 'Object.FindFirstObjectByType<T>()' is obsolete: 'FindFirstObjectByType has been deprecated because it relies on instance ID ordering. Use FindAnyObjectByType instead, which does not depend on ordering.'

Assets\Scripts\Util\SpriteFactory.cs(179,19): warning CS0219: The variable 'half' is assigned but its value is never used
[217/222    0s] CopyFiles Library/ScriptAssemblies/Assembly-CSharp.pdb
[218/222    0s] CopyFiles Library/ScriptAssemblies/Assembly-CSharp.dll
[219/222    1s] Csc Library/Bee/artifacts/1900b0aE.dag/Assembly-CSharp-Editor.dll (+2 others)
Assets\Editor\BattleUiPlayVerification.cs(35,22): warning CS0618: 'Object.FindFirstObjectByType<T>()' is obsolete: 'FindFirstObjectByType has been deprecated because it relies on instance ID ordering. Use FindAnyObjectByType instead, which does not depend on ordering.'
[220/222    0s] CopyFiles Library/ScriptAssemblies/Assembly-CSharp-Editor.pdb
[221/222    0s] CopyFiles Library/ScriptAssemblies/Assembly-CSharp-Editor.dll
*** Tundra build success (2.21 seconds), 7 items updated, 222 evaluated
Assets\Scripts\Effects\BattleMusic.cs(23,17): warning CS0618: 'Object.FindFirstObjectByType<T>()' is obsolete: 'FindFirstObjectByType has been deprecated because it relies on instance ID ordering. Use FindAnyObjectByType instead, which does not depend on ordering.'
Assets\Scripts\Effects\BattleMusic.cs(28,25): warning CS0618: 'Object.FindFirstObjectByType<T>()' is obsolete: 'FindFirstObjectByType has been deprecated because it relies on instance ID ordering. Use FindAnyObjectByType instead, which does not depend on ordering.'
Assets\Scripts\Util\SpriteFactory.cs(179,19): warning CS0219: The variable 'half' is assigned but its value is never used
Assets\Editor\BattleUiPlayVerification.cs(35,22): warning CS0618: 'Object.FindFirstObjectByType<T>()' is obsolete: 'FindFirstObjectByType has been deprecated because it relies on instance ID ordering. Use FindAnyObjectByType instead, which does not depend on ordering.'
Total cache size 2011508
Total cache size after purge 2011508, took 00:00:00.0137490
AssetDatabase: script compilation time: 5.296043s
'Assets/Resources/Audio/stage1.mp3' Amount of processed bytes '6291456' does not match file size '6029312'
Begin MonoManager ReloadAssembly
'Assets/Resources/Audio/stage1.mp3' Amount of processed bytes '6324224' does not match file size '6291456'
Importing 'GUID: a3808b9b9d018b840933b78efa5d127c - Path: Assets/Resources/Audio' with importer (DefaultImporter)
Imported 'GUID: a3808b9b9d018b840933b78efa5d127c' -> (Import Result ID: '02785d482d0232616c87127a5b273a34') in 0.022 seconds [static dependencies only]. Details - ImportResultOutputID=0b2c83dcf1e775fd35f6c9d45cb0ae96 DependenciesID=48eac9cdf804dc4189d96b10059768e4 StaticDependenciesID=72a510eb792816712a2eb3b53ef30a01 
Native extension for WindowsStandalone target not found
Native extension for WebGL target not found
ScheduleIndexationOnStartup MainProcess:True IndexOnStartup:True
Mono: successfully reloaded assembly
- Finished resetting the current domain, in  0.289 seconds
Domain Reload Profiling: 611ms
	BeginReloadAssembly (153ms)
		DisableScriptedObjects (24ms)
		CreateAndSetChildDomain (42ms)
	RebuildCommonClasses (7ms)
	RebuildNativeTypeToScriptingClass (12ms)
	initialDomainReloadingComplete (32ms)
	LoadAllAssembliesAndSetupDomain (116ms)
		LoadAssemblies (89ms)
		AnalyzeDomain (14ms)
			TypeCache.Refresh (8ms)
				TypeCache.ScanAssembly (4ms)
			BuildScriptInfoCaches (4ms)
	FinalizeReload (291ms)
		SetupLoadedEditorAssemblies (0ms)
			BeforeProcessingInitializeOnLoad (54ms)
			ProcessInitializeOnLoadAttributes (49ms)
			ProcessInitializeOnLoadMethodAttributes (48ms)
			AfterProcessingInitializeOnLoad (6ms)
		AwakeInstancesAfterBackupRestoration (24ms)
'Assets/Resources/Audio/stage1.mp3' Amount of processed bytes '6340608' does not match file size '6324224'
Importing 'GUID: e0e10fbed36f2f149abd977c90bddabe - Path: Assets/Resources/Audio/stage1.mp3' with importer (AudioImporter)
Errors during import of AudioClip Assets/Resources/Audio/stage1.mp3:
FSBTool ERROR: Internal error from FMOD sub-system.
FSBTool ERROR: Internal error from FMOD sub-system.
Imported 'GUID: e0e10fbed36f2f149abd977c90bddabe' -> (Import Result ID: '00000000000000000000000000000000') in 0.163 seconds
Import Error Code:(4)
Message: Build asset version error: assets/resources/audio/stage1.mp3 in SourceAssetDB has modification time of '2026-09-10T04:40:32.3856647Z' while content on disk has modification time of '2026-09-10T04:40:32.6296789Z'
Importing 'GUID: e0e10fbed36f2f149abd977c90bddabe - Path: Assets/Resources/Audio/stage1.mp3' with importer (AudioImporter)
Errors during import of AudioClip Assets/Resources/Audio/stage1.mp3:
FSBTool ERROR: Internal error from FMOD sub-system.
FSBTool ERROR: Internal error from FMOD sub-system.
Imported 'GUID: e0e10fbed36f2f149abd977c90bddabe' -> (Import Result ID: 'b0b92f0c21f84ee609537bf2b281fa91') in 0.054 seconds [static and dynamic dependencies]. Details - ImportResultOutputID=627a49adff2ab5b98aa1c979f2a0f98b DependenciesID=dcc8dddab0bd564098c21b10375303a3 StaticDependenciesID=6b2df5155acfef13cc6191f9e06506fe 
Importing 'GUID: 71f2df1405b89e349b2ec69f40d90911 - Path: Assets/Resources/Audio/stage4.mp3' with importer (AudioImporter)
Imported 'GUID: 71f2df1405b89e349b2ec69f40d90911' -> (Import Result ID: '5197abb491ac6d33dd2546e02687157f') in 3.000 seconds [static and dynamic dependencies]. Details - ImportResultOutputID=8a2ab4a8583fc17dca9760a0d3564173 DependenciesID=aff3f0545e06794ce9f6fe2a928d11af StaticDependenciesID=3bbc9bed79ef6cc890a62bfb6b68818e 
Importing 'GUID: f3d1e3374c0c76f44bf9773a1d97dd33 - Path: Assets/Resources/Audio/stage5.mp3' with importer (AudioImporter)
Imported 'GUID: f3d1e3374c0c76f44bf9773a1d97dd33' -> (Import Result ID: '624f61da20f08e8c8eae3eda1dc8987a') in 3.094 seconds [static and dynamic dependencies]. Details - ImportResultOutputID=ef8220d9ca6c5f744c8ae60fb56a3b64 DependenciesID=126c87cfdbf0ecffc84c2cf24f54596a StaticDependenciesID=0f26f5d27a6164388061d328d47b3fda 
Importing 'GUID: 27ba678ec9e3f924d9cee98f1b00c165 - Path: Assets/Resources/Audio/stage3.mp3' with importer (AudioImporter)
Imported 'GUID: 27ba678ec9e3f924d9cee98f1b00c165' -> (Import Result ID: 'fd8fdf613e8a274777d6cbdeb6fa3fe4') in 2.352 seconds [static and dynamic dependencies]. Details - ImportResultOutputID=1e646afc32c4bd1ffb42290d2a51479d DependenciesID=bc7134bcaa96f3be5b0d47ef3630f623 StaticDependenciesID=0ec8e80de932638a5a565be18c4427fe 
Importing 'GUID: b84d0f00278b7564eb4739de1ebdf1c1 - Path: Assets/Resources/Audio/stage2.mp3' with importer (AudioImporter)
Imported 'GUID: b84d0f00278b7564eb4739de1ebdf1c1' -> (Import Result ID: '4f782c61700f61fef069d66e8ddea92c') in 3.482 seconds [static and dynamic dependencies]. Details - ImportResultOutputID=1bc65558fed4db0cc13fcf0f93a96787 DependenciesID=2f6d0cfc1758a44547e23163ca93a7ed StaticDependenciesID=3d406916bfbcca54379937e535bb6566 
Importing 'GUID: 0f00a1325201a4c42b7d0b7b45ab8b0a - Path: Assets/Resources/Audio/stage1-retry.mp3' with importer (AudioImporter)
Imported 'GUID: 0f00a1325201a4c42b7d0b7b45ab8b0a' -> (Import Result ID: '00000000000000000000000000000000') in 2.973 seconds
Import Error Code:(4)
Message: Build asset version error: assets/resources/audio/stage1-retry.mp3 in SourceAssetDB has modification time of '2026-09-10T04:39:44.8917996Z' while content on disk has modification time of '0001-01-01T00:00:00Z' with error code 2
Stacktrace:
0x00007ff95922fd4b (Unity) StackWalker::ShowCallstack
0x00007ff9592319c3 (Unity) PlatformStacktrace::GetStacktrace
0x00007ff959246365 (Unity) Stacktrace::GetStacktrace
0x00007ff9563f8370 (Unity) GetAssetHashAndValidate
0x00007ff9563f6f85 (Unity) AssetVersionBuilder::BuildHashOfSourceAssetArray
0x00007ff9563f530a (Unity) AssetVersionBuilder::BuildAssetVersion
0x00007ff9563ae964 (Unity) CreateAssetVersionBuilder
0x00007ff9563b67e0 (Unity) ImportToObjects
0x00007ff9563b5158 (Unity) ImportAsset
0x00007ff95641c5af (Unity) AssetImportWorker::Import
0x00007ff956428a40 (Unity) AssetImportManager::ImportInProcess
0x00007ff956427d09 (Unity) AssetImportManager::Import
0x00007ff956455ecf (Unity) ImportOutOfDateAssets
0x00007ff95645ec35 (Unity) RefreshInternalV2
0x00007ff956468721 (Unity) StopAssetImportingV2Internal
0x00007ff9564564f8 (Unity) InitialRefreshV2
0x00007ff956499748 (Unity) AssetDatabase::InitialRefresh
0x00007ff957125e34 (Unity) Application::InitializeProject
0x00007ff956a19313 (Unity) UnityMain
0x00007ff640952f2a (Unity) __scrt_common_main_seh
0x00007ffaed22cd87 (KERNEL32) BaseThreadInitThunk
0x00007ffaed74caec (ntdll) RtlUserThreadStart

A meta data file (.meta) exists but its asset 'Assets/Resources/Audio/stage1-retry.mp3' can't be found. When moving or deleting files outside of Unity, please ensure that the corresponding .meta file is moved or deleted along with it.
Importing 'GUID: e0e10fbed36f2f149abd977c90bddabe - Path: Assets/Resources/Audio/stage1.mp3' with importer (AudioImporter)
Imported 'GUID: e0e10fbed36f2f149abd977c90bddabe' -> (Import Result ID: '33c2df827087e058c6fce2cd61580d15') in 2.625 seconds [static and dynamic dependencies]. Details - ImportResultOutputID=69ccf59ca37003bed351bde128d39320 DependenciesID=59988d46f4ebe95098cbe7bfc02fb0c5 StaticDependenciesID=62c3fd13455ec7749c92099d0d7170bf 
Starting new worker id: 0 with log in C:/Users/DreamNight/Documents/01My/personal/TowerDefenseUnity/Logs/AssetImportWorkerHW0.log

Asset Pipeline Refresh (id=28f0cb436acf60742a60043737f02434): Total: 24.539 seconds - Initiated by InitialRefreshV2(ForceSynchronousImport)
	(Values over 0.05ms)
	Summary:
		Imports: total=7 (actual=9, local cache=18446744073709551614, cache server=0)
		Asset DB Process Time: managed=3 ms, native=18815 ms
		Asset DB Callback time: managed=41 ms, native=24 ms
		Scripting: domain reloads=1, domain reload time=343 ms, compile time=5297 ms, other=10 ms
		Project Asset Count: scripts=181, non-scripts=214
		Asset File Changes: new=8, changed=18, moved=0, deleted=1
		Scan Filter Count: 0
	InvokePackagesCallback: 25.465ms
	ApplyChangesToAssetFolders: 0.423ms
	Scan: 109.111ms
	Collect global state as custom dependencies: 8.963ms
	OnSourceAssetsModified: 1.376ms
	CategorizeScriptCompilationAssets: 0.997ms
	ProcessAssetsWithTransientArtifactChanges: 6.310ms
	CategorizeAssets: 3.358ms
	CompileScripts: 5297.421ms
	ImportOutOfDateAssets: 18078.289ms (295.965ms without children)
		ImportManagerImport: 17770.882ms (3.026ms without children)
			UpdateCategorizedAssets: 0.115ms
		UnloadImportedAssets: 0.476ms
		EnsureUptoDateAssetsAreRegisteredWithGuidPM: 0.083ms
		ImportSchedulerStart: 10.854ms
	PostProcessAllAssets: 41.820ms
		VersionControlSettings.HiddenFilePostprocess 0.233ms
		PostProcessCallbackCreateDeferredMaterials 0.052ms
		MonoPostProcessAllAssets: 40.395ms
			StyleCatalogPostProcessor.OnPostprocessAllAssets 13.021ms
			AssetPostprocessor.OnPostprocessAllAssets 11.423ms
			BuilderAssetPostprocessor.OnPostprocessAllAssets 3.510ms
			AssetChangedListener.OnPostprocessAllAssets 1.499ms
			SyncVS.PostprocessSyncProject 0.946ms
			RetainedModeAssetPostprocessor.OnPostprocessAllAssets 0.891ms
			EditModeScopePostprocessor.OnPostprocessAllAssets 0.666ms
			SpeedTree9Postprocessor.OnPostprocessAllAssets 0.557ms
			ArtifactBrowserPostProcessor.OnPostprocessAllAssets 0.372ms
			TextAssetPostProcessor.OnPostprocessAllAssets 0.260ms
			ReferencedClipsPostProcessor.OnPostprocessAllAssets 0.185ms
			AudioMixerPostprocessor.OnPostprocessAllAssets 0.183ms
			TMPro_TexturePostProcessor.OnPostprocessAllAssets 0.181ms
			TerrainToolbarOverlayPostProcessor.OnPostprocessAllAssets 0.172ms
			AssetEvents.OnPostprocessAllAssets 0.156ms
			SpeedTreePostProcessor.OnPostprocessAllAssets 0.104ms
			AssetDatabaseCallbacks.OnPostprocessAllAssets 0.085ms
			WindowAssetPostprocessingWatcher.OnPostprocessAllAssets 0.083ms
			ConfigAssetsTracker.OnPostprocessAllAssets 0.079ms
			ScenarioDriftAssetsTracker.OnPostprocessAllAssets 0.069ms
			RenderPipelineGlobalSettingsPostprocessor.OnPostprocessAllAssets 0.064ms
	PostAssetChangesProfiler: 0.749ms
	UnloadStreamsBegin: 1.592ms
	PersistCurrentRevisions: 0.089ms
	GenerateScriptTypeHashes: 0.312ms
	GenerateScriptTypeSerializationHashes: 0.870ms
	Untracked: 955.864ms

Application.AssetDatabase Initial Refresh End
Launched and connected shader compiler UnityShaderCompiler.exe after 0.03 seconds
Scanning for USB devices : 6.824ms
Initializing Unity extensions:
[MODES] ModeService[none].Initialize
[MODES] ModeService[none].LoadModes
[MODES] Loading mode Default (0) for mode-current-id-TowerDefenseUnity
Unloading 3 Unused Serialized files (Serialized files now loaded: 0)
Unloading 460 unused Assets / (0.7 MB). Loaded Objects now: 1272.
Memory consumption went from 214.3 MB to 213.6 MB.
Total: 7.401300 ms (FindLiveObjects: 0.105600 ms CreateObjectMapping: 0.054700 ms MarkObjects: 4.501700 ms  DeleteObjects: 2.736700 ms)

BATTLE_UI_VERIFY PASS: neutral button base; minimum reference canvas preserved
UnityEngine.Debug:ExtractStackTraceNoAlloc (byte*,int,string)
UnityEngine.StackTraceUtility:ExtractStackTrace ()
UnityEngine.DebugLogHandler:Internal_Log (UnityEngine.LogType,UnityEngine.LogOption,string,UnityEngine.Object)
UnityEngine.DebugLogHandler:LogFormat (UnityEngine.LogType,UnityEngine.Object,string,object[])
UnityEngine.Logger:Log (UnityEngine.LogType,object)
UnityEngine.Debug:Log (object)
BattleUiVerification:Run () (at Assets/Editor/BattleUiVerification.cs:25)
BattleUiPlayVerification:Run () (at Assets/Editor/BattleUiPlayVerification.cs:23)

(Filename: Assets/Editor/BattleUiVerification.cs Line: 25)

[Project] Loading completed in 29.112 seconds
	Project init time: 				28.632 seconds
		Template init time: 		0.000 seconds
		Package Manager init time: 		2.270 seconds
		Asset Database init time: 		0.121 seconds
		Global illumination init time: 	0.002 seconds
		Assemblies load time: 			0.723 seconds
		Unity extensions init time: 	0.001 seconds
		Asset Database refresh time: 	24.539 seconds
	Scene opening time: 			0.210 seconds
##utp:{"type":"ProjectInfo","version":2,"phase":"Immediate","time":1789015251168,"processId":32292,"projectLoad":29.1117423,"projectInit":28.6316763,"templateInit":0.0,"packageManagerInit":2.2702195,"assetDatabaseInit":0.1205282,"globalIlluminationInit":0.0020641,"assembliesLoad":0.723185,"unityExtensionsInit":0.001426,"assetDatabaseRefresh":24.5388807,"sceneOpening":0.2098852}
##utp:{"type":"EditorInfo","version":2,"phase":"Immediate","time":1789015251168,"processId":32292,"editorVersion":"6000.5.9f1 (b57deb96f08d)","branch":"6000.5/staging","buildType":"Release","platform":"Windows"}
Reloading assemblies for play mode.
Reloading assemblies after forced synchronous recompile.
Begin MonoManager ReloadAssembly
Native extension for WindowsStandalone target not found
Native extension for WebGL target not found
ScheduleIndexationOnStartup MainProcess:True IndexOnStartup:True
Mono: successfully reloaded assembly
- Finished resetting the current domain, in  0.375 seconds
Domain Reload Profiling: 667ms
	BeginReloadAssembly (149ms)
		DisableScriptedObjects (28ms)
		CreateAndSetChildDomain (41ms)
	RebuildCommonClasses (8ms)
	RebuildNativeTypeToScriptingClass (13ms)
	initialDomainReloadingComplete (34ms)
	LoadAllAssembliesAndSetupDomain (86ms)
		LoadAssemblies (57ms)
		AnalyzeDomain (5ms)
			TypeCache.Refresh (2ms)
	FinalizeReload (377ms)
		SetupLoadedEditorAssemblies (0ms)
			BeforeProcessingInitializeOnLoad (64ms)
			ProcessInitializeOnLoadAttributes (52ms)
			ProcessInitializeOnLoadMethodAttributes (52ms)
			AfterProcessingInitializeOnLoad (7ms)
		AwakeInstancesAfterBackupRestoration (28ms)
Worker ready: AssetImportWorkerHW0 0

Asset Pipeline Refresh (id=e7b7bd47152fe934cb161abf669015c9): Total: 0.796 seconds - Initiated by StopAssetImportingV2(ForceSynchronousImport | ForceDomainReload)
	(Values over 0.05ms)
	Summary:
		Imports: total=0 (actual=0, local cache=0, cache server=0)
		Asset DB Process Time: managed=0 ms, native=423 ms
		Asset DB Callback time: managed=36 ms, native=17 ms
		Scripting: domain reloads=1, domain reload time=317 ms, compile time=2 ms, other=0 ms
		Project Asset Count: scripts=181, non-scripts=214
		Asset File Changes: new=0, changed=0, moved=0, deleted=0
		Scan Filter Count: 0
	InvokePackagesCallback: 1.708ms
	ApplyChangesToAssetFolders: 0.127ms
	Collect global state as custom dependencies: 1.107ms
	ProcessAssetsWithTransientArtifactChanges: 9.559ms
	CategorizeAssets: 2.526ms
	CompileScripts: 1.582ms
	ImportOutOfDateAssets: 379.686ms (378.278ms without children)
		CollectScriptTypesHashes: 0.247ms
		ReloadNativeAssets: 0.253ms
		UnloadImportedAssets: 0.179ms
		EnsureUptoDateAssetsAreRegisteredWithGuidPM: 0.056ms
		ImportSchedulerStart: 0.915ms
	PostProcessAllAssets: 50.181ms
		PostProcessCallbackCreateDeferredMaterials 1.176ms
		ShaderAssetModifiedCallback 0.616ms
		RaytracingShaderImportPostprocess 0.212ms
		ComputeShaderImportPostprocess 0.205ms
		SpeedTreeImporter.PostprocessAllAssets 0.188ms
		LocalizationDatabase.AssetDatabasePostprocessCallback 0.107ms
		AssemblyValidation.PostprocessAllAssets 0.091ms
		BlockShaderImporter.PostprocessAllAssets 0.089ms
		MonoPostProcessAllAssets: 35.901ms
			StyleCatalogPostProcessor.OnPostprocessAllAssets 6.747ms
			AssetPostprocessor.OnPostprocessAllAssets 5.801ms
			WindowAssetPostprocessingWatcher.OnPostprocessAllAssets 5.504ms
			BuilderAssetPostprocessor.OnPostprocessAllAssets 3.939ms
			AssetChangedListener.OnPostprocessAllAssets 1.674ms
			SyncVS.PostprocessSyncProject 1.193ms
			TextAssetPostProcessor.OnPostprocessAllAssets 1.123ms
			RetainedModeAssetPostprocessor.OnPostprocessAllAssets 0.874ms
			SpeedTree9Postprocessor.OnPostprocessAllAssets 0.694ms
			ArtifactBrowserPostProcessor.OnPostprocessAllAssets 0.401ms
			EditModeScopePostprocessor.OnPostprocessAllAssets 0.365ms
			TMPro_TexturePostProcessor.OnPostprocessAllAssets 0.232ms
			ReferencedClipsPostProcessor.OnPostprocessAllAssets 0.209ms
			AudioMixerPostprocessor.OnPostprocessAllAssets 0.195ms
			AssetEvents.OnPostprocessAllAssets 0.179ms
			TerrainToolbarOverlayPostProcessor.OnPostprocessAllAssets 0.147ms
			SpeedTreePostProcessor.OnPostprocessAllAssets 0.114ms
			AssetDatabaseCallbacks.OnPostprocessAllAssets 0.114ms
			ConfigAssetsTracker.OnPostprocessAllAssets 0.076ms
			ScenarioDriftAssetsTracker.OnPostprocessAllAssets 0.076ms
			RenderPipelineGlobalSettingsPostprocessor.OnPostprocessAllAssets 0.065ms
			AudioContainerPostProcessor.OnPostprocessAllAssets 0.053ms
	PostAssetChangesProfiler: 2.941ms
	UnloadStreamsBegin: 0.107ms
	GenerateScriptTypeHashes: 1.045ms
	GenerateScriptTypeSerializationHashes: 2.400ms
	Untracked: 337.274ms

Loaded scene 'Temp/__Backupscenes/0.backup'
	Deserialize:            0.332 ms
	Integration:            1128.836 ms
	Integration of assets:  0.001 ms
	Thread Wait Time:       0.014 ms
	Total Operation Time:   1129.183 ms
[Package Manager] The "path" argument must be of type string. Received undefined
[MODES] ModeService[none].Initialize
[MODES] ModeService[none].LoadModes
[Package Manager] The "path" argument must be of type string. Received undefined
Start Indexing on Editor startup
[Indexing] Starting Initial Indexing for Assets
Created GICache directory at C:/Users/DreamNight/AppData/LocalLow/Unity/Caches/GiCache. Took: 0.018s, timestamps: [31.218 - 31.235]
[Package Manager] The "path" argument must be of type string. Received undefined
BATTLE_UI_PLAY PASS: bootstrap, pause overlay, restart; screenshots captured
UnityEngine.Debug:ExtractStackTraceNoAlloc (byte*,int,string)
UnityEngine.StackTraceUtility:ExtractStackTrace ()
UnityEngine.DebugLogHandler:Internal_Log (UnityEngine.LogType,UnityEngine.LogOption,string,UnityEngine.Object)
UnityEngine.DebugLogHandler:LogFormat (UnityEngine.LogType,UnityEngine.Object,string,object[])
UnityEngine.Logger:Log (UnityEngine.LogType,object)
UnityEngine.Debug:Log (object)
BattleUiPlayVerification:Tick () (at Assets/Editor/BattleUiPlayVerification.cs:61)
UnityEditor.EditorApplication:Internal_CallUpdateFunctions ()

(Filename: Assets/Editor/BattleUiPlayVerification.cs Line: 61)

MonoPathRemapper: Attempts to remap: 2935; Successful remaps: 1292
Serialized file version minimum: 23, current 23
[Physics::Module] Cleanup current backend.
[Physics::Module] Id: 0xf2b8ea05
Input System module state changed to: ShutdownInProgress.
Input Polling Thread exited.
Input System module state changed to: Shutdown.
[Licensing::IpcConnector] LicenseClient-DreamNight-6000.5.9-notifications channel disconnected successfully.
[Licensing::IpcConnector] LicenseClient-DreamNight-6000.5.9 channel disconnected successfully.
Lingering sessions upon destruction of worker manager
AcceleratorClientConnectionCallback - disconnected - :0
Cleanup mono
CodeReloadManager destroyed
Checking for leaked weakptr:
  Found no leaked weakptrs.
[Package Manager] Server process was shutdown
##utp:{"type":"MemoryLeaks","version":2,"phase":"Immediate","time":1789015261565,"processId":32292,"allocatedMemory":11910554,"memoryLabels":[{"Default":196104},{"Permanent":15516},{"NewDelete":66867},{"Thread":4205176},{"Manager":39493},{"VertexData":8},{"Geometry":816},{"Texture":24},{"Shader":840457},{"Material":24},{"GfxDevice":57848},{"Animation":952},{"FreeType":8},{"FontEngine":736},{"Physics":2146},{"Physics2D":16},{"Serialization":1016},{"Input":42840},{"JobScheduler":256},{"TextLib":280},{"Mono":48},{"ScriptingNativeRuntime":674964},{"BaseObject":1651728},{"Resource":1208},{"Renderer":3080},{"Transform":4685},{"File":4013},{"WebCam":616},{"Culling":32},{"Terrain":11442},{"Wind":24},{"STL":40},{"String":28835},{"StaticString":3808},{"Utility":2675958},{"Curl":2594},{"PoolAlloc":2168},{"AI":80},{"TypeTree":17165},{"CodeReload":448},{"RuntimeInitializeOnLoadManager":64},{"Sprites":102},{"SpriteAtlas":120},{"GI":7816},{"Director":8296},{"CloudService":10808},{"WebRequest":552},{"VR":47114},{"SceneManager":608},{"Video":208},{"LazyScriptCache":32},{"Camera":17},{"Secure":2377},{"SerializationCache":1576},{"APIUpdating":10320},{"Subsystems":336},{"VirtualTexturing":57888},{"StaticSafetyDebugInfo":278528},{"Analytics":552},{"Hierarchy":1176},{"UIElements":72},{"CoreStats":13688},{"Identifiers":6768},{"Gui":128},{"EditorUtility":97572},{"VersionControl":8},{"Undo":931},{"AssetDatabase":753793},{"AssetImporter":40},{"EditorGi":328},{"UnityConnect":38929},{"Upm":1912},{"UpmDiagnostics":8},{"AssetCompliance":64},{"DrivenProperties":72},{"LocalIPC":216},{"ProfilerEditor":9746},{"CoreBusinessMetrics":3486},{"Windowing":456},{"Licensing":664},{"AssetReference":32},{"IPCStream":32}]}
