.reports is not a valid directory name. Please make sure there are no unallowed characters in the name.
.reports is not a valid directory name. Please make sure there are no unallowed characters in the name.
[Licensing::Module] Trying to connect to existing licensing client channel...
[Licensing::IpcConnector] Successfully connected to: "LicenseClient-DreamNight" at "2026-09-10T04:42:36.1020063Z"
Built from '6000.5/staging' branch; Version is '6000.5.9f1 (b57deb96f08d) revision 11894251'; Using compiler version '194234433'; Build Type 'Release'
OS: 'Windows 11  (10.0.26200) CoreCountrySpecific' Language: 'zh' Physical Memory: 31928 MB
BatchMode: 1, IsHumanControllingUs: 0, StartBugReporterOnCrash: 0, Is64bit: 1
System  architecture: x64
Process architecture: x64
Date: 2026-09-10T04:42:36Z

COMMAND LINE ARGUMENTS:
C:\Program Files\Unity\Hub\Editor\6000.5.9f1\Editor\Unity.exe
-batchmode
-projectPath
C:/Users/DreamNight/Documents/01My/personal/TowerDefenseUnity
-executeMethod
BattleUiPlayVerification.Run
-logFile
C:/Users/DreamNight/Documents/01My/personal/TowerDefenseUnity/.reports/touhou-final-verification.log
Successfully changed project path to: C:/Users/DreamNight/Documents/01My/personal/TowerDefenseUnity
C:/Users/DreamNight/Documents/01My/personal/TowerDefenseUnity
[UnityMemory] Configuration Parameters - Can be set up in boot.config
    "memorysetup-temp-allocator-size-gi-baking-worker=262144"
    "memorysetup-temp-allocator-size-gi-baking-worker=262144"
    "memorysetup-temp-allocator-size-gi-baking-worker=262144"
    "memorysetup-temp-allocator-size-gi-baking-worker=262144"
    "memorysetup-temp-allocator-size-gi-baking-worker=262144"
    "memorysetup-temp-allocator-size-nav-mesh-worker=65536"
    "memorysetup-temp-allocator-size-audio-worker=65536"
    "memorysetup-temp-allocator-size-cloud-worker=32768"
    "memorysetup-temp-allocator-size-gfx=262144"
    "memorysetup-remapper-allocator-initial-capacity=32768"
    "memorysetup-temp-allocator-size-preload-manager=33554432"
    "memorysetup-allocator-temp-initial-block-size-main=262144"
    "memorysetup-allocator-temp-initial-block-size-worker=262144"
    "memorysetup-temp-allocator-size-job-worker=262144"
    "memorysetup-temp-allocator-size-background-worker=32768"
    "memorysetup-bucket-allocator-granularity=16"
    "memorysetup-bucket-allocator-bucket-count=8"
    "memorysetup-bucket-allocator-block-size=33554432"
    "memorysetup-bucket-allocator-block-count=8"
    "memorysetup-main-allocator-block-size=16777216"
    "memorysetup-thread-allocator-block-size=16777216"
    "memorysetup-main-allocator-mimalloc-enabled=0"
    "memorysetup-gfx-main-allocator-block-size=16777216"
    "memorysetup-gfx-thread-allocator-block-size=16777216"
    "memorysetup-cache-allocator-block-size=4194304"
    "memorysetup-typetree-allocator-block-size=2097152"
    "memorysetup-profiler-bucket-allocator-granularity=16"
    "memorysetup-profiler-bucket-allocator-bucket-count=8"
    "memorysetup-profiler-bucket-allocator-block-size=33554432"
    "memorysetup-profiler-bucket-allocator-block-count=8"
    "memorysetup-profiler-allocator-block-size=16777216"
    "memorysetup-profiler-editor-allocator-block-size=1048576"
    "memorysetup-temp-allocator-size-main=16777216"
    "memorysetup-job-temp-allocator-block-size=2097152"
    "memorysetup-job-temp-allocator-block-size-background=1048576"
    "memorysetup-job-temp-allocator-reduction-small-platforms=262144"
Logging is directed to a specific file, skipping project log.Player connection [47408]  Target information:

Player connection [47408]  * "[IP] 10.161.162.125 [Port] 55504 [Flags] 2 [Guid] 1546119582 [EditorId] 1546119582 [Version] 1048832 [Id] WindowsEditor(7,DNT-ROG) [Debug] 1 [PackageName] WindowsEditor [ProjectName] Editor" 

Player connection [47408]  * "[IP] 100.70.23.8 [Port] 55504 [Flags] 2 [Guid] 1546119582 [EditorId] 1546119582 [Version] 1048832 [Id] WindowsEditor(7,DNT-ROG) [Debug] 1 [PackageName] WindowsEditor [ProjectName] Editor" 

Player connection [47408]  * "[IP] 198.18.0.1 [Port] 55504 [Flags] 2 [Guid] 1546119582 [EditorId] 1546119582 [Version] 1048832 [Id] WindowsEditor(7,DNT-ROG) [Debug] 1 [PackageName] WindowsEditor [ProjectName] Editor" 

Player connection [47408]  * "[IP] 10.163.162.190 [Port] 55504 [Flags] 2 [Guid] 1546119582 [EditorId] 1546119582 [Version] 1048832 [Id] WindowsEditor(7,DNT-ROG) [Debug] 1 [PackageName] WindowsEditor [ProjectName] Editor" 

Player connection [47408] Host joined multi-casting on [225.0.0.222:54997]...
Player connection [47408] Host joined alternative multi-casting on [225.0.0.222:34997]...
Input System module state changed to: Initialized.
[Physics::Module] Initialized fallback backend.
[Physics::Module] Id: 0xdecafbad
[Package Manager] Connected to IPC stream "Upm-13780" after 0.2 seconds.
[Licensing::Module] Licensing is not yet initialized.
[Licensing::Client] Error: HandshakeResponse reported an error:
	ResponseCode: 505
	ResponseStatus: Unsupported protocol version '1.18.3'.
[Licensing::Module] Error: Failed to handshake to channel: "LicenseClient-DreamNight"
[Licensing::IpcConnector] LicenseClient-DreamNight channel disconnected successfully.
[Licensing::IpcConnector] Channel LicenseClient-DreamNight-6000.5.9 doesn't exist
[Licensing::Module] Successfully launched the LicensingClient (PId: 49632)
[Licensing::IpcConnector] Successfully connected to: "LicenseClient-DreamNight-6000.5.9" at "2026-09-10T04:42:37.8612926Z"
[Licensing::Client] Code 10 while verifying Licensing Client signature (process Id: 49632, path: "C:/Program Files/Unity/Hub/Editor/6000.5.9f1/Editor/Data/Resources/Licensing/Client/Unity.Licensing.Client.exe")
[Licensing::Module] LicensingClient has failed validation; ignoring
[Licensing::Client] Handshaking with LicensingClient:
  Version:                 1.18.3+d7ffd15
  Session Id:              ea94b8be4b3c444785b03db0123b3a91
  Correlation Id:          b8df71940fe17557e32a7a00c95b9990
  External correlation Id: 506781724019114330
  Machine Id:              lpR/o6WFQFljK/3tZlA5ZACwwJc=
[Licensing::Module] Successfully connected to LicensingClient on channel: "LicenseClient-DreamNight-6000.5.9" (connect: 0.25s, validation: 0.16s, handshake: 0.01s)
[Licensing::IpcConnector] Successfully connected to: "LicenseClient-DreamNight-6000.5.9-notifications" at "2026-09-10T04:42:38.0282508Z"
[Licensing::Module] Connected to LicensingClient (PId: 49632, launch time: 0.00, total connection time: 0.41s)
[Licensing::Module] Error: Access token is unavailable; failed to update
[Licensing::Client] Successfully resolved entitlement details
[Licensing::Module] License group:
  Id: 18968485699489-UnityPersXXXX
  Product: Unity Personal
  Type: Assigned
  Expiration: Unlimited
[Licensing::Client] Successfully updated license, isAsync: True, time: 0.01
[Licensing::Client] Successfully resolved entitlement details
[Licensing::Module] Licensing Background thread has ended after 1.96s
[Licensing::Module] Licensing is initialized (took 1.51s).
[Licensing::Client] Successfully resolved entitlement details
Library Redirect Path: Library/
[Physics::Module] Selected backend.
[Physics::Module] Name: PhysX
[Physics::Module] Id: 0xf2b8ea05
[Physics::Module] SDK Version: 4.1.2
[Physics::Module] Integration Version: 1.0.0
[Physics::Module] Threading Mode: Multi-Threaded
Initialize engine version: 6000.5.9f1 (b57deb96f08d)
[Subsystems] Discovering subsystems at path C:/Program Files/Unity/Hub/Editor/6000.5.9f1/Editor/Data/Resources/UnitySubsystems
[Subsystems] Discovering subsystems at path C:/Users/DreamNight/Documents/01My/personal/TowerDefenseUnity/Assets
GfxDevice: creating device client; kGfxThreadingModeNonThreaded
d3d12: failed to query info queue interface (0x80004002).
Direct3D:
    Version:         Direct3D 12 [level 12.2]
    Renderer:        NVIDIA GeForce RTX 5070 Ti Laptop GPU (ID=0x2f58)
    Vendor:          NVIDIA
    VRAM:            11944 MB
    App VRAM Budget: 11176 MB
    Driver:          32.0.16.1656
Initialize mono
Mono path[0] = 'C:/Program Files/Unity/Hub/Editor/6000.5.9f1/Editor/Data/Managed'
Mono path[1] = 'C:/Program Files/Unity/Hub/Editor/6000.5.9f1/Editor/Data/BCLExtensions/runtime/netstandard2.1'
Mono path[2] = 'C:/Program Files/Unity/Hub/Editor/6000.5.9f1/Editor/Data/MonoBleedingEdge/lib/mono/unityjit-win32'
Mono config path = 'C:/Program Files/Unity/Hub/Editor/6000.5.9f1/Editor/Data/MonoBleedingEdge/etc'
Using monoOptions --debugger-agent=transport=dt_socket,embedding=1,server=y,suspend=n,address=127.0.0.1:56780
CodeReloadManager initialized
ImportWorker Server TCP listen port: 0
AcceleratorClientConnectionCallback - disconnected - :0
Begin MonoManager ReloadAssembly
Registering precompiled unity dll's ...
Register platform support module: C:/Program Files/Unity/Hub/Editor/6000.5.9f1/Editor/Data/PlaybackEngines/WebGLSupport/UnityEditor.WebGL.Extensions.dll
Register platform support module: C:/Program Files/Unity/Hub/Editor/6000.5.9f1/Editor/Data/PlaybackEngines/WindowsStandaloneSupport/UnityEditor.WindowsStandalone.Extensions.dll
Registered in 0.002359 seconds.
Native extension for WindowsStandalone target not found
Native extension for WebGL target not found
Package Manager log level set to [2]
ScheduleIndexationOnStartup MainProcess:False IndexOnStartup:True
Mono: successfully reloaded assembly
- Finished resetting the current domain, in  0.384 seconds
Domain Reload Profiling: 758ms
	BeginReloadAssembly (84ms)
		CreateAndSetChildDomain (17ms)
	RebuildCommonClasses (4ms)
	RebuildNativeTypeToScriptingClass (12ms)
	initialDomainReloadingComplete (53ms)
	LoadAllAssembliesAndSetupDomain (219ms)
		LoadAssemblies (64ms)
		AnalyzeDomain (156ms)
			TypeCache.Refresh (155ms)
				TypeCache.ScanAssembly (143ms)
	FinalizeReload (385ms)
		SetupLoadedEditorAssemblies (0ms)
			BeforeProcessingInitializeOnLoad (65ms)
			ProcessInitializeOnLoadAttributes (75ms)
			ProcessInitializeOnLoadMethodAttributes (188ms)
[Licensing::Client] Successfully resolved entitlement details
Application.AssetDatabase Initial Refresh Start
[Package Manager] Restoring resolved packages state from cache
[Licensing::Client] Successfully resolved entitlement details
[Package Manager] Registered 22 packages:
  Built-in packages:
    com.unity.modules.animation@1.0.0 (location: C:\Users\DreamNight\Documents\01My\personal\TowerDefenseUnity\Library\PackageCache\com.unity.modules.animation)
    com.unity.modules.audio@1.0.0 (location: C:\Users\DreamNight\Documents\01My\personal\TowerDefenseUnity\Library\PackageCache\com.unity.modules.audio)
    com.unity.modules.director@1.0.0 (location: C:\Users\DreamNight\Documents\01My\personal\TowerDefenseUnity\Library\PackageCache\com.unity.modules.director)
    com.unity.modules.imageconversion@1.0.0 (location: C:\Users\DreamNight\Documents\01My\personal\TowerDefenseUnity\Library\PackageCache\com.unity.modules.imageconversion)
    com.unity.modules.imgui@1.0.0 (location: C:\Users\DreamNight\Documents\01My\personal\TowerDefenseUnity\Library\PackageCache\com.unity.modules.imgui)
    com.unity.modules.jsonserialize@1.0.0 (location: C:\Users\DreamNight\Documents\01My\personal\TowerDefenseUnity\Library\PackageCache\com.unity.modules.jsonserialize)
    com.unity.modules.particlesystem@1.0.0 (location: C:\Users\DreamNight\Documents\01My\personal\TowerDefenseUnity\Library\PackageCache\com.unity.modules.particlesystem)
    com.unity.modules.physics@1.0.0 (location: C:\Users\DreamNight\Documents\01My\personal\TowerDefenseUnity\Library\PackageCache\com.unity.modules.physics)
    com.unity.modules.physics2d@1.0.0 (location: C:\Users\DreamNight\Documents\01My\personal\TowerDefenseUnity\Library\PackageCache\com.unity.modules.physics2d)
    com.unity.modules.screencapture@1.0.0 (location: C:\Users\DreamNight\Documents\01My\personal\TowerDefenseUnity\Library\PackageCache\com.unity.modules.screencapture)
    com.unity.modules.ui@1.0.0 (location: C:\Users\DreamNight\Documents\01My\personal\TowerDefenseUnity\Library\PackageCache\com.unity.modules.ui)
    com.unity.modules.uielements@1.0.0 (location: C:\Users\DreamNight\Documents\01My\personal\TowerDefenseUnity\Library\PackageCache\com.unity.modules.uielements)
    com.unity.ugui@2.5.0 (location: C:\Users\DreamNight\Documents\01My\personal\TowerDefenseUnity\Library\PackageCache\com.unity.ugui@1c4864518158)
    com.unity.modules.unitywebrequest@1.0.0 (location: C:\Users\DreamNight\Documents\01My\personal\TowerDefenseUnity\Library\PackageCache\com.unity.modules.unitywebrequest)
    com.unity.modules.unitywebrequestassetbundle@1.0.0 (location: C:\Users\DreamNight\Documents\01My\personal\TowerDefenseUnity\Library\PackageCache\com.unity.modules.unitywebrequestassetbundle)
    com.unity.modules.unitywebrequestaudio@1.0.0 (location: C:\Users\DreamNight\Documents\01My\personal\TowerDefenseUnity\Library\PackageCache\com.unity.modules.unitywebrequestaudio)
    com.unity.modules.unitywebrequesttexture@1.0.0 (location: C:\Users\DreamNight\Documents\01My\personal\TowerDefenseUnity\Library\PackageCache\com.unity.modules.unitywebrequesttexture)
    com.unity.modules.unitywebrequestwww@1.0.0 (location: C:\Users\DreamNight\Documents\01My\personal\TowerDefenseUnity\Library\PackageCache\com.unity.modules.unitywebrequestwww)
    com.unity.modules.video@1.0.0 (location: C:\Users\DreamNight\Documents\01My\personal\TowerDefenseUnity\Library\PackageCache\com.unity.modules.video)
    com.unity.modules.assetbundle@1.0.0 (location: C:\Users\DreamNight\Documents\01My\personal\TowerDefenseUnity\Library\PackageCache\com.unity.modules.assetbundle)
    com.unity.modules.hierarchycore@1.0.0 (location: C:\Users\DreamNight\Documents\01My\personal\TowerDefenseUnity\Library\PackageCache\com.unity.modules.hierarchycore)
    com.unity.modules.physicscore2d@1.0.0 (location: C:\Users\DreamNight\Documents\01My\personal\TowerDefenseUnity\Library\PackageCache\com.unity.modules.physicscore2d)
[Subsystems] No new subsystems found in resolved package list.
[Package Manager] Done registering packages in 0.01 seconds
[ScriptCompilation] Requested script compilation because: AssetDatabase observed changes in script compilation related files
Starting: C:\Program Files\Unity\Hub\Editor\6000.5.9f1\Editor\Data\Tools\BuildPipeline\bee_backend.exe --ipc --defer-dag-verification --dagfile="Library/Bee/1900b0aE.dag" --continue-on-failure --profile="Library/Bee/backend1.traceevents" ScriptAssemblies
WorkingDir: C:/Users/DreamNight/Documents/01My/personal/TowerDefenseUnity
DisplayProgressbar: Compiling Scripts
ExitCode: 0 Duration: 1s526ms
[216/222    1s] Csc Library/Bee/artifacts/1900b0aE.dag/Assembly-CSharp.dll (+2 others)
Assets\Scripts\Effects\BattleMusic.cs(23,17): warning CS0618: 'Object.FindFirstObjectByType<T>()' is obsolete: 'FindFirstObjectByType has been deprecated because it relies on instance ID ordering. Use FindAnyObjectByType instead, which does not depend on ordering.'

Assets\Scripts\Effects\BattleMusic.cs(28,25): warning CS0618: 'Object.FindFirstObjectByType<T>()' is obsolete: 'FindFirstObjectByType has been deprecated because it relies on instance ID ordering. Use FindAnyObjectByType instead, which does not depend on ordering.'

Assets\Scripts\Util\SpriteFactory.cs(179,19): warning CS0219: The variable 'half' is assigned but its value is never used
[217/222    0s] CopyFiles Library/ScriptAssemblies/Assembly-CSharp.pdb
[218/222    0s] CopyFiles Library/ScriptAssemblies/Assembly-CSharp.dll
[219/222    0s] Csc Library/Bee/artifacts/1900b0aE.dag/Assembly-CSharp-Editor.dll (+2 others)
Assets\Editor\BattleUiPlayVerification.cs(35,22): warning CS0618: 'Object.FindFirstObjectByType<T>()' is obsolete: 'FindFirstObjectByType has been deprecated because it relies on instance ID ordering. Use FindAnyObjectByType instead, which does not depend on ordering.'
[220/222    0s] CopyFiles Library/ScriptAssemblies/Assembly-CSharp-Editor.pdb
[221/222    0s] CopyFiles Library/ScriptAssemblies/Assembly-CSharp-Editor.dll
*** Tundra build success (1.49 seconds), 6 items updated, 222 evaluated
Assets\Scripts\Effects\BattleMusic.cs(23,17): warning CS0618: 'Object.FindFirstObjectByType<T>()' is obsolete: 'FindFirstObjectByType has been deprecated because it relies on instance ID ordering. Use FindAnyObjectByType instead, which does not depend on ordering.'
Assets\Scripts\Effects\BattleMusic.cs(28,25): warning CS0618: 'Object.FindFirstObjectByType<T>()' is obsolete: 'FindFirstObjectByType has been deprecated because it relies on instance ID ordering. Use FindAnyObjectByType instead, which does not depend on ordering.'
Assets\Scripts\Util\SpriteFactory.cs(179,19): warning CS0219: The variable 'half' is assigned but its value is never used
Assets\Editor\BattleUiPlayVerification.cs(35,22): warning CS0618: 'Object.FindFirstObjectByType<T>()' is obsolete: 'FindFirstObjectByType has been deprecated because it relies on instance ID ordering. Use FindAnyObjectByType instead, which does not depend on ordering.'
Total cache size 2011508
Total cache size after purge 2011508, took 00:00:00.0121416
AssetDatabase: script compilation time: 1.949709s
Begin MonoManager ReloadAssembly
Native extension for WindowsStandalone target not found
Native extension for WebGL target not found
ScheduleIndexationOnStartup MainProcess:True IndexOnStartup:True
Mono: successfully reloaded assembly
- Finished resetting the current domain, in  0.319 seconds
Domain Reload Profiling: 658ms
	BeginReloadAssembly (189ms)
		DisableScriptedObjects (21ms)
		CreateAndSetChildDomain (74ms)
	RebuildCommonClasses (8ms)
	RebuildNativeTypeToScriptingClass (12ms)
	initialDomainReloadingComplete (31ms)
	LoadAllAssembliesAndSetupDomain (97ms)
		LoadAssemblies (66ms)
		AnalyzeDomain (15ms)
			TypeCache.Refresh (8ms)
				TypeCache.ScanAssembly (4ms)
			BuildScriptInfoCaches (5ms)
	FinalizeReload (320ms)
		SetupLoadedEditorAssemblies (0ms)
			BeforeProcessingInitializeOnLoad (61ms)
			ProcessInitializeOnLoadAttributes (50ms)
			ProcessInitializeOnLoadMethodAttributes (50ms)
			AfterProcessingInitializeOnLoad (6ms)
		AwakeInstancesAfterBackupRestoration (25ms)
Starting new worker id: 0 with log in C:/Users/DreamNight/Documents/01My/personal/TowerDefenseUnity/Logs/AssetImportWorkerHW0.log

Asset Pipeline Refresh (id=089de47e751dab9489daa1cb34fd2670): Total: 2.838 seconds - Initiated by InitialRefreshV2(ForceSynchronousImport)
	(Values over 0.05ms)
	Summary:
		Imports: total=0 (actual=0, local cache=0, cache server=0)
		Asset DB Process Time: managed=0 ms, native=448 ms
		Asset DB Callback time: managed=46 ms, native=18 ms
		Scripting: domain reloads=1, domain reload time=361 ms, compile time=1952 ms, other=11 ms
		Project Asset Count: scripts=181, non-scripts=214
		Asset File Changes: new=0, changed=2, moved=0, deleted=0
		Scan Filter Count: 0
	InvokePackagesCallback: 13.579ms
	ApplyChangesToAssetFolders: 0.675ms
	Scan: 43.485ms
	Collect global state as custom dependencies: 9.983ms
	OnSourceAssetsModified: 0.710ms
	CategorizeScriptCompilationAssets: 1.125ms
	ProcessAssetsWithTransientArtifactChanges: 6.678ms
	CategorizeAssets: 2.876ms
	CompileScripts: 1951.655ms
	ImportOutOfDateAssets: 333.415ms (322.174ms without children)
		UnloadImportedAssets: 0.131ms
		EnsureUptoDateAssetsAreRegisteredWithGuidPM: 0.052ms
		ImportSchedulerStart: 11.054ms
	PostProcessAllAssets: 47.498ms
		VCAutoAddAssetPostprocess 1.405ms
		MonoPostProcessAllAssets: 45.498ms
			AssetPostprocessor.OnPostprocessAllAssets 12.644ms
			StyleCatalogPostProcessor.OnPostprocessAllAssets 7.987ms
			WindowAssetPostprocessingWatcher.OnPostprocessAllAssets 5.749ms
			BuilderAssetPostprocessor.OnPostprocessAllAssets 4.737ms
			AssetChangedListener.OnPostprocessAllAssets 1.487ms
			SyncVS.PostprocessSyncProject 1.025ms
			RetainedModeAssetPostprocessor.OnPostprocessAllAssets 0.930ms
			EditModeScopePostprocessor.OnPostprocessAllAssets 0.889ms
			SpeedTree9Postprocessor.OnPostprocessAllAssets 0.595ms
			ArtifactBrowserPostProcessor.OnPostprocessAllAssets 0.534ms
			TextAssetPostProcessor.OnPostprocessAllAssets 0.427ms
			ReferencedClipsPostProcessor.OnPostprocessAllAssets 0.263ms
			AudioMixerPostprocessor.OnPostprocessAllAssets 0.224ms
			TMPro_TexturePostProcessor.OnPostprocessAllAssets 0.209ms
			TerrainToolbarOverlayPostProcessor.OnPostprocessAllAssets 0.188ms
			AssetEvents.OnPostprocessAllAssets 0.181ms
			AssetDatabaseCallbacks.OnPostprocessAllAssets 0.120ms
			SpeedTreePostProcessor.OnPostprocessAllAssets 0.113ms
			ConfigAssetsTracker.OnPostprocessAllAssets 0.084ms
			ScenarioDriftAssetsTracker.OnPostprocessAllAssets 0.080ms
			RenderPipelineGlobalSettingsPostprocessor.OnPostprocessAllAssets 0.072ms
			AudioContainerPostProcessor.OnPostprocessAllAssets 0.061ms
	PostAssetChangesProfiler: 4.696ms
	UnloadStreamsBegin: 1.722ms
	GenerateScriptTypeHashes: 0.494ms
	GenerateScriptTypeSerializationHashes: 1.583ms
	Untracked: 413.799ms

Application.AssetDatabase Initial Refresh End
Launched and connected shader compiler UnityShaderCompiler.exe after 0.01 seconds
Scanning for USB devices : 4.775ms
Initializing Unity extensions:
[MODES] ModeService[none].Initialize
[MODES] ModeService[none].LoadModes
[MODES] Loading mode Default (0) for mode-current-id-TowerDefenseUnity
Unloading 3 Unused Serialized files (Serialized files now loaded: 0)
Unloading 460 unused Assets / (0.7 MB). Loaded Objects now: 1270.
Memory consumption went from 211.3 MB to 210.6 MB.
Total: 7.281200 ms (FindLiveObjects: 0.138800 ms CreateObjectMapping: 0.082100 ms MarkObjects: 4.192100 ms  DeleteObjects: 2.864300 ms)

TOUHOU_VERIFY PASS: five music assets and orthogonal routes
UnityEngine.Debug:ExtractStackTraceNoAlloc (byte*,int,string)
UnityEngine.StackTraceUtility:ExtractStackTrace ()
UnityEngine.DebugLogHandler:Internal_Log (UnityEngine.LogType,UnityEngine.LogOption,string,UnityEngine.Object)
UnityEngine.DebugLogHandler:LogFormat (UnityEngine.LogType,UnityEngine.Object,string,object[])
UnityEngine.Logger:Log (UnityEngine.LogType,object)
UnityEngine.Debug:Log (object)
BattleUiVerification:Run () (at Assets/Editor/BattleUiVerification.cs:40)
BattleUiPlayVerification:Run () (at Assets/Editor/BattleUiPlayVerification.cs:23)

(Filename: Assets/Editor/BattleUiVerification.cs Line: 40)

BATTLE_UI_VERIFY PASS: neutral button base; minimum reference canvas preserved
UnityEngine.Debug:ExtractStackTraceNoAlloc (byte*,int,string)
UnityEngine.StackTraceUtility:ExtractStackTrace ()
UnityEngine.DebugLogHandler:Internal_Log (UnityEngine.LogType,UnityEngine.LogOption,string,UnityEngine.Object)
UnityEngine.DebugLogHandler:LogFormat (UnityEngine.LogType,UnityEngine.Object,string,object[])
UnityEngine.Logger:Log (UnityEngine.LogType,object)
UnityEngine.Debug:Log (object)
BattleUiVerification:Run () (at Assets/Editor/BattleUiVerification.cs:41)
BattleUiPlayVerification:Run () (at Assets/Editor/BattleUiPlayVerification.cs:23)

(Filename: Assets/Editor/BattleUiVerification.cs Line: 41)

[Project] Loading completed in 6.461 seconds
	Project init time: 				6.053 seconds
		Template init time: 		0.000 seconds
		Package Manager init time: 		1.723 seconds
		Asset Database init time: 		0.135 seconds
		Global illumination init time: 	0.002 seconds
		Assemblies load time: 			0.797 seconds
		Unity extensions init time: 	0.001 seconds
		Asset Database refresh time: 	2.838 seconds
	Scene opening time: 			0.166 seconds
##utp:{"type":"ProjectInfo","version":2,"phase":"Immediate","time":1789015362553,"processId":13780,"projectLoad":6.461124,"projectInit":6.0527575,"templateInit":0.0,"packageManagerInit":1.7225194,"assetDatabaseInit":0.1349371,"globalIlluminationInit":0.0023531,"assembliesLoad":0.7966111,"unityExtensionsInit":0.0012867,"assetDatabaseRefresh":2.8383052,"sceneOpening":0.166419}
##utp:{"type":"EditorInfo","version":2,"phase":"Immediate","time":1789015362553,"processId":13780,"editorVersion":"6000.5.9f1 (b57deb96f08d)","branch":"6000.5/staging","buildType":"Release","platform":"Windows"}
Reloading assemblies for play mode.
Reloading assemblies after forced synchronous recompile.
Begin MonoManager ReloadAssembly
Native extension for WindowsStandalone target not found
Native extension for WebGL target not found
ScheduleIndexationOnStartup MainProcess:True IndexOnStartup:True
Mono: successfully reloaded assembly
- Finished resetting the current domain, in  0.421 seconds
Domain Reload Profiling: 764ms
	BeginReloadAssembly (189ms)
		DisableScriptedObjects (39ms)
		CreateAndSetChildDomain (63ms)
	RebuildCommonClasses (8ms)
	RebuildNativeTypeToScriptingClass (14ms)
	initialDomainReloadingComplete (36ms)
	LoadAllAssembliesAndSetupDomain (95ms)
		LoadAssemblies (63ms)
		AnalyzeDomain (7ms)
			TypeCache.Refresh (3ms)
	FinalizeReload (423ms)
		SetupLoadedEditorAssemblies (0ms)
			InitializePlatformSupportModulesInManaged (3ms)
			BeforeProcessingInitializeOnLoad (79ms)
			ProcessInitializeOnLoadAttributes (58ms)
			ProcessInitializeOnLoadMethodAttributes (58ms)
			AfterProcessingInitializeOnLoad (7ms)
		AwakeInstancesAfterBackupRestoration (31ms)

Asset Pipeline Refresh (id=7df8898e296af8f40b64f663bd669761): Total: 0.896 seconds - Initiated by StopAssetImportingV2(ForceSynchronousImport | ForceDomainReload)
	(Values over 0.05ms)
	Summary:
		Imports: total=0 (actual=0, local cache=0, cache server=0)
		Asset DB Process Time: managed=0 ms, native=470 ms
		Asset DB Callback time: managed=40 ms, native=17 ms
		Scripting: domain reloads=1, domain reload time=365 ms, compile time=2 ms, other=0 ms
		Project Asset Count: scripts=181, non-scripts=214
		Asset File Changes: new=0, changed=0, moved=0, deleted=0
		Scan Filter Count: 0
	InvokePackagesCallback: 1.741ms
	ApplyChangesToAssetFolders: 0.136ms
	Collect global state as custom dependencies: 1.108ms
	ProcessAssetsWithTransientArtifactChanges: 10.301ms
	CategorizeAssets: 2.795ms
	CompileScripts: 1.778ms
	ImportOutOfDateAssets: 426.138ms (424.620ms without children)
		CollectScriptTypesHashes: 0.243ms
		ReloadNativeAssets: 0.284ms
		UnloadImportedAssets: 0.174ms
		EnsureUptoDateAssetsAreRegisteredWithGuidPM: 0.061ms
		ImportSchedulerStart: 0.994ms
	PostProcessAllAssets: 54.080ms
		PostProcessCallbackCreateDeferredMaterials 1.694ms
		ShaderAssetModifiedCallback 0.800ms
		RaytracingShaderImportPostprocess 0.241ms
		ComputeShaderImportPostprocess 0.223ms
		SpeedTreeImporter.PostprocessAllAssets 0.209ms
		LocalizationDatabase.AssetDatabasePostprocessCallback 0.137ms
		BlockShaderImporter.PostprocessAllAssets 0.101ms
		AssemblyValidation.PostprocessAllAssets 0.098ms
		MonoPostProcessAllAssets: 39.947ms
			StyleCatalogPostProcessor.OnPostprocessAllAssets 7.765ms
			AssetPostprocessor.OnPostprocessAllAssets 6.596ms
			WindowAssetPostprocessingWatcher.OnPostprocessAllAssets 5.921ms
			BuilderAssetPostprocessor.OnPostprocessAllAssets 4.186ms
			AssetChangedListener.OnPostprocessAllAssets 1.954ms
			TextAssetPostProcessor.OnPostprocessAllAssets 1.273ms
			SyncVS.PostprocessSyncProject 1.146ms
			RetainedModeAssetPostprocessor.OnPostprocessAllAssets 1.063ms
			SpeedTree9Postprocessor.OnPostprocessAllAssets 0.810ms
			ArtifactBrowserPostProcessor.OnPostprocessAllAssets 0.467ms
			EditModeScopePostprocessor.OnPostprocessAllAssets 0.408ms
			AssetEvents.OnPostprocessAllAssets 0.275ms
			AudioMixerPostprocessor.OnPostprocessAllAssets 0.238ms
			TMPro_TexturePostProcessor.OnPostprocessAllAssets 0.235ms
			ReferencedClipsPostProcessor.OnPostprocessAllAssets 0.231ms
			TerrainToolbarOverlayPostProcessor.OnPostprocessAllAssets 0.184ms
			SpeedTreePostProcessor.OnPostprocessAllAssets 0.140ms
			AssetDatabaseCallbacks.OnPostprocessAllAssets 0.121ms
			ConfigAssetsTracker.OnPostprocessAllAssets 0.083ms
			RenderPipelineGlobalSettingsPostprocessor.OnPostprocessAllAssets 0.082ms
			ScenarioDriftAssetsTracker.OnPostprocessAllAssets 0.080ms
			AudioContainerPostProcessor.OnPostprocessAllAssets 0.070ms
	PostAssetChangesProfiler: 3.103ms
	UnloadStreamsBegin: 0.118ms
	GenerateScriptTypeHashes: 1.095ms
	GenerateScriptTypeSerializationHashes: 2.605ms
	Untracked: 385.369ms

Worker ready: AssetImportWorkerHW0 0
Loaded scene 'Temp/__Backupscenes/0.backup'
	Deserialize:            0.425 ms
	Integration:            1190.961 ms
	Integration of assets:  0.001 ms
	Thread Wait Time:       0.014 ms
	Total Operation Time:   1191.402 ms
[Package Manager] The "path" argument must be of type string. Received undefined
[MODES] ModeService[none].Initialize
[MODES] ModeService[none].LoadModes
[Package Manager] The "path" argument must be of type string. Received undefined
Start Indexing on Editor startup
[Indexing] Starting Initial Indexing for Assets
Created GICache directory at C:/Users/DreamNight/AppData/LocalLow/Unity/Caches/GiCache. Took: 0.019s, timestamps: [8.738 - 8.758]
[Package Manager] The "path" argument must be of type string. Received undefined
TOUHOU_AUDIO_PLAY PASS: looping playback and mute toggle
UnityEngine.Debug:ExtractStackTraceNoAlloc (byte*,int,string)
UnityEngine.StackTraceUtility:ExtractStackTrace ()
UnityEngine.DebugLogHandler:Internal_Log (UnityEngine.LogType,UnityEngine.LogOption,string,UnityEngine.Object)
UnityEngine.DebugLogHandler:LogFormat (UnityEngine.LogType,UnityEngine.Object,string,object[])
UnityEngine.Logger:Log (UnityEngine.LogType,object)
UnityEngine.Debug:Log (object)
BattleUiPlayVerification:Tick () (at Assets/Editor/BattleUiPlayVerification.cs:70)
UnityEditor.EditorApplication:Internal_CallUpdateFunctions ()

(Filename: Assets/Editor/BattleUiPlayVerification.cs Line: 70)

BATTLE_UI_PLAY PASS: bootstrap, pause overlay, restart; screenshots captured
UnityEngine.Debug:ExtractStackTraceNoAlloc (byte*,int,string)
UnityEngine.StackTraceUtility:ExtractStackTrace ()
UnityEngine.DebugLogHandler:Internal_Log (UnityEngine.LogType,UnityEngine.LogOption,string,UnityEngine.Object)
UnityEngine.DebugLogHandler:LogFormat (UnityEngine.LogType,UnityEngine.Object,string,object[])
UnityEngine.Logger:Log (UnityEngine.LogType,object)
UnityEngine.Debug:Log (object)
BattleUiPlayVerification:Tick () (at Assets/Editor/BattleUiPlayVerification.cs:71)
UnityEditor.EditorApplication:Internal_CallUpdateFunctions ()

(Filename: Assets/Editor/BattleUiPlayVerification.cs Line: 71)

MonoPathRemapper: Attempts to remap: 2895; Successful remaps: 1292
Serialized file version minimum: 23, current 23
[Physics::Module] Cleanup current backend.
[Physics::Module] Id: 0xf2b8ea05
Input System module state changed to: ShutdownInProgress.
Input Polling Thread exited.
Input System module state changed to: Shutdown.
[Licensing::IpcConnector] LicenseClient-DreamNight-6000.5.9-notifications channel disconnected successfully.
[Licensing::IpcConnector] LicenseClient-DreamNight-6000.5.9 channel disconnected successfully.
Lingering sessions upon destruction of worker manager
AcceleratorClientConnectionCallback - disconnected - :0
Cleanup mono
CodeReloadManager destroyed
Checking for leaked weakptr:
  Found no leaked weakptrs.
[Package Manager] Server process was shutdown
##utp:{"type":"MemoryLeaks","version":2,"phase":"Immediate","time":1789015373121,"processId":13780,"allocatedMemory":11895386,"memoryLabels":[{"Default":185176},{"Permanent":15516},{"NewDelete":66867},{"Thread":4205176},{"Manager":39559},{"VertexData":8},{"Geometry":816},{"Texture":24},{"Shader":840457},{"Material":24},{"GfxDevice":57848},{"Animation":952},{"FreeType":8},{"FontEngine":736},{"Physics":2146},{"Physics2D":16},{"Serialization":1016},{"Input":42840},{"JobScheduler":256},{"TextLib":280},{"Mono":48},{"ScriptingNativeRuntime":674964},{"BaseObject":1650800},{"Resource":1208},{"Renderer":3080},{"Transform":4685},{"File":4013},{"WebCam":616},{"Culling":32},{"Terrain":11442},{"Wind":24},{"STL":40},{"String":26689},{"StaticString":3808},{"Utility":2675958},{"Curl":2594},{"PoolAlloc":2168},{"AI":80},{"TypeTree":17165},{"CodeReload":448},{"RuntimeInitializeOnLoadManager":64},{"Sprites":102},{"SpriteAtlas":120},{"GI":7816},{"Director":8296},{"CloudService":9656},{"WebRequest":552},{"VR":47114},{"SceneManager":608},{"Video":208},{"LazyScriptCache":32},{"Camera":17},{"Secure":2377},{"SerializationCache":1576},{"APIUpdating":10320},{"Subsystems":336},{"VirtualTexturing":57888},{"StaticSafetyDebugInfo":278528},{"Analytics":552},{"Hierarchy":1176},{"UIElements":72},{"CoreStats":13688},{"Identifiers":6768},{"Gui":128},{"EditorUtility":97572},{"VersionControl":8},{"Undo":931},{"AssetDatabase":753713},{"AssetImporter":40},{"EditorGi":328},{"UnityConnect":38929},{"Upm":1912},{"UpmDiagnostics":8},{"AssetCompliance":64},{"DrivenProperties":72},{"LocalIPC":216},{"ProfilerEditor":9746},{"CoreBusinessMetrics":3486},{"Windowing":456},{"Licensing":664},{"AssetReference":32},{"IPCStream":32}]}
