.reports is not a valid directory name. Please make sure there are no unallowed characters in the name.
.reports is not a valid directory name. Please make sure there are no unallowed characters in the name.
[Licensing::Module] Trying to connect to existing licensing client channel...
Built from '6000.5/staging' branch; Version is '6000.5.9f1 (b57deb96f08d) revision 11894251'; Using compiler version '194234433'; Build Type 'Release'
[Licensing::IpcConnector] Channel LicenseClient-DreamNight doesn't exist
OS: 'Windows 11  (10.0.26200) CoreCountrySpecific' Language: 'zh' Physical Memory: 31928 MB
BatchMode: 1, IsHumanControllingUs: 0, StartBugReporterOnCrash: 0, Is64bit: 1
System  architecture: x64
Process architecture: x64
Date: 2026-09-15T15:34:23Z
[Licensing::Module] Successfully launched the LicensingClient (PId: 9620)

COMMAND LINE ARGUMENTS:
C:\Program Files\Unity\Hub\Editor\6000.5.9f1\Editor\Unity.exe
-batchmode
-projectPath
C:\Users\DreamNight\Documents\01My\personal\TowerDefenseUnity
-executeMethod
BattleUiPlayVerification.Run
-logFile
C:\Users\DreamNight\Documents\01My\personal\TowerDefenseUnity\.reports\uiopt-final.log
Successfully changed project path to: C:\Users\DreamNight\Documents\01My\personal\TowerDefenseUnity
C:/Users/DreamNight/Documents/01My/personal/TowerDefenseUnity
[UnityMemory] Configuration Parameters - Can be set up in boot.config
    "memorysetup-temp-allocator-size-gi-baking-worker=262144"
    "memorysetup-temp-allocator-size-gi-baking-worker=262144"
    "memorysetup-temp-allocator-size-gi-baking-worker=262144"
    "memorysetup-temp-allocator-size-gi-baking-worker=262144"
    "memorysetup-temp-allocator-size-gi-baking-worker=262144"
    "memorysetup-temp-allocator-size-nav-mesh-worker=65536"
    "memorysetup-temp-allocator-size-audio-worker=65536"
    "memorysetup-temp-allocator-size-cloud-worker=32768"
    "memorysetup-temp-allocator-size-gfx=262144"
    "memorysetup-remapper-allocator-initial-capacity=32768"
    "memorysetup-temp-allocator-size-preload-manager=33554432"
    "memorysetup-allocator-temp-initial-block-size-main=262144"
    "memorysetup-allocator-temp-initial-block-size-worker=262144"
    "memorysetup-temp-allocator-size-job-worker=262144"
    "memorysetup-temp-allocator-size-background-worker=32768"
    "memorysetup-bucket-allocator-granularity=16"
    "memorysetup-bucket-allocator-bucket-count=8"
    "memorysetup-bucket-allocator-block-size=33554432"
    "memorysetup-bucket-allocator-block-count=8"
    "memorysetup-main-allocator-block-size=16777216"
    "memorysetup-thread-allocator-block-size=16777216"
    "memorysetup-main-allocator-mimalloc-enabled=0"
    "memorysetup-gfx-main-allocator-block-size=16777216"
    "memorysetup-gfx-thread-allocator-block-size=16777216"
    "memorysetup-cache-allocator-block-size=4194304"
    "memorysetup-typetree-allocator-block-size=2097152"
    "memorysetup-profiler-bucket-allocator-granularity=16"
    "memorysetup-profiler-bucket-allocator-bucket-count=8"
    "memorysetup-profiler-bucket-allocator-block-size=33554432"
    "memorysetup-profiler-bucket-allocator-block-count=8"
    "memorysetup-profiler-allocator-block-size=16777216"
    "memorysetup-profiler-editor-allocator-block-size=1048576"
    "memorysetup-temp-allocator-size-main=16777216"
    "memorysetup-job-temp-allocator-block-size=2097152"
    "memorysetup-job-temp-allocator-block-size-background=1048576"
    "memorysetup-job-temp-allocator-reduction-small-platforms=262144"
Logging is directed to a specific file, skipping project log.Player connection [40484]  Target information:

Player connection [40484]  * "[IP] 100.70.23.8 [Port] 55504 [Flags] 2 [Guid] 3208302816 [EditorId] 3208302816 [Version] 1048832 [Id] WindowsEditor(7,DNT-ROG) [Debug] 1 [PackageName] WindowsEditor [ProjectName] Editor" 

Player connection [40484]  * "[IP] 198.18.0.1 [Port] 55504 [Flags] 2 [Guid] 3208302816 [EditorId] 3208302816 [Version] 1048832 [Id] WindowsEditor(7,DNT-ROG) [Debug] 1 [PackageName] WindowsEditor [ProjectName] Editor" 

Player connection [40484]  * "[IP] 10.158.32.165 [Port] 55504 [Flags] 2 [Guid] 3208302816 [EditorId] 3208302816 [Version] 1048832 [Id] WindowsEditor(7,DNT-ROG) [Debug] 1 [PackageName] WindowsEditor [ProjectName] Editor" 

Player connection [40484] Host joined multi-casting on [225.0.0.222:54997]...
Player connection [40484] Host joined alternative multi-casting on [225.0.0.222:34997]...
Input System module state changed to: Initialized.
[Physics::Module] Initialized fallback backend.
[Physics::Module] Id: 0xdecafbad
[Licensing::IpcConnector] Successfully connected to: "LicenseClient-DreamNight" at "2026-09-15T15:34:23.6941691Z"
[Licensing::Client] Code 10 while verifying Licensing Client signature (process Id: 9620, path: "C:/Program Files/Unity/Hub/Editor/6000.5.9f1/Editor/Data/Resources/Licensing/Client/Unity.Licensing.Client.exe")
[Licensing::Module] LicensingClient has failed validation; ignoring
[Package Manager] Connected to IPC stream "Upm-57972" after 0.2 seconds.
[Licensing::Module] Licensing is not yet initialized.
[Licensing::Client] Handshaking with LicensingClient:
  Version:                 1.18.3+d7ffd15
  Session Id:              16b502731c7844d48bc1aecbc33f5a52
  Correlation Id:          3bb9fee5a0f555c3dc470a76a3e9aff0
  External correlation Id: 8261955443906062775
  Machine Id:              lpR/o6WFQFljK/3tZlA5ZACwwJc=
[Licensing::Module] Successfully connected to LicensingClient on channel: "LicenseClient-DreamNight" (connect: 0.24s, validation: 0.16s, handshake: 0.03s)
[Licensing::IpcConnector] Successfully connected to: "LicenseClient-DreamNight-notifications" at "2026-09-15T15:34:23.8903703Z"
[Licensing::Module] Connected to LicensingClient (PId: 9620, launch time: 0.00, total connection time: 0.44s)
[Licensing::Module] Error: Access token is unavailable; failed to update
[Licensing::Client] Successfully resolved entitlement details
[Licensing::Module] License group:
  Id: 18968485699489-UnityPersXXXX
  Product: Unity Personal
  Type: Assigned
  Expiration: Unlimited
[Licensing::Client] Successfully updated license, isAsync: True, time: 0.01
[Licensing::Client] Successfully resolved entitlement details
[Licensing::Module] Licensing Background thread has ended after 0.48s
[Licensing::Module] Licensing is initialized (took 0.10s).
[Licensing::Client] Successfully resolved entitlement details
Library Redirect Path: Library/
[Physics::Module] Selected backend.
[Physics::Module] Name: PhysX
[Physics::Module] Id: 0xf2b8ea05
[Physics::Module] SDK Version: 4.1.2
[Physics::Module] Integration Version: 1.0.0
[Physics::Module] Threading Mode: Multi-Threaded
Initialize engine version: 6000.5.9f1 (b57deb96f08d)
[Subsystems] Discovering subsystems at path C:/Program Files/Unity/Hub/Editor/6000.5.9f1/Editor/Data/Resources/UnitySubsystems
[Subsystems] Discovering subsystems at path C:/Users/DreamNight/Documents/01My/personal/TowerDefenseUnity/Assets
GfxDevice: creating device client; kGfxThreadingModeNonThreaded
d3d12: failed to query info queue interface (0x80004002).
Direct3D:
    Version:         Direct3D 12 [level 12.2]
    Renderer:        NVIDIA GeForce RTX 5070 Ti Laptop GPU (ID=0x2f58)
    Vendor:          NVIDIA
    VRAM:            11944 MB
    App VRAM Budget: 11176 MB
    Driver:          32.0.16.1692
Initialize mono
Mono path[0] = 'C:/Program Files/Unity/Hub/Editor/6000.5.9f1/Editor/Data/Managed'
Mono path[1] = 'C:/Program Files/Unity/Hub/Editor/6000.5.9f1/Editor/Data/BCLExtensions/runtime/netstandard2.1'
Mono path[2] = 'C:/Program Files/Unity/Hub/Editor/6000.5.9f1/Editor/Data/MonoBleedingEdge/lib/mono/unityjit-win32'
Mono config path = 'C:/Program Files/Unity/Hub/Editor/6000.5.9f1/Editor/Data/MonoBleedingEdge/etc'
Using monoOptions --debugger-agent=transport=dt_socket,embedding=1,server=y,suspend=n,address=127.0.0.1:56972
CodeReloadManager initialized
ImportWorker Server TCP listen port: 0
AcceleratorClientConnectionCallback - disconnected - :0
Begin MonoManager ReloadAssembly
Registering precompiled unity dll's ...
Register platform support module: C:/Program Files/Unity/Hub/Editor/6000.5.9f1/Editor/Data/PlaybackEngines/WebGLSupport/UnityEditor.WebGL.Extensions.dll
Register platform support module: C:/Program Files/Unity/Hub/Editor/6000.5.9f1/Editor/Data/PlaybackEngines/WindowsStandaloneSupport/UnityEditor.WindowsStandalone.Extensions.dll
Registered in 0.002317 seconds.
Native extension for WindowsStandalone target not found
Native extension for WebGL target not found
Package Manager log level set to [2]
ScheduleIndexationOnStartup MainProcess:False IndexOnStartup:True
Mono: successfully reloaded assembly
- Finished resetting the current domain, in  0.382 seconds
Domain Reload Profiling: 761ms
	BeginReloadAssembly (81ms)
		CreateAndSetChildDomain (11ms)
	RebuildCommonClasses (5ms)
	RebuildNativeTypeToScriptingClass (12ms)
	initialDomainReloadingComplete (57ms)
	LoadAllAssembliesAndSetupDomain (223ms)
		LoadAssemblies (67ms)
		AnalyzeDomain (161ms)
			TypeCache.Refresh (159ms)
				TypeCache.ScanAssembly (148ms)
	FinalizeReload (384ms)
		SetupLoadedEditorAssemblies (0ms)
			BeforeProcessingInitializeOnLoad (65ms)
			ProcessInitializeOnLoadAttributes (70ms)
			ProcessInitializeOnLoadMethodAttributes (190ms)
[Licensing::Client] Successfully resolved entitlement details
Application.AssetDatabase Initial Refresh Start
[Package Manager] Restoring resolved packages state from cache
[Licensing::Client] Successfully resolved entitlement details
[Package Manager] Registered 22 packages:
  Built-in packages:
    com.unity.modules.animation@1.0.0 (location: C:\Users\DreamNight\Documents\01My\personal\TowerDefenseUnity\Library\PackageCache\com.unity.modules.animation)
    com.unity.modules.audio@1.0.0 (location: C:\Users\DreamNight\Documents\01My\personal\TowerDefenseUnity\Library\PackageCache\com.unity.modules.audio)
    com.unity.modules.director@1.0.0 (location: C:\Users\DreamNight\Documents\01My\personal\TowerDefenseUnity\Library\PackageCache\com.unity.modules.director)
    com.unity.modules.imageconversion@1.0.0 (location: C:\Users\DreamNight\Documents\01My\personal\TowerDefenseUnity\Library\PackageCache\com.unity.modules.imageconversion)
    com.unity.modules.imgui@1.0.0 (location: C:\Users\DreamNight\Documents\01My\personal\TowerDefenseUnity\Library\PackageCache\com.unity.modules.imgui)
    com.unity.modules.jsonserialize@1.0.0 (location: C:\Users\DreamNight\Documents\01My\personal\TowerDefenseUnity\Library\PackageCache\com.unity.modules.jsonserialize)
    com.unity.modules.particlesystem@1.0.0 (location: C:\Users\DreamNight\Documents\01My\personal\TowerDefenseUnity\Library\PackageCache\com.unity.modules.particlesystem)
    com.unity.modules.physics@1.0.0 (location: C:\Users\DreamNight\Documents\01My\personal\TowerDefenseUnity\Library\PackageCache\com.unity.modules.physics)
    com.unity.modules.physics2d@1.0.0 (location: C:\Users\DreamNight\Documents\01My\personal\TowerDefenseUnity\Library\PackageCache\com.unity.modules.physics2d)
    com.unity.modules.screencapture@1.0.0 (location: C:\Users\DreamNight\Documents\01My\personal\TowerDefenseUnity\Library\PackageCache\com.unity.modules.screencapture)
    com.unity.modules.ui@1.0.0 (location: C:\Users\DreamNight\Documents\01My\personal\TowerDefenseUnity\Library\PackageCache\com.unity.modules.ui)
    com.unity.modules.uielements@1.0.0 (location: C:\Users\DreamNight\Documents\01My\personal\TowerDefenseUnity\Library\PackageCache\com.unity.modules.uielements)
    com.unity.ugui@2.5.0 (location: C:\Users\DreamNight\Documents\01My\personal\TowerDefenseUnity\Library\PackageCache\com.unity.ugui@1c4864518158)
    com.unity.modules.unitywebrequest@1.0.0 (location: C:\Users\DreamNight\Documents\01My\personal\TowerDefenseUnity\Library\PackageCache\com.unity.modules.unitywebrequest)
    com.unity.modules.unitywebrequestassetbundle@1.0.0 (location: C:\Users\DreamNight\Documents\01My\personal\TowerDefenseUnity\Library\PackageCache\com.unity.modules.unitywebrequestassetbundle)
    com.unity.modules.unitywebrequestaudio@1.0.0 (location: C:\Users\DreamNight\Documents\01My\personal\TowerDefenseUnity\Library\PackageCache\com.unity.modules.unitywebrequestaudio)
    com.unity.modules.unitywebrequesttexture@1.0.0 (location: C:\Users\DreamNight\Documents\01My\personal\TowerDefenseUnity\Library\PackageCache\com.unity.modules.unitywebrequesttexture)
    com.unity.modules.unitywebrequestwww@1.0.0 (location: C:\Users\DreamNight\Documents\01My\personal\TowerDefenseUnity\Library\PackageCache\com.unity.modules.unitywebrequestwww)
    com.unity.modules.video@1.0.0 (location: C:\Users\DreamNight\Documents\01My\personal\TowerDefenseUnity\Library\PackageCache\com.unity.modules.video)
    com.unity.modules.assetbundle@1.0.0 (location: C:\Users\DreamNight\Documents\01My\personal\TowerDefenseUnity\Library\PackageCache\com.unity.modules.assetbundle)
    com.unity.modules.hierarchycore@1.0.0 (location: C:\Users\DreamNight\Documents\01My\personal\TowerDefenseUnity\Library\PackageCache\com.unity.modules.hierarchycore)
    com.unity.modules.physicscore2d@1.0.0 (location: C:\Users\DreamNight\Documents\01My\personal\TowerDefenseUnity\Library\PackageCache\com.unity.modules.physicscore2d)
[Subsystems] No new subsystems found in resolved package list.
[Package Manager] Done registering packages in 0.01 seconds
[ScriptCompilation] Requested script compilation because: AssetDatabase observed changes in script compilation related files
Starting: C:\Program Files\Unity\Hub\Editor\6000.5.9f1\Editor\Data\Tools\BuildPipeline\bee_backend.exe --ipc --defer-dag-verification --dagfile="Library/Bee/1900b0aE.dag" --continue-on-failure --profile="Library/Bee/backend1.traceevents" ScriptAssemblies
WorkingDir: C:/Users/DreamNight/Documents/01My/personal/TowerDefenseUnity
DisplayProgressbar: Compiling Scripts
ExitCode: 0 Duration: 1s381ms
[216/222    1s] Csc Library/Bee/artifacts/1900b0aE.dag/Assembly-CSharp.dll (+2 others)
Assets\Scripts\Effects\BattleMusic.cs(33,17): warning CS0618: 'Object.FindFirstObjectByType<T>()' is obsolete: 'FindFirstObjectByType has been deprecated because it relies on instance ID ordering. Use FindAnyObjectByType instead, which does not depend on ordering.'

Assets\Scripts\Effects\BattleMusic.cs(38,25): warning CS0618: 'Object.FindFirstObjectByType<T>()' is obsolete: 'FindFirstObjectByType has been deprecated because it relies on instance ID ordering. Use FindAnyObjectByType instead, which does not depend on ordering.'

Assets\Scripts\Effects\BattleMusic.cs(50,29): warning CS0618: 'Object.FindFirstObjectByType<T>()' is obsolete: 'FindFirstObjectByType has been deprecated because it relies on instance ID ordering. Use FindAnyObjectByType instead, which does not depend on ordering.'

Assets\Scripts\Util\SpriteFactory.cs(179,19): warning CS0219: The variable 'half' is assigned but its value is never used
[220/222    0s] CopyFiles Library/ScriptAssemblies/Assembly-CSharp.pdb
[221/222    0s] CopyFiles Library/ScriptAssemblies/Assembly-CSharp.dll
*** Tundra build success (1.35 seconds), 3 items updated, 222 evaluated
Assets\Scripts\Effects\BattleMusic.cs(33,17): warning CS0618: 'Object.FindFirstObjectByType<T>()' is obsolete: 'FindFirstObjectByType has been deprecated because it relies on instance ID ordering. Use FindAnyObjectByType instead, which does not depend on ordering.'
Assets\Scripts\Effects\BattleMusic.cs(38,25): warning CS0618: 'Object.FindFirstObjectByType<T>()' is obsolete: 'FindFirstObjectByType has been deprecated because it relies on instance ID ordering. Use FindAnyObjectByType instead, which does not depend on ordering.'
Assets\Scripts\Effects\BattleMusic.cs(50,29): warning CS0618: 'Object.FindFirstObjectByType<T>()' is obsolete: 'FindFirstObjectByType has been deprecated because it relies on instance ID ordering. Use FindAnyObjectByType instead, which does not depend on ordering.'
Assets\Scripts\Util\SpriteFactory.cs(179,19): warning CS0219: The variable 'half' is assigned but its value is never used
Total cache size 2011508
Total cache size after purge 2011508, took 00:00:00.0109361
AssetDatabase: script compilation time: 1.751574s
Begin MonoManager ReloadAssembly
Native extension for WindowsStandalone target not found
Native extension for WebGL target not found
ScheduleIndexationOnStartup MainProcess:True IndexOnStartup:True
Mono: successfully reloaded assembly
- Finished resetting the current domain, in  0.295 seconds
Domain Reload Profiling: 585ms
	BeginReloadAssembly (158ms)
		DisableScriptedObjects (20ms)
		CreateAndSetChildDomain (52ms)
	RebuildCommonClasses (7ms)
	RebuildNativeTypeToScriptingClass (11ms)
	initialDomainReloadingComplete (28ms)
	LoadAllAssembliesAndSetupDomain (84ms)
		LoadAssemblies (55ms)
		AnalyzeDomain (14ms)
			TypeCache.Refresh (8ms)
				TypeCache.ScanAssembly (4ms)
			BuildScriptInfoCaches (4ms)
	FinalizeReload (296ms)
		SetupLoadedEditorAssemblies (0ms)
			BeforeProcessingInitializeOnLoad (58ms)
			ProcessInitializeOnLoadAttributes (48ms)
			ProcessInitializeOnLoadMethodAttributes (49ms)
			AfterProcessingInitializeOnLoad (5ms)
		AwakeInstancesAfterBackupRestoration (22ms)
Starting new worker id: 0 with log in C:/Users/DreamNight/Documents/01My/personal/TowerDefenseUnity/Logs/AssetImportWorkerHW0.log

Asset Pipeline Refresh (id=072de08c3c5462745ab648759716cfc5): Total: 2.530 seconds - Initiated by InitialRefreshV2(ForceSynchronousImport)
	(Values over 0.05ms)
	Summary:
		Imports: total=0 (actual=0, local cache=0, cache server=0)
		Asset DB Process Time: managed=0 ms, native=399 ms
		Asset DB Callback time: managed=40 ms, native=16 ms
		Scripting: domain reloads=1, domain reload time=310 ms, compile time=1753 ms, other=9 ms
		Project Asset Count: scripts=181, non-scripts=214
		Asset File Changes: new=0, changed=1, moved=0, deleted=0
		Scan Filter Count: 0
	InvokePackagesCallback: 11.057ms
	ApplyChangesToAssetFolders: 0.345ms
	Scan: 32.723ms
	Collect global state as custom dependencies: 7.928ms
	OnSourceAssetsModified: 0.573ms
	CategorizeScriptCompilationAssets: 0.975ms
	ProcessAssetsWithTransientArtifactChanges: 6.161ms
	CategorizeAssets: 2.639ms
	CompileScripts: 1753.352ms
	ImportOutOfDateAssets: 307.987ms (298.197ms without children)
		UnloadImportedAssets: 0.120ms
		ImportSchedulerStart: 9.626ms
	PostProcessAllAssets: 41.945ms
		VCAutoAddAssetPostprocess 1.566ms
		PostProcessCallbackCreateDeferredMaterials 0.063ms
		MonoPostProcessAllAssets: 39.679ms
			AssetPostprocessor.OnPostprocessAllAssets 12.712ms
			StyleCatalogPostProcessor.OnPostprocessAllAssets 5.959ms
			WindowAssetPostprocessingWatcher.OnPostprocessAllAssets 5.090ms
			BuilderAssetPostprocessor.OnPostprocessAllAssets 3.507ms
			AssetChangedListener.OnPostprocessAllAssets 1.377ms
			SyncVS.PostprocessSyncProject 0.948ms
			RetainedModeAssetPostprocessor.OnPostprocessAllAssets 0.842ms
			EditModeScopePostprocessor.OnPostprocessAllAssets 0.774ms
			SpeedTree9Postprocessor.OnPostprocessAllAssets 0.548ms
			ArtifactBrowserPostProcessor.OnPostprocessAllAssets 0.410ms
			TextAssetPostProcessor.OnPostprocessAllAssets 0.402ms
			AudioMixerPostprocessor.OnPostprocessAllAssets 0.192ms
			TMPro_TexturePostProcessor.OnPostprocessAllAssets 0.181ms
			TerrainToolbarOverlayPostProcessor.OnPostprocessAllAssets 0.179ms
			ReferencedClipsPostProcessor.OnPostprocessAllAssets 0.176ms
			AssetEvents.OnPostprocessAllAssets 0.144ms
			SpeedTreePostProcessor.OnPostprocessAllAssets 0.113ms
			AssetDatabaseCallbacks.OnPostprocessAllAssets 0.111ms
			ConfigAssetsTracker.OnPostprocessAllAssets 0.077ms
			RenderPipelineGlobalSettingsPostprocessor.OnPostprocessAllAssets 0.074ms
			ScenarioDriftAssetsTracker.OnPostprocessAllAssets 0.072ms
			AudioContainerPostProcessor.OnPostprocessAllAssets 0.054ms
	PostAssetChangesProfiler: 4.679ms
	UnloadStreamsBegin: 1.678ms
	GenerateScriptTypeHashes: 0.431ms
	GenerateScriptTypeSerializationHashes: 1.123ms
	Untracked: 353.359ms

Application.AssetDatabase Initial Refresh End
Launched and connected shader compiler UnityShaderCompiler.exe after 0.01 seconds
Scanning for USB devices : 5.662ms
Initializing Unity extensions:
[MODES] ModeService[none].Initialize
[MODES] ModeService[none].LoadModes
[MODES] Loading mode Default (0) for mode-current-id-TowerDefenseUnity
Unloading 3 Unused Serialized files (Serialized files now loaded: 0)
Unloading 471 unused Assets / (0.7 MB). Loaded Objects now: 1281.
Memory consumption went from 213.5 MB to 212.8 MB.
Total: 5.950300 ms (FindLiveObjects: 0.114600 ms CreateObjectMapping: 0.057900 ms MarkObjects: 3.419500 ms  DeleteObjects: 2.355900 ms)

TOUHOU_VERIFY PASS: five music assets and orthogonal routes
UnityEngine.Debug:ExtractStackTraceNoAlloc (byte*,int,string)
UnityEngine.StackTraceUtility:ExtractStackTrace ()
UnityEngine.DebugLogHandler:Internal_Log (UnityEngine.LogType,UnityEngine.LogOption,string,UnityEngine.Object)
UnityEngine.DebugLogHandler:LogFormat (UnityEngine.LogType,UnityEngine.Object,string,object[])
UnityEngine.Logger:Log (UnityEngine.LogType,object)
UnityEngine.Debug:Log (object)
BattleUiVerification:Run () (at Assets/Editor/BattleUiVerification.cs:45)
BattleUiPlayVerification:Run () (at Assets/Editor/BattleUiPlayVerification.cs:23)

(Filename: Assets/Editor/BattleUiVerification.cs Line: 45)

BATTLE_UI_VERIFY PASS: vertex-baked button visuals; minimum reference canvas preserved
UnityEngine.Debug:ExtractStackTraceNoAlloc (byte*,int,string)
UnityEngine.StackTraceUtility:ExtractStackTrace ()
UnityEngine.DebugLogHandler:Internal_Log (UnityEngine.LogType,UnityEngine.LogOption,string,UnityEngine.Object)
UnityEngine.DebugLogHandler:LogFormat (UnityEngine.LogType,UnityEngine.Object,string,object[])
UnityEngine.Logger:Log (UnityEngine.LogType,object)
UnityEngine.Debug:Log (object)
BattleUiVerification:Run () (at Assets/Editor/BattleUiVerification.cs:46)
BattleUiPlayVerification:Run () (at Assets/Editor/BattleUiPlayVerification.cs:23)

(Filename: Assets/Editor/BattleUiVerification.cs Line: 46)

[Project] Loading completed in 4.663 seconds
	Project init time: 				4.326 seconds
		Template init time: 		0.000 seconds
		Package Manager init time: 		0.289 seconds
		Asset Database init time: 		0.121 seconds
		Global illumination init time: 	0.002 seconds
		Assemblies load time: 			0.801 seconds
		Unity extensions init time: 	0.001 seconds
		Asset Database refresh time: 	2.531 seconds
	Scene opening time: 			0.141 seconds
##utp:{"type":"ProjectInfo","version":2,"phase":"Immediate","time":1789486468100,"processId":57972,"projectLoad":4.663100699999999,"projectInit":4.3260152,"templateInit":0.0,"packageManagerInit":0.2891184,"assetDatabaseInit":0.1209197,"globalIlluminationInit":0.0021349,"assembliesLoad":0.8006566,"unityExtensionsInit":0.0013977,"assetDatabaseRefresh":2.5305289,"sceneOpening":0.1410276}
##utp:{"type":"EditorInfo","version":2,"phase":"Immediate","time":1789486468100,"processId":57972,"editorVersion":"6000.5.9f1 (b57deb96f08d)","branch":"6000.5/staging","buildType":"Release","platform":"Windows"}
Reloading assemblies for play mode.
Reloading assemblies after forced synchronous recompile.
Begin MonoManager ReloadAssembly
Native extension for WindowsStandalone target not found
Native extension for WebGL target not found
ScheduleIndexationOnStartup MainProcess:True IndexOnStartup:True
Mono: successfully reloaded assembly
- Finished resetting the current domain, in  0.343 seconds
Domain Reload Profiling: 631ms
	BeginReloadAssembly (163ms)
		DisableScriptedObjects (25ms)
		CreateAndSetChildDomain (67ms)
	RebuildCommonClasses (7ms)
	RebuildNativeTypeToScriptingClass (12ms)
	initialDomainReloadingComplete (30ms)
	LoadAllAssembliesAndSetupDomain (76ms)
		LoadAssemblies (50ms)
		AnalyzeDomain (5ms)
			TypeCache.Refresh (2ms)
	FinalizeReload (344ms)
		SetupLoadedEditorAssemblies (0ms)
			BeforeProcessingInitializeOnLoad (58ms)
			ProcessInitializeOnLoadAttributes (50ms)
			ProcessInitializeOnLoadMethodAttributes (49ms)
			AfterProcessingInitializeOnLoad (5ms)
		AwakeInstancesAfterBackupRestoration (24ms)

Asset Pipeline Refresh (id=d9b90ceba1c4bb84e8867ed1d0c6081f): Total: 0.740 seconds - Initiated by StopAssetImportingV2(ForceSynchronousImport | ForceDomainReload)
	(Values over 0.05ms)
	Summary:
		Imports: total=0 (actual=0, local cache=0, cache server=0)
		Asset DB Process Time: managed=0 ms, native=384 ms
		Asset DB Callback time: managed=32 ms, native=12 ms
		Scripting: domain reloads=1, domain reload time=309 ms, compile time=1 ms, other=0 ms
		Project Asset Count: scripts=181, non-scripts=214
		Asset File Changes: new=0, changed=0, moved=0, deleted=0
		Scan Filter Count: 0
	InvokePackagesCallback: 1.430ms
	ApplyChangesToAssetFolders: 0.116ms
	Collect global state as custom dependencies: 0.841ms
	ProcessAssetsWithTransientArtifactChanges: 9.600ms
	CategorizeAssets: 2.397ms
	CompileScripts: 1.350ms
	ImportOutOfDateAssets: 346.490ms (345.262ms without children)
		CollectScriptTypesHashes: 0.226ms
		ReloadNativeAssets: 0.211ms
		UnloadImportedAssets: 0.153ms
		ImportSchedulerStart: 0.823ms
	PostProcessAllAssets: 41.777ms
		PostProcessCallbackCreateDeferredMaterials 1.101ms
		ShaderAssetModifiedCallback 0.579ms
		RaytracingShaderImportPostprocess 0.205ms
		ComputeShaderImportPostprocess 0.195ms
		SpeedTreeImporter.PostprocessAllAssets 0.164ms
		LocalizationDatabase.AssetDatabasePostprocessCallback 0.103ms
		AssemblyValidation.PostprocessAllAssets 0.083ms
		BlockShaderImporter.PostprocessAllAssets 0.083ms
		MonoPostProcessAllAssets: 31.926ms
			StyleCatalogPostProcessor.OnPostprocessAllAssets 5.852ms
			AssetPostprocessor.OnPostprocessAllAssets 5.054ms
			WindowAssetPostprocessingWatcher.OnPostprocessAllAssets 4.892ms
			BuilderAssetPostprocessor.OnPostprocessAllAssets 3.472ms
			AssetChangedListener.OnPostprocessAllAssets 1.556ms
			TextAssetPostProcessor.OnPostprocessAllAssets 1.060ms
			RetainedModeAssetPostprocessor.OnPostprocessAllAssets 0.935ms
			SyncVS.PostprocessSyncProject 0.920ms
			SpeedTree9Postprocessor.OnPostprocessAllAssets 0.639ms
			ArtifactBrowserPostProcessor.OnPostprocessAllAssets 0.397ms
			EditModeScopePostprocessor.OnPostprocessAllAssets 0.337ms
			ReferencedClipsPostProcessor.OnPostprocessAllAssets 0.196ms
			TMPro_TexturePostProcessor.OnPostprocessAllAssets 0.193ms
			AudioMixerPostprocessor.OnPostprocessAllAssets 0.175ms
			AssetEvents.OnPostprocessAllAssets 0.143ms
			TerrainToolbarOverlayPostProcessor.OnPostprocessAllAssets 0.129ms
			SpeedTreePostProcessor.OnPostprocessAllAssets 0.104ms
			AssetDatabaseCallbacks.OnPostprocessAllAssets 0.104ms
			ConfigAssetsTracker.OnPostprocessAllAssets 0.069ms
			ScenarioDriftAssetsTracker.OnPostprocessAllAssets 0.069ms
			RenderPipelineGlobalSettingsPostprocessor.OnPostprocessAllAssets 0.062ms
	PostAssetChangesProfiler: 2.572ms
	UnloadStreamsBegin: 0.102ms
	GenerateScriptTypeHashes: 0.956ms
	GenerateScriptTypeSerializationHashes: 2.224ms
	Untracked: 325.850ms

Sprite Tiling might not appear correctly because the Sprite used is not generated with Full Rect. To fix this, change the Mesh Type in the Sprite's import setting to Full Rect
UnityEngine.Debug:ExtractStackTraceNoAlloc (byte*,int,string)
UnityEngine.StackTraceUtility:ExtractStackTrace ()
UnityEngine.SpriteRenderer:set_drawMode (UnityEngine.SpriteDrawMode)
TowerDefense.Effects.WorldAmbience:BuildStars (UnityEngine.Transform) (at Assets/Scripts/Effects/WorldAmbience.cs:79)
TowerDefense.Effects.WorldAmbience:Build (UnityEngine.Transform) (at Assets/Scripts/Effects/WorldAmbience.cs:53)
TowerDefense.Effects.WorldAmbience:Create (UnityEngine.Transform) (at Assets/Scripts/Effects/WorldAmbience.cs:47)
TowerDefense.Core.GameManager:CreateWorld () (at Assets/Scripts/Core/GameManager.cs:194)
TowerDefense.Core.GameManager:Awake () (at Assets/Scripts/Core/GameManager.cs:102)
UnityEngine.GameObject:Internal_AddComponentWithType (System.Type)
UnityEngine.GameObject:AddComponent (System.Type)
UnityEngine.GameObject:AddComponent<TowerDefense.Core.GameManager> ()
TowerDefense.Core.GameBootstrap:AutoStart () (at Assets/Scripts/Core/GameBootstrap.cs:17)

[Assets/Scripts/Core/GameBootstrap.cs line 17]

Worker ready: AssetImportWorkerHW0 0
Sprite Tiling might not appear correctly because the Sprite used is not generated with Full Rect. To fix this, change the Mesh Type in the Sprite's import setting to Full Rect
UnityEngine.Debug:ExtractStackTraceNoAlloc (byte*,int,string)
UnityEngine.StackTraceUtility:ExtractStackTrace ()
UnityEngine.SpriteRenderer:set_drawMode (UnityEngine.SpriteDrawMode)
TowerDefense.Systems.MapSystem:BuildBoard (UnityEngine.Transform) (at Assets/Scripts/Systems/MapSystem.cs:155)
TowerDefense.Systems.MapSystem:Init (UnityEngine.Transform) (at Assets/Scripts/Systems/MapSystem.cs:35)
TowerDefense.Core.GameManager:CreateWorld () (at Assets/Scripts/Core/GameManager.cs:200)
TowerDefense.Core.GameManager:Awake () (at Assets/Scripts/Core/GameManager.cs:102)
UnityEngine.GameObject:Internal_AddComponentWithType (System.Type)
UnityEngine.GameObject:AddComponent (System.Type)
UnityEngine.GameObject:AddComponent<TowerDefense.Core.GameManager> ()
TowerDefense.Core.GameBootstrap:AutoStart () (at Assets/Scripts/Core/GameBootstrap.cs:17)

[Assets/Scripts/Core/GameBootstrap.cs line 17]

Loaded scene 'Temp/__Backupscenes/0.backup'
	Deserialize:            0.316 ms
	Integration:            1243.299 ms
	Integration of assets:  0.001 ms
	Thread Wait Time:       0.008 ms
	Total Operation Time:   1243.623 ms
[MODES] ModeService[none].Initialize
[MODES] ModeService[none].LoadModes
Start Indexing on Editor startup
[Indexing] Starting Initial Indexing for Assets
Created GICache directory at C:/Users/DreamNight/AppData/LocalLow/Unity/Caches/GiCache. Took: 0.012s, timestamps: [6.786 - 6.798]
[Licensing::Client] Successfully resolved entitlement details
Sprite Tiling might not appear correctly because the Sprite used is not generated with Full Rect. To fix this, change the Mesh Type in the Sprite's import setting to Full Rect
UnityEngine.Debug:ExtractStackTraceNoAlloc (byte*,int,string)
UnityEngine.StackTraceUtility:ExtractStackTrace ()
UnityEngine.SpriteRenderer:set_drawMode (UnityEngine.SpriteDrawMode)
TowerDefense.Effects.WorldAmbience:BuildStars (UnityEngine.Transform) (at Assets/Scripts/Effects/WorldAmbience.cs:79)
TowerDefense.Effects.WorldAmbience:Build (UnityEngine.Transform) (at Assets/Scripts/Effects/WorldAmbience.cs:53)
TowerDefense.Effects.WorldAmbience:Create (UnityEngine.Transform) (at Assets/Scripts/Effects/WorldAmbience.cs:47)
TowerDefense.Core.GameManager:CreateWorld () (at Assets/Scripts/Core/GameManager.cs:194)
TowerDefense.Core.GameManager:BeginRun (int,bool) (at Assets/Scripts/Core/GameManager.cs:711)
BattleUiPlayVerification:Tick () (at Assets/Editor/BattleUiPlayVerification.cs:40)
UnityEditor.EditorApplication:Internal_CallUpdateFunctions ()

[Assets/Scripts/Core/GameManager.cs line 194]

Sprite Tiling might not appear correctly because the Sprite used is not generated with Full Rect. To fix this, change the Mesh Type in the Sprite's import setting to Full Rect
UnityEngine.Debug:ExtractStackTraceNoAlloc (byte*,int,string)
UnityEngine.StackTraceUtility:ExtractStackTrace ()
UnityEngine.SpriteRenderer:set_drawMode (UnityEngine.SpriteDrawMode)
TowerDefense.Systems.MapSystem:BuildBoard (UnityEngine.Transform) (at Assets/Scripts/Systems/MapSystem.cs:155)
TowerDefense.Systems.MapSystem:Init (UnityEngine.Transform) (at Assets/Scripts/Systems/MapSystem.cs:35)
TowerDefense.Core.GameManager:CreateWorld () (at Assets/Scripts/Core/GameManager.cs:200)
TowerDefense.Core.GameManager:BeginRun (int,bool) (at Assets/Scripts/Core/GameManager.cs:711)
BattleUiPlayVerification:Tick () (at Assets/Editor/BattleUiPlayVerification.cs:40)
UnityEditor.EditorApplication:Internal_CallUpdateFunctions ()

[Assets/Scripts/Core/GameManager.cs line 200]

Request timed out while processing request "https://public-cdn.cloud.unity3d.com/config/production", HTTP error code 0
.[UnityConnect] Request timed out.
Sprite Tiling might not appear correctly because the Sprite used is not generated with Full Rect. To fix this, change the Mesh Type in the Sprite's import setting to Full Rect
UnityEngine.Debug:ExtractStackTraceNoAlloc (byte*,int,string)
UnityEngine.StackTraceUtility:ExtractStackTrace ()
UnityEngine.SpriteRenderer:set_drawMode (UnityEngine.SpriteDrawMode)
TowerDefense.Effects.WorldAmbience:BuildStars (UnityEngine.Transform) (at Assets/Scripts/Effects/WorldAmbience.cs:79)
TowerDefense.Effects.WorldAmbience:Build (UnityEngine.Transform) (at Assets/Scripts/Effects/WorldAmbience.cs:53)
TowerDefense.Effects.WorldAmbience:Create (UnityEngine.Transform) (at Assets/Scripts/Effects/WorldAmbience.cs:47)
TowerDefense.Core.GameManager:CreateWorld () (at Assets/Scripts/Core/GameManager.cs:194)
TowerDefense.Core.GameManager:BeginRun (int,bool) (at Assets/Scripts/Core/GameManager.cs:711)
TowerDefense.Core.GameManager:Restart () (at Assets/Scripts/Core/GameManager.cs:743)
BattleUiPlayVerification:Tick () (at Assets/Editor/BattleUiPlayVerification.cs:67)
UnityEditor.EditorApplication:Internal_CallUpdateFunctions ()

[Assets/Scripts/Core/GameManager.cs line 194]

Sprite Tiling might not appear correctly because the Sprite used is not generated with Full Rect. To fix this, change the Mesh Type in the Sprite's import setting to Full Rect
UnityEngine.Debug:ExtractStackTraceNoAlloc (byte*,int,string)
UnityEngine.StackTraceUtility:ExtractStackTrace ()
UnityEngine.SpriteRenderer:set_drawMode (UnityEngine.SpriteDrawMode)
TowerDefense.Systems.MapSystem:BuildBoard (UnityEngine.Transform) (at Assets/Scripts/Systems/MapSystem.cs:155)
TowerDefense.Systems.MapSystem:Init (UnityEngine.Transform) (at Assets/Scripts/Systems/MapSystem.cs:35)
TowerDefense.Core.GameManager:CreateWorld () (at Assets/Scripts/Core/GameManager.cs:200)
TowerDefense.Core.GameManager:BeginRun (int,bool) (at Assets/Scripts/Core/GameManager.cs:711)
TowerDefense.Core.GameManager:Restart () (at Assets/Scripts/Core/GameManager.cs:743)
BattleUiPlayVerification:Tick () (at Assets/Editor/BattleUiPlayVerification.cs:67)
UnityEditor.EditorApplication:Internal_CallUpdateFunctions ()

[Assets/Scripts/Core/GameManager.cs line 200]

TOUHOU_AUDIO_PLAY PASS: looping playback and mute toggle
UnityEngine.Debug:ExtractStackTraceNoAlloc (byte*,int,string)
UnityEngine.StackTraceUtility:ExtractStackTrace ()
UnityEngine.DebugLogHandler:Internal_Log (UnityEngine.LogType,UnityEngine.LogOption,string,UnityEngine.Object)
UnityEngine.DebugLogHandler:LogFormat (UnityEngine.LogType,UnityEngine.Object,string,object[])
UnityEngine.Logger:Log (UnityEngine.LogType,object)
UnityEngine.Debug:Log (object)
BattleUiPlayVerification:Tick () (at Assets/Editor/BattleUiPlayVerification.cs:108)
UnityEditor.EditorApplication:Internal_CallUpdateFunctions ()

(Filename: Assets/Editor/BattleUiPlayVerification.cs Line: 108)

BATTLE_UI_PLAY PASS: bootstrap, pause overlay, restart, dossier; screenshots captured
UnityEngine.Debug:ExtractStackTraceNoAlloc (byte*,int,string)
UnityEngine.StackTraceUtility:ExtractStackTrace ()
UnityEngine.DebugLogHandler:Internal_Log (UnityEngine.LogType,UnityEngine.LogOption,string,UnityEngine.Object)
UnityEngine.DebugLogHandler:LogFormat (UnityEngine.LogType,UnityEngine.Object,string,object[])
UnityEngine.Logger:Log (UnityEngine.LogType,object)
UnityEngine.Debug:Log (object)
BattleUiPlayVerification:Tick () (at Assets/Editor/BattleUiPlayVerification.cs:109)
UnityEditor.EditorApplication:Internal_CallUpdateFunctions ()

(Filename: Assets/Editor/BattleUiPlayVerification.cs Line: 109)

MonoPathRemapper: Attempts to remap: 2937; Successful remaps: 1292
Serialized file version minimum: 23, current 23
[Physics::Module] Cleanup current backend.
[Physics::Module] Id: 0xf2b8ea05
Input System module state changed to: ShutdownInProgress.
Input Polling Thread exited.
Input System module state changed to: Shutdown.
[Licensing::IpcConnector] LicenseClient-DreamNight-notifications channel disconnected successfully.
[Licensing::IpcConnector] LicenseClient-DreamNight channel disconnected successfully.
Lingering sessions upon destruction of worker manager
AcceleratorClientConnectionCallback - disconnected - :0
Cleanup mono
CodeReloadManager destroyed
Checking for leaked weakptr:
  Found no leaked weakptrs.
[Package Manager] Server process was shutdown
##utp:{"type":"MemoryLeaks","version":2,"phase":"Immediate","time":1789486487974,"processId":57972,"allocatedMemory":11923090,"memoryLabels":[{"Default":187204},{"Permanent":15516},{"NewDelete":66985},{"Thread":4205176},{"Manager":39559},{"VertexData":8},{"Geometry":816},{"Texture":24},{"Shader":840457},{"Material":24},{"GfxDevice":57848},{"Animation":952},{"FreeType":8},{"FontEngine":736},{"Physics":2146},{"Physics2D":16},{"Serialization":1016},{"Input":42840},{"JobScheduler":256},{"TextLib":280},{"Mono":48},{"ScriptingNativeRuntime":674964},{"BaseObject":1670072},{"Resource":1208},{"Renderer":3080},{"Transform":4685},{"File":4013},{"WebCam":616},{"Culling":32},{"Terrain":11442},{"Wind":24},{"STL":40},{"String":22019},{"StaticString":3808},{"Utility":2675958},{"Curl":1828},{"PoolAlloc":2168},{"AI":80},{"TypeTree":17165},{"CodeReload":448},{"RuntimeInitializeOnLoadManager":64},{"Sprites":102},{"SpriteAtlas":120},{"GI":7816},{"Director":8296},{"CloudService":9512},{"WebRequest":552},{"VR":47114},{"SceneManager":608},{"Video":208},{"LazyScriptCache":32},{"Camera":17},{"Secure":2377},{"SerializationCache":1576},{"APIUpdating":10320},{"Subsystems":336},{"VirtualTexturing":57888},{"StaticSafetyDebugInfo":278528},{"Analytics":552},{"Hierarchy":1176},{"UIElements":72},{"CoreStats":13688},{"Identifiers":6768},{"Gui":128},{"EditorUtility":110083},{"VersionControl":8},{"Undo":931},{"AssetDatabase":753713},{"AssetImporter":40},{"EditorGi":328},{"UnityConnect":38892},{"Upm":1912},{"UpmDiagnostics":8},{"AssetCompliance":64},{"DrivenProperties":72},{"LocalIPC":216},{"ProfilerEditor":9746},{"CoreBusinessMetrics":3486},{"Windowing":456},{"Licensing":1232},{"AssetReference":32},{"IPCStream":32}]}
