.reports is not a valid directory name. Please make sure there are no unallowed characters in the name.
.reports is not a valid directory name. Please make sure there are no unallowed characters in the name.
[Licensing::Module] Trying to connect to existing licensing client channel...
Built from '6000.5/staging' branch; Version is '6000.5.9f1 (b57deb96f08d) revision 11894251'; Using compiler version '194234433'; Build Type 'Release'
[Licensing::IpcConnector] Channel LicenseClient-DreamNight doesn't exist
OS: 'Windows 11  (10.0.26200) CoreCountrySpecific' Language: 'zh' Physical Memory: 31928 MB
BatchMode: 1, IsHumanControllingUs: 0, StartBugReporterOnCrash: 0, Is64bit: 1
System  architecture: x64
Process architecture: x64
Date: 2026-09-15T15:17:25Z
[Licensing::Module] Successfully launched the LicensingClient (PId: 42804)

COMMAND LINE ARGUMENTS:
C:\Program Files\Unity\Hub\Editor\6000.5.9f1\Editor\Unity.exe
-batchmode
-projectPath
C:\Users\DreamNight\Documents\01My\personal\TowerDefenseUnity
-executeMethod
BattleUiPlayVerification.Run
-logFile
C:\Users\DreamNight\Documents\01My\personal\TowerDefenseUnity\.reports\uiopt-run3.log
Successfully changed project path to: C:\Users\DreamNight\Documents\01My\personal\TowerDefenseUnity
C:/Users/DreamNight/Documents/01My/personal/TowerDefenseUnity
[UnityMemory] Configuration Parameters - Can be set up in boot.config
    "memorysetup-temp-allocator-size-gi-baking-worker=262144"
    "memorysetup-temp-allocator-size-gi-baking-worker=262144"
    "memorysetup-temp-allocator-size-gi-baking-worker=262144"
    "memorysetup-temp-allocator-size-gi-baking-worker=262144"
    "memorysetup-temp-allocator-size-gi-baking-worker=262144"
    "memorysetup-temp-allocator-size-nav-mesh-worker=65536"
    "memorysetup-temp-allocator-size-audio-worker=65536"
    "memorysetup-temp-allocator-size-cloud-worker=32768"
    "memorysetup-temp-allocator-size-gfx=262144"
    "memorysetup-remapper-allocator-initial-capacity=32768"
    "memorysetup-temp-allocator-size-preload-manager=33554432"
    "memorysetup-allocator-temp-initial-block-size-main=262144"
    "memorysetup-allocator-temp-initial-block-size-worker=262144"
    "memorysetup-temp-allocator-size-job-worker=262144"
    "memorysetup-temp-allocator-size-background-worker=32768"
    "memorysetup-bucket-allocator-granularity=16"
    "memorysetup-bucket-allocator-bucket-count=8"
    "memorysetup-bucket-allocator-block-size=33554432"
    "memorysetup-bucket-allocator-block-count=8"
    "memorysetup-main-allocator-block-size=16777216"
    "memorysetup-thread-allocator-block-size=16777216"
    "memorysetup-main-allocator-mimalloc-enabled=0"
    "memorysetup-gfx-main-allocator-block-size=16777216"
    "memorysetup-gfx-thread-allocator-block-size=16777216"
    "memorysetup-cache-allocator-block-size=4194304"
    "memorysetup-typetree-allocator-block-size=2097152"
    "memorysetup-profiler-bucket-allocator-granularity=16"
    "memorysetup-profiler-bucket-allocator-bucket-count=8"
    "memorysetup-profiler-bucket-allocator-block-size=33554432"
    "memorysetup-profiler-bucket-allocator-block-count=8"
    "memorysetup-profiler-allocator-block-size=16777216"
    "memorysetup-profiler-editor-allocator-block-size=1048576"
    "memorysetup-temp-allocator-size-main=16777216"
    "memorysetup-job-temp-allocator-block-size=2097152"
    "memorysetup-job-temp-allocator-block-size-background=1048576"
    "memorysetup-job-temp-allocator-reduction-small-platforms=262144"
Logging is directed to a specific file, skipping project log.Player connection [25808]  Target information:

Player connection [25808]  * "[IP] 100.70.23.8 [Port] 55504 [Flags] 2 [Guid] 3110423022 [EditorId] 3110423022 [Version] 1048832 [Id] WindowsEditor(7,DNT-ROG) [Debug] 1 [PackageName] WindowsEditor [ProjectName] Editor" 

Player connection [25808]  * "[IP] 198.18.0.1 [Port] 55504 [Flags] 2 [Guid] 3110423022 [EditorId] 3110423022 [Version] 1048832 [Id] WindowsEditor(7,DNT-ROG) [Debug] 1 [PackageName] WindowsEditor [ProjectName] Editor" 

Player connection [25808]  * "[IP] 10.158.32.165 [Port] 55504 [Flags] 2 [Guid] 3110423022 [EditorId] 3110423022 [Version] 1048832 [Id] WindowsEditor(7,DNT-ROG) [Debug] 1 [PackageName] WindowsEditor [ProjectName] Editor" 

Player connection [25808] Host joined multi-casting on [225.0.0.222:54997]...
Player connection [25808] Host joined alternative multi-casting on [225.0.0.222:34997]...
Input System module state changed to: Initialized.
[Physics::Module] Initialized fallback backend.
[Physics::Module] Id: 0xdecafbad
[Licensing::IpcConnector] Successfully connected to: "LicenseClient-DreamNight" at "2026-09-15T15:17:26.0589475Z"
[Licensing::Client] Code 10 while verifying Licensing Client signature (process Id: 42804, path: "C:/Program Files/Unity/Hub/Editor/6000.5.9f1/Editor/Data/Resources/Licensing/Client/Unity.Licensing.Client.exe")
[Licensing::Module] LicensingClient has failed validation; ignoring
[Package Manager] Connected to IPC stream "Upm-50188" after 0.2 seconds.
[Licensing::Module] Licensing is not yet initialized.
[Licensing::Client] Handshaking with LicensingClient:
  Version:                 1.18.3+d7ffd15
  Session Id:              6339d7ebdc1b4d768286a87953d288e2
  Correlation Id:          a1d7f556b03ab2da92318d7c8dfa0208
  External correlation Id: 4819382379070805991
  Machine Id:              lpR/o6WFQFljK/3tZlA5ZACwwJc=
[Licensing::Module] Successfully connected to LicensingClient on channel: "LicenseClient-DreamNight" (connect: 0.37s, validation: 0.05s, handshake: 0.04s)
[Licensing::IpcConnector] Successfully connected to: "LicenseClient-DreamNight-notifications" at "2026-09-15T15:17:26.1469726Z"
[Licensing::Module] Connected to LicensingClient (PId: 42804, launch time: 0.01, total connection time: 0.46s)
[Licensing::Module] Error: Access token is unavailable; failed to update
[Licensing::Client] Successfully resolved entitlement details
[Licensing::Module] License group:
  Id: 18968485699489-UnityPersXXXX
  Product: Unity Personal
  Type: Assigned
  Expiration: Unlimited
[Licensing::Client] Successfully updated license, isAsync: True, time: 0.01
[Licensing::Client] Successfully resolved entitlement details
[Licensing::Module] Licensing Background thread has ended after 0.50s
[Licensing::Module] Licensing is initialized (took 0.07s).
[Licensing::Client] Successfully resolved entitlement details
Library Redirect Path: Library/
[Physics::Module] Selected backend.
[Physics::Module] Name: PhysX
[Physics::Module] Id: 0xf2b8ea05
[Physics::Module] SDK Version: 4.1.2
[Physics::Module] Integration Version: 1.0.0
[Physics::Module] Threading Mode: Multi-Threaded
Initialize engine version: 6000.5.9f1 (b57deb96f08d)
[Subsystems] Discovering subsystems at path C:/Program Files/Unity/Hub/Editor/6000.5.9f1/Editor/Data/Resources/UnitySubsystems
[Subsystems] Discovering subsystems at path C:/Users/DreamNight/Documents/01My/personal/TowerDefenseUnity/Assets
GfxDevice: creating device client; kGfxThreadingModeNonThreaded
d3d12: failed to query info queue interface (0x80004002).
Direct3D:
    Version:         Direct3D 12 [level 12.2]
    Renderer:        NVIDIA GeForce RTX 5070 Ti Laptop GPU (ID=0x2f58)
    Vendor:          NVIDIA
    VRAM:            11944 MB
    App VRAM Budget: 11176 MB
    Driver:          32.0.16.1692
Initialize mono
Mono path[0] = 'C:/Program Files/Unity/Hub/Editor/6000.5.9f1/Editor/Data/Managed'
Mono path[1] = 'C:/Program Files/Unity/Hub/Editor/6000.5.9f1/Editor/Data/BCLExtensions/runtime/netstandard2.1'
Mono path[2] = 'C:/Program Files/Unity/Hub/Editor/6000.5.9f1/Editor/Data/MonoBleedingEdge/lib/mono/unityjit-win32'
Mono config path = 'C:/Program Files/Unity/Hub/Editor/6000.5.9f1/Editor/Data/MonoBleedingEdge/etc'
Using monoOptions --debugger-agent=transport=dt_socket,embedding=1,server=y,suspend=n,address=127.0.0.1:56188
CodeReloadManager initialized
ImportWorker Server TCP listen port: 0
AcceleratorClientConnectionCallback - disconnected - :0
Begin MonoManager ReloadAssembly
Registering precompiled unity dll's ...
Register platform support module: C:/Program Files/Unity/Hub/Editor/6000.5.9f1/Editor/Data/PlaybackEngines/WebGLSupport/UnityEditor.WebGL.Extensions.dll
Register platform support module: C:/Program Files/Unity/Hub/Editor/6000.5.9f1/Editor/Data/PlaybackEngines/WindowsStandaloneSupport/UnityEditor.WindowsStandalone.Extensions.dll
Registered in 0.001964 seconds.
Native extension for WindowsStandalone target not found
Native extension for WebGL target not found
Package Manager log level set to [2]
ScheduleIndexationOnStartup MainProcess:False IndexOnStartup:True
Mono: successfully reloaded assembly
- Finished resetting the current domain, in  0.362 seconds
Domain Reload Profiling: 725ms
	BeginReloadAssembly (74ms)
		CreateAndSetChildDomain (7ms)
	RebuildCommonClasses (4ms)
	RebuildNativeTypeToScriptingClass (13ms)
	initialDomainReloadingComplete (56ms)
	LoadAllAssembliesAndSetupDomain (216ms)
		LoadAssemblies (65ms)
		AnalyzeDomain (157ms)
			TypeCache.Refresh (156ms)
				TypeCache.ScanAssembly (145ms)
	FinalizeReload (363ms)
		SetupLoadedEditorAssemblies (0ms)
			BeforeProcessingInitializeOnLoad (61ms)
			ProcessInitializeOnLoadAttributes (67ms)
			ProcessInitializeOnLoadMethodAttributes (180ms)
[Licensing::Client] Successfully resolved entitlement details
Application.AssetDatabase Initial Refresh Start
[Package Manager] Restoring resolved packages state from cache
[Licensing::Client] Successfully resolved entitlement details
[Package Manager] Registered 22 packages:
  Built-in packages:
    com.unity.modules.animation@1.0.0 (location: C:\Users\DreamNight\Documents\01My\personal\TowerDefenseUnity\Library\PackageCache\com.unity.modules.animation)
    com.unity.modules.audio@1.0.0 (location: C:\Users\DreamNight\Documents\01My\personal\TowerDefenseUnity\Library\PackageCache\com.unity.modules.audio)
    com.unity.modules.director@1.0.0 (location: C:\Users\DreamNight\Documents\01My\personal\TowerDefenseUnity\Library\PackageCache\com.unity.modules.director)
    com.unity.modules.imageconversion@1.0.0 (location: C:\Users\DreamNight\Documents\01My\personal\TowerDefenseUnity\Library\PackageCache\com.unity.modules.imageconversion)
    com.unity.modules.imgui@1.0.0 (location: C:\Users\DreamNight\Documents\01My\personal\TowerDefenseUnity\Library\PackageCache\com.unity.modules.imgui)
    com.unity.modules.jsonserialize@1.0.0 (location: C:\Users\DreamNight\Documents\01My\personal\TowerDefenseUnity\Library\PackageCache\com.unity.modules.jsonserialize)
    com.unity.modules.particlesystem@1.0.0 (location: C:\Users\DreamNight\Documents\01My\personal\TowerDefenseUnity\Library\PackageCache\com.unity.modules.particlesystem)
    com.unity.modules.physics@1.0.0 (location: C:\Users\DreamNight\Documents\01My\personal\TowerDefenseUnity\Library\PackageCache\com.unity.modules.physics)
    com.unity.modules.physics2d@1.0.0 (location: C:\Users\DreamNight\Documents\01My\personal\TowerDefenseUnity\Library\PackageCache\com.unity.modules.physics2d)
    com.unity.modules.screencapture@1.0.0 (location: C:\Users\DreamNight\Documents\01My\personal\TowerDefenseUnity\Library\PackageCache\com.unity.modules.screencapture)
    com.unity.modules.ui@1.0.0 (location: C:\Users\DreamNight\Documents\01My\personal\TowerDefenseUnity\Library\PackageCache\com.unity.modules.ui)
    com.unity.modules.uielements@1.0.0 (location: C:\Users\DreamNight\Documents\01My\personal\TowerDefenseUnity\Library\PackageCache\com.unity.modules.uielements)
    com.unity.ugui@2.5.0 (location: C:\Users\DreamNight\Documents\01My\personal\TowerDefenseUnity\Library\PackageCache\com.unity.ugui@1c4864518158)
    com.unity.modules.unitywebrequest@1.0.0 (location: C:\Users\DreamNight\Documents\01My\personal\TowerDefenseUnity\Library\PackageCache\com.unity.modules.unitywebrequest)
    com.unity.modules.unitywebrequestassetbundle@1.0.0 (location: C:\Users\DreamNight\Documents\01My\personal\TowerDefenseUnity\Library\PackageCache\com.unity.modules.unitywebrequestassetbundle)
    com.unity.modules.unitywebrequestaudio@1.0.0 (location: C:\Users\DreamNight\Documents\01My\personal\TowerDefenseUnity\Library\PackageCache\com.unity.modules.unitywebrequestaudio)
    com.unity.modules.unitywebrequesttexture@1.0.0 (location: C:\Users\DreamNight\Documents\01My\personal\TowerDefenseUnity\Library\PackageCache\com.unity.modules.unitywebrequesttexture)
    com.unity.modules.unitywebrequestwww@1.0.0 (location: C:\Users\DreamNight\Documents\01My\personal\TowerDefenseUnity\Library\PackageCache\com.unity.modules.unitywebrequestwww)
    com.unity.modules.video@1.0.0 (location: C:\Users\DreamNight\Documents\01My\personal\TowerDefenseUnity\Library\PackageCache\com.unity.modules.video)
    com.unity.modules.assetbundle@1.0.0 (location: C:\Users\DreamNight\Documents\01My\personal\TowerDefenseUnity\Library\PackageCache\com.unity.modules.assetbundle)
    com.unity.modules.hierarchycore@1.0.0 (location: C:\Users\DreamNight\Documents\01My\personal\TowerDefenseUnity\Library\PackageCache\com.unity.modules.hierarchycore)
    com.unity.modules.physicscore2d@1.0.0 (location: C:\Users\DreamNight\Documents\01My\personal\TowerDefenseUnity\Library\PackageCache\com.unity.modules.physicscore2d)
[Subsystems] No new subsystems found in resolved package list.
[Package Manager] Done registering packages in 0.01 seconds
[ScriptCompilation] Requested script compilation because: AssetDatabase observed changes in script compilation related files
Starting: C:\Program Files\Unity\Hub\Editor\6000.5.9f1\Editor\Data\Tools\BuildPipeline\bee_backend.exe --ipc --defer-dag-verification --dagfile="Library/Bee/1900b0aE.dag" --continue-on-failure --profile="Library/Bee/backend1.traceevents" ScriptAssemblies
WorkingDir: C:/Users/DreamNight/Documents/01My/personal/TowerDefenseUnity
DisplayProgressbar: Compiling Scripts
ExitCode: 0 Duration: 1s628ms
[216/222    1s] Csc Library/Bee/artifacts/1900b0aE.dag/Assembly-CSharp.dll (+2 others)
Assets\Scripts\Effects\BattleMusic.cs(33,17): warning CS0618: 'Object.FindFirstObjectByType<T>()' is obsolete: 'FindFirstObjectByType has been deprecated because it relies on instance ID ordering. Use FindAnyObjectByType instead, which does not depend on ordering.'

Assets\Scripts\Effects\BattleMusic.cs(38,25): warning CS0618: 'Object.FindFirstObjectByType<T>()' is obsolete: 'FindFirstObjectByType has been deprecated because it relies on instance ID ordering. Use FindAnyObjectByType instead, which does not depend on ordering.'

Assets\Scripts\Effects\BattleMusic.cs(50,29): warning CS0618: 'Object.FindFirstObjectByType<T>()' is obsolete: 'FindFirstObjectByType has been deprecated because it relies on instance ID ordering. Use FindAnyObjectByType instead, which does not depend on ordering.'

Assets\Scripts\Util\SpriteFactory.cs(179,19): warning CS0219: The variable 'half' is assigned but its value is never used
[217/222    0s] CopyFiles Library/ScriptAssemblies/Assembly-CSharp.pdb
[218/222    0s] CopyFiles Library/ScriptAssemblies/Assembly-CSharp.dll
[219/222    0s] Csc Library/Bee/artifacts/1900b0aE.dag/Assembly-CSharp-Editor.dll (+2 others)
Assets\Editor\BattleUiPlayVerification.cs(37,28): warning CS0618: 'Object.FindFirstObjectByType<T>()' is obsolete: 'FindFirstObjectByType has been deprecated because it relies on instance ID ordering. Use FindAnyObjectByType instead, which does not depend on ordering.'

Assets\Editor\BattleUiPlayVerification.cs(44,22): warning CS0618: 'Object.FindFirstObjectByType<T>()' is obsolete: 'FindFirstObjectByType has been deprecated because it relies on instance ID ordering. Use FindAnyObjectByType instead, which does not depend on ordering.'

Assets\Editor\BattleUiPlayVerification.cs(87,29): warning CS0618: 'Object.FindFirstObjectByType<T>()' is obsolete: 'FindFirstObjectByType has been deprecated because it relies on instance ID ordering. Use FindAnyObjectByType instead, which does not depend on ordering.'

Assets\Editor\MenuFlowVerification.cs(53,20): warning CS0618: 'Object.FindFirstObjectByType<T>()' is obsolete: 'FindFirstObjectByType has been deprecated because it relies on instance ID ordering. Use FindAnyObjectByType instead, which does not depend on ordering.'

Assets\Editor\MenuFlowVerification.cs(88,18): warning CS0618: 'Object.FindFirstObjectByType<T>()' is obsolete: 'FindFirstObjectByType has been deprecated because it relies on instance ID ordering. Use FindAnyObjectByType instead, which does not depend on ordering.'
[220/222    0s] CopyFiles Library/ScriptAssemblies/Assembly-CSharp-Editor.pdb
[221/222    0s] CopyFiles Library/ScriptAssemblies/Assembly-CSharp-Editor.dll
*** Tundra build success (1.60 seconds), 6 items updated, 222 evaluated
Assets\Scripts\Effects\BattleMusic.cs(33,17): warning CS0618: 'Object.FindFirstObjectByType<T>()' is obsolete: 'FindFirstObjectByType has been deprecated because it relies on instance ID ordering. Use FindAnyObjectByType instead, which does not depend on ordering.'
Assets\Scripts\Effects\BattleMusic.cs(38,25): warning CS0618: 'Object.FindFirstObjectByType<T>()' is obsolete: 'FindFirstObjectByType has been deprecated because it relies on instance ID ordering. Use FindAnyObjectByType instead, which does not depend on ordering.'
Assets\Scripts\Effects\BattleMusic.cs(50,29): warning CS0618: 'Object.FindFirstObjectByType<T>()' is obsolete: 'FindFirstObjectByType has been deprecated because it relies on instance ID ordering. Use FindAnyObjectByType instead, which does not depend on ordering.'
Assets\Scripts\Util\SpriteFactory.cs(179,19): warning CS0219: The variable 'half' is assigned but its value is never used
Assets\Editor\BattleUiPlayVerification.cs(37,28): warning CS0618: 'Object.FindFirstObjectByType<T>()' is obsolete: 'FindFirstObjectByType has been deprecated because it relies on instance ID ordering. Use FindAnyObjectByType instead, which does not depend on ordering.'
Assets\Editor\BattleUiPlayVerification.cs(44,22): warning CS0618: 'Object.FindFirstObjectByType<T>()' is obsolete: 'FindFirstObjectByType has been deprecated because it relies on instance ID ordering. Use FindAnyObjectByType instead, which does not depend on ordering.'
Assets\Editor\BattleUiPlayVerification.cs(87,29): warning CS0618: 'Object.FindFirstObjectByType<T>()' is obsolete: 'FindFirstObjectByType has been deprecated because it relies on instance ID ordering. Use FindAnyObjectByType instead, which does not depend on ordering.'
Assets\Editor\MenuFlowVerification.cs(53,20): warning CS0618: 'Object.FindFirstObjectByType<T>()' is obsolete: 'FindFirstObjectByType has been deprecated because it relies on instance ID ordering. Use FindAnyObjectByType instead, which does not depend on ordering.'
Assets\Editor\MenuFlowVerification.cs(88,18): warning CS0618: 'Object.FindFirstObjectByType<T>()' is obsolete: 'FindFirstObjectByType has been deprecated because it relies on instance ID ordering. Use FindAnyObjectByType instead, which does not depend on ordering.'
Total cache size 2011508
Total cache size after purge 2011508, took 00:00:00.0175962
AssetDatabase: script compilation time: 2.056432s
Begin MonoManager ReloadAssembly
Native extension for WindowsStandalone target not found
Native extension for WebGL target not found
ScheduleIndexationOnStartup MainProcess:True IndexOnStartup:True
Mono: successfully reloaded assembly
- Finished resetting the current domain, in  0.329 seconds
Domain Reload Profiling: 675ms
	BeginReloadAssembly (195ms)
		DisableScriptedObjects (42ms)
		CreateAndSetChildDomain (55ms)
	RebuildCommonClasses (8ms)
	RebuildNativeTypeToScriptingClass (12ms)
	initialDomainReloadingComplete (32ms)
	LoadAllAssembliesAndSetupDomain (97ms)
		LoadAssemblies (67ms)
		AnalyzeDomain (16ms)
			TypeCache.Refresh (8ms)
				TypeCache.ScanAssembly (5ms)
			BuildScriptInfoCaches (5ms)
	FinalizeReload (331ms)
		SetupLoadedEditorAssemblies (0ms)
			BeforeProcessingInitializeOnLoad (65ms)
			ProcessInitializeOnLoadAttributes (53ms)
			ProcessInitializeOnLoadMethodAttributes (55ms)
			AfterProcessingInitializeOnLoad (6ms)
		AwakeInstancesAfterBackupRestoration (24ms)
Starting new worker id: 0 with log in C:/Users/DreamNight/Documents/01My/personal/TowerDefenseUnity/Logs/AssetImportWorkerHW0.log

Asset Pipeline Refresh (id=4ed0d3b046a90294c9a355d85ff31cca): Total: 2.943 seconds - Initiated by InitialRefreshV2(ForceSynchronousImport)
	(Values over 0.05ms)
	Summary:
		Imports: total=0 (actual=0, local cache=0, cache server=0)
		Asset DB Process Time: managed=0 ms, native=441 ms
		Asset DB Callback time: managed=45 ms, native=15 ms
		Scripting: domain reloads=1, domain reload time=373 ms, compile time=2058 ms, other=9 ms
		Project Asset Count: scripts=181, non-scripts=214
		Asset File Changes: new=0, changed=3, moved=0, deleted=0
		Scan Filter Count: 0
	InvokePackagesCallback: 10.142ms
	ApplyChangesToAssetFolders: 0.518ms
	Scan: 28.429ms
	Collect global state as custom dependencies: 7.948ms
	OnSourceAssetsModified: 0.571ms
	CategorizeScriptCompilationAssets: 0.994ms
	ProcessAssetsWithTransientArtifactChanges: 7.059ms
	CategorizeAssets: 2.794ms
	CompileScripts: 2058.076ms
	ImportOutOfDateAssets: 342.963ms (332.226ms without children)
		UnloadImportedAssets: 0.138ms
		ImportSchedulerStart: 10.555ms
	PostProcessAllAssets: 46.341ms
		VCAutoAddAssetPostprocess 1.157ms
		MonoPostProcessAllAssets: 44.550ms
			AssetPostprocessor.OnPostprocessAllAssets 14.427ms
			StyleCatalogPostProcessor.OnPostprocessAllAssets 6.728ms
			WindowAssetPostprocessingWatcher.OnPostprocessAllAssets 5.604ms
			BuilderAssetPostprocessor.OnPostprocessAllAssets 3.954ms
			AssetChangedListener.OnPostprocessAllAssets 1.513ms
			SyncVS.PostprocessSyncProject 1.090ms
			RetainedModeAssetPostprocessor.OnPostprocessAllAssets 0.918ms
			EditModeScopePostprocessor.OnPostprocessAllAssets 0.871ms
			SpeedTree9Postprocessor.OnPostprocessAllAssets 0.611ms
			TextAssetPostProcessor.OnPostprocessAllAssets 0.446ms
			ArtifactBrowserPostProcessor.OnPostprocessAllAssets 0.431ms
			AudioMixerPostprocessor.OnPostprocessAllAssets 0.207ms
			TMPro_TexturePostProcessor.OnPostprocessAllAssets 0.204ms
			ReferencedClipsPostProcessor.OnPostprocessAllAssets 0.200ms
			TerrainToolbarOverlayPostProcessor.OnPostprocessAllAssets 0.197ms
			AssetEvents.OnPostprocessAllAssets 0.167ms
			AssetDatabaseCallbacks.OnPostprocessAllAssets 0.123ms
			SpeedTreePostProcessor.OnPostprocessAllAssets 0.122ms
			ConfigAssetsTracker.OnPostprocessAllAssets 0.083ms
			RenderPipelineGlobalSettingsPostprocessor.OnPostprocessAllAssets 0.079ms
			ScenarioDriftAssetsTracker.OnPostprocessAllAssets 0.079ms
			AudioContainerPostProcessor.OnPostprocessAllAssets 0.057ms
	PostAssetChangesProfiler: 4.925ms
	UnloadStreamsBegin: 1.925ms
	GenerateScriptTypeHashes: 0.436ms
	GenerateScriptTypeSerializationHashes: 1.129ms
	Untracked: 424.562ms

Application.AssetDatabase Initial Refresh End
Launched and connected shader compiler UnityShaderCompiler.exe after 0.01 seconds
Scanning for USB devices : 5.392ms
Initializing Unity extensions:
[MODES] ModeService[none].Initialize
[MODES] ModeService[none].LoadModes
[MODES] Loading mode Default (0) for mode-current-id-TowerDefenseUnity
Unloading 3 Unused Serialized files (Serialized files now loaded: 0)
Unloading 471 unused Assets / (0.6 MB). Loaded Objects now: 1281.
Memory consumption went from 211.9 MB to 211.3 MB.
Total: 6.471100 ms (FindLiveObjects: 0.110300 ms CreateObjectMapping: 0.059900 ms MarkObjects: 4.137900 ms  DeleteObjects: 2.160500 ms)

TOUHOU_VERIFY PASS: five music assets and orthogonal routes
UnityEngine.Debug:ExtractStackTraceNoAlloc (byte*,int,string)
UnityEngine.StackTraceUtility:ExtractStackTrace ()
UnityEngine.DebugLogHandler:Internal_Log (UnityEngine.LogType,UnityEngine.LogOption,string,UnityEngine.Object)
UnityEngine.DebugLogHandler:LogFormat (UnityEngine.LogType,UnityEngine.Object,string,object[])
UnityEngine.Logger:Log (UnityEngine.LogType,object)
UnityEngine.Debug:Log (object)
BattleUiVerification:Run () (at Assets/Editor/BattleUiVerification.cs:45)
BattleUiPlayVerification:Run () (at Assets/Editor/BattleUiPlayVerification.cs:23)

(Filename: Assets/Editor/BattleUiVerification.cs Line: 45)

BATTLE_UI_VERIFY PASS: vertex-baked button visuals; minimum reference canvas preserved
UnityEngine.Debug:ExtractStackTraceNoAlloc (byte*,int,string)
UnityEngine.StackTraceUtility:ExtractStackTrace ()
UnityEngine.DebugLogHandler:Internal_Log (UnityEngine.LogType,UnityEngine.LogOption,string,UnityEngine.Object)
UnityEngine.DebugLogHandler:LogFormat (UnityEngine.LogType,UnityEngine.Object,string,object[])
UnityEngine.Logger:Log (UnityEngine.LogType,object)
UnityEngine.Debug:Log (object)
BattleUiVerification:Run () (at Assets/Editor/BattleUiVerification.cs:46)
BattleUiPlayVerification:Run () (at Assets/Editor/BattleUiPlayVerification.cs:23)

(Filename: Assets/Editor/BattleUiVerification.cs Line: 46)

[Project] Loading completed in 5.054 seconds
	Project init time: 				4.666 seconds
		Template init time: 		0.000 seconds
		Package Manager init time: 		0.288 seconds
		Asset Database init time: 		0.132 seconds
		Global illumination init time: 	0.002 seconds
		Assemblies load time: 			0.762 seconds
		Unity extensions init time: 	0.001 seconds
		Asset Database refresh time: 	2.943 seconds
	Scene opening time: 			0.162 seconds
##utp:{"type":"ProjectInfo","version":2,"phase":"Immediate","time":1789485450725,"processId":50188,"projectLoad":5.0539249,"projectInit":4.6663236,"templateInit":0.0,"packageManagerInit":0.2883656,"assetDatabaseInit":0.1318055,"globalIlluminationInit":0.0020211,"assembliesLoad":0.7620266,"unityExtensionsInit":0.0013771,"assetDatabaseRefresh":2.9429319,"sceneOpening":0.1620822}
##utp:{"type":"EditorInfo","version":2,"phase":"Immediate","time":1789485450725,"processId":50188,"editorVersion":"6000.5.9f1 (b57deb96f08d)","branch":"6000.5/staging","buildType":"Release","platform":"Windows"}
Reloading assemblies for play mode.
Reloading assemblies after forced synchronous recompile.
Begin MonoManager ReloadAssembly
Native extension for WindowsStandalone target not found
Native extension for WebGL target not found
ScheduleIndexationOnStartup MainProcess:True IndexOnStartup:True
Mono: successfully reloaded assembly
- Finished resetting the current domain, in  0.389 seconds
Domain Reload Profiling: 693ms
	BeginReloadAssembly (165ms)
		DisableScriptedObjects (38ms)
		CreateAndSetChildDomain (48ms)
	RebuildCommonClasses (8ms)
	RebuildNativeTypeToScriptingClass (13ms)
	initialDomainReloadingComplete (33ms)
	LoadAllAssembliesAndSetupDomain (83ms)
		LoadAssemblies (57ms)
		AnalyzeDomain (6ms)
			TypeCache.Refresh (3ms)
	FinalizeReload (391ms)
		SetupLoadedEditorAssemblies (0ms)
			BeforeProcessingInitializeOnLoad (69ms)
			ProcessInitializeOnLoadAttributes (54ms)
			ProcessInitializeOnLoadMethodAttributes (54ms)
			AfterProcessingInitializeOnLoad (6ms)
		AwakeInstancesAfterBackupRestoration (29ms)

Asset Pipeline Refresh (id=a5f6f2c810118c54a934a96b22a1fc6b): Total: 0.820 seconds - Initiated by StopAssetImportingV2(ForceSynchronousImport | ForceDomainReload)
	(Values over 0.05ms)
	Summary:
		Imports: total=0 (actual=0, local cache=0, cache server=0)
		Asset DB Process Time: managed=0 ms, native=435 ms
		Asset DB Callback time: managed=36 ms, native=18 ms
		Scripting: domain reloads=1, domain reload time=327 ms, compile time=2 ms, other=0 ms
		Project Asset Count: scripts=181, non-scripts=214
		Asset File Changes: new=0, changed=0, moved=0, deleted=0
		Scan Filter Count: 0
	InvokePackagesCallback: 1.638ms
	ApplyChangesToAssetFolders: 0.127ms
	Collect global state as custom dependencies: 0.965ms
	ProcessAssetsWithTransientArtifactChanges: 9.985ms
	CategorizeAssets: 2.809ms
	CompileScripts: 1.684ms
	ImportOutOfDateAssets: 393.327ms (391.840ms without children)
		CollectScriptTypesHashes: 0.241ms
		ReloadNativeAssets: 0.398ms
		UnloadImportedAssets: 0.162ms
		ImportSchedulerStart: 0.883ms
	PostProcessAllAssets: 51.821ms
		PostProcessCallbackCreateDeferredMaterials 1.194ms
		ShaderAssetModifiedCallback 0.635ms
		RaytracingShaderImportPostprocess 0.245ms
		SpeedTreeImporter.PostprocessAllAssets 0.217ms
		ComputeShaderImportPostprocess 0.215ms
		LocalizationDatabase.AssetDatabasePostprocessCallback 0.119ms
		AssemblyValidation.PostprocessAllAssets 0.098ms
		BlockShaderImporter.PostprocessAllAssets 0.097ms
		MonoPostProcessAllAssets: 35.969ms
			StyleCatalogPostProcessor.OnPostprocessAllAssets 6.558ms
			AssetPostprocessor.OnPostprocessAllAssets 5.862ms
			WindowAssetPostprocessingWatcher.OnPostprocessAllAssets 5.756ms
			BuilderAssetPostprocessor.OnPostprocessAllAssets 3.858ms
			AssetChangedListener.OnPostprocessAllAssets 1.705ms
			TextAssetPostProcessor.OnPostprocessAllAssets 1.162ms
			SyncVS.PostprocessSyncProject 1.062ms
			RetainedModeAssetPostprocessor.OnPostprocessAllAssets 0.908ms
			SpeedTree9Postprocessor.OnPostprocessAllAssets 0.705ms
			ArtifactBrowserPostProcessor.OnPostprocessAllAssets 0.371ms
			EditModeScopePostprocessor.OnPostprocessAllAssets 0.365ms
			ReferencedClipsPostProcessor.OnPostprocessAllAssets 0.239ms
			TMPro_TexturePostProcessor.OnPostprocessAllAssets 0.215ms
			AudioMixerPostprocessor.OnPostprocessAllAssets 0.194ms
			AssetEvents.OnPostprocessAllAssets 0.184ms
			TerrainToolbarOverlayPostProcessor.OnPostprocessAllAssets 0.150ms
			SpeedTreePostProcessor.OnPostprocessAllAssets 0.132ms
			AssetDatabaseCallbacks.OnPostprocessAllAssets 0.117ms
			ScenarioDriftAssetsTracker.OnPostprocessAllAssets 0.078ms
			ConfigAssetsTracker.OnPostprocessAllAssets 0.077ms
			RenderPipelineGlobalSettingsPostprocessor.OnPostprocessAllAssets 0.069ms
			AudioContainerPostProcessor.OnPostprocessAllAssets 0.055ms
	PostAssetChangesProfiler: 3.113ms
	UnloadStreamsBegin: 0.113ms
	GenerateScriptTypeHashes: 1.230ms
	GenerateScriptTypeSerializationHashes: 2.709ms
	Untracked: 346.256ms

Sprite Tiling might not appear correctly because the Sprite used is not generated with Full Rect. To fix this, change the Mesh Type in the Sprite's import setting to Full Rect
UnityEngine.Debug:ExtractStackTraceNoAlloc (byte*,int,string)
UnityEngine.StackTraceUtility:ExtractStackTrace ()
UnityEngine.SpriteRenderer:set_drawMode (UnityEngine.SpriteDrawMode)
TowerDefense.Effects.WorldAmbience:BuildStars (UnityEngine.Transform) (at Assets/Scripts/Effects/WorldAmbience.cs:79)
TowerDefense.Effects.WorldAmbience:Build (UnityEngine.Transform) (at Assets/Scripts/Effects/WorldAmbience.cs:53)
TowerDefense.Effects.WorldAmbience:Create (UnityEngine.Transform) (at Assets/Scripts/Effects/WorldAmbience.cs:47)
TowerDefense.Core.GameManager:CreateWorld () (at Assets/Scripts/Core/GameManager.cs:194)
TowerDefense.Core.GameManager:Awake () (at Assets/Scripts/Core/GameManager.cs:102)
UnityEngine.GameObject:Internal_AddComponentWithType (System.Type)
UnityEngine.GameObject:AddComponent (System.Type)
UnityEngine.GameObject:AddComponent<TowerDefense.Core.GameManager> ()
TowerDefense.Core.GameBootstrap:AutoStart () (at Assets/Scripts/Core/GameBootstrap.cs:17)

[Assets/Scripts/Core/GameBootstrap.cs line 17]

Worker ready: AssetImportWorkerHW0 0
Sprite Tiling might not appear correctly because the Sprite used is not generated with Full Rect. To fix this, change the Mesh Type in the Sprite's import setting to Full Rect
UnityEngine.Debug:ExtractStackTraceNoAlloc (byte*,int,string)
UnityEngine.StackTraceUtility:ExtractStackTrace ()
UnityEngine.SpriteRenderer:set_drawMode (UnityEngine.SpriteDrawMode)
TowerDefense.Systems.MapSystem:BuildBoard (UnityEngine.Transform) (at Assets/Scripts/Systems/MapSystem.cs:155)
TowerDefense.Systems.MapSystem:Init (UnityEngine.Transform) (at Assets/Scripts/Systems/MapSystem.cs:35)
TowerDefense.Core.GameManager:CreateWorld () (at Assets/Scripts/Core/GameManager.cs:200)
TowerDefense.Core.GameManager:Awake () (at Assets/Scripts/Core/GameManager.cs:102)
UnityEngine.GameObject:Internal_AddComponentWithType (System.Type)
UnityEngine.GameObject:AddComponent (System.Type)
UnityEngine.GameObject:AddComponent<TowerDefense.Core.GameManager> ()
TowerDefense.Core.GameBootstrap:AutoStart () (at Assets/Scripts/Core/GameBootstrap.cs:17)

[Assets/Scripts/Core/GameBootstrap.cs line 17]

Loaded scene 'Temp/__Backupscenes/0.backup'
	Deserialize:            0.342 ms
	Integration:            1279.728 ms
	Integration of assets:  0.002 ms
	Thread Wait Time:       0.021 ms
	Total Operation Time:   1280.093 ms
[MODES] ModeService[none].Initialize
[MODES] ModeService[none].LoadModes
Start Indexing on Editor startup
[Indexing] Starting Initial Indexing for Assets
Created GICache directory at C:/Users/DreamNight/AppData/LocalLow/Unity/Caches/GiCache. Took: 0.011s, timestamps: [7.302 - 7.312]
[Licensing::Client] Successfully resolved entitlement details
Sprite Tiling might not appear correctly because the Sprite used is not generated with Full Rect. To fix this, change the Mesh Type in the Sprite's import setting to Full Rect
UnityEngine.Debug:ExtractStackTraceNoAlloc (byte*,int,string)
UnityEngine.StackTraceUtility:ExtractStackTrace ()
UnityEngine.SpriteRenderer:set_drawMode (UnityEngine.SpriteDrawMode)
TowerDefense.Effects.WorldAmbience:BuildStars (UnityEngine.Transform) (at Assets/Scripts/Effects/WorldAmbience.cs:79)
TowerDefense.Effects.WorldAmbience:Build (UnityEngine.Transform) (at Assets/Scripts/Effects/WorldAmbience.cs:53)
TowerDefense.Effects.WorldAmbience:Create (UnityEngine.Transform) (at Assets/Scripts/Effects/WorldAmbience.cs:47)
TowerDefense.Core.GameManager:CreateWorld () (at Assets/Scripts/Core/GameManager.cs:194)
TowerDefense.Core.GameManager:BeginRun (int,bool) (at Assets/Scripts/Core/GameManager.cs:711)
BattleUiPlayVerification:Tick () (at Assets/Editor/BattleUiPlayVerification.cs:40)
UnityEditor.EditorApplication:Internal_CallUpdateFunctions ()

[Assets/Scripts/Core/GameManager.cs line 194]

Sprite Tiling might not appear correctly because the Sprite used is not generated with Full Rect. To fix this, change the Mesh Type in the Sprite's import setting to Full Rect
UnityEngine.Debug:ExtractStackTraceNoAlloc (byte*,int,string)
UnityEngine.StackTraceUtility:ExtractStackTrace ()
UnityEngine.SpriteRenderer:set_drawMode (UnityEngine.SpriteDrawMode)
TowerDefense.Systems.MapSystem:BuildBoard (UnityEngine.Transform) (at Assets/Scripts/Systems/MapSystem.cs:155)
TowerDefense.Systems.MapSystem:Init (UnityEngine.Transform) (at Assets/Scripts/Systems/MapSystem.cs:35)
TowerDefense.Core.GameManager:CreateWorld () (at Assets/Scripts/Core/GameManager.cs:200)
TowerDefense.Core.GameManager:BeginRun (int,bool) (at Assets/Scripts/Core/GameManager.cs:711)
BattleUiPlayVerification:Tick () (at Assets/Editor/BattleUiPlayVerification.cs:40)
UnityEditor.EditorApplication:Internal_CallUpdateFunctions ()

[Assets/Scripts/Core/GameManager.cs line 200]

Sprite Tiling might not appear correctly because the Sprite used is not generated with Full Rect. To fix this, change the Mesh Type in the Sprite's import setting to Full Rect
UnityEngine.Debug:ExtractStackTraceNoAlloc (byte*,int,string)
UnityEngine.StackTraceUtility:ExtractStackTrace ()
UnityEngine.SpriteRenderer:set_drawMode (UnityEngine.SpriteDrawMode)
TowerDefense.Effects.WorldAmbience:BuildStars (UnityEngine.Transform) (at Assets/Scripts/Effects/WorldAmbience.cs:79)
TowerDefense.Effects.WorldAmbience:Build (UnityEngine.Transform) (at Assets/Scripts/Effects/WorldAmbience.cs:53)
TowerDefense.Effects.WorldAmbience:Create (UnityEngine.Transform) (at Assets/Scripts/Effects/WorldAmbience.cs:47)
TowerDefense.Core.GameManager:CreateWorld () (at Assets/Scripts/Core/GameManager.cs:194)
TowerDefense.Core.GameManager:BeginRun (int,bool) (at Assets/Scripts/Core/GameManager.cs:711)
TowerDefense.Core.GameManager:Restart () (at Assets/Scripts/Core/GameManager.cs:743)
BattleUiPlayVerification:Tick () (at Assets/Editor/BattleUiPlayVerification.cs:67)
UnityEditor.EditorApplication:Internal_CallUpdateFunctions ()

[Assets/Scripts/Core/GameManager.cs line 194]

Sprite Tiling might not appear correctly because the Sprite used is not generated with Full Rect. To fix this, change the Mesh Type in the Sprite's import setting to Full Rect
UnityEngine.Debug:ExtractStackTraceNoAlloc (byte*,int,string)
UnityEngine.StackTraceUtility:ExtractStackTrace ()
UnityEngine.SpriteRenderer:set_drawMode (UnityEngine.SpriteDrawMode)
TowerDefense.Systems.MapSystem:BuildBoard (UnityEngine.Transform) (at Assets/Scripts/Systems/MapSystem.cs:155)
TowerDefense.Systems.MapSystem:Init (UnityEngine.Transform) (at Assets/Scripts/Systems/MapSystem.cs:35)
TowerDefense.Core.GameManager:CreateWorld () (at Assets/Scripts/Core/GameManager.cs:200)
TowerDefense.Core.GameManager:BeginRun (int,bool) (at Assets/Scripts/Core/GameManager.cs:711)
TowerDefense.Core.GameManager:Restart () (at Assets/Scripts/Core/GameManager.cs:743)
BattleUiPlayVerification:Tick () (at Assets/Editor/BattleUiPlayVerification.cs:67)
UnityEditor.EditorApplication:Internal_CallUpdateFunctions ()

[Assets/Scripts/Core/GameManager.cs line 200]

TOUHOU_AUDIO_PLAY PASS: looping playback and mute toggle
UnityEngine.Debug:ExtractStackTraceNoAlloc (byte*,int,string)
UnityEngine.StackTraceUtility:ExtractStackTrace ()
UnityEngine.DebugLogHandler:Internal_Log (UnityEngine.LogType,UnityEngine.LogOption,string,UnityEngine.Object)
UnityEngine.DebugLogHandler:LogFormat (UnityEngine.LogType,UnityEngine.Object,string,object[])
UnityEngine.Logger:Log (UnityEngine.LogType,object)
UnityEngine.Debug:Log (object)
BattleUiPlayVerification:Tick () (at Assets/Editor/BattleUiPlayVerification.cs:108)
UnityEditor.EditorApplication:Internal_CallUpdateFunctions ()

(Filename: Assets/Editor/BattleUiPlayVerification.cs Line: 108)

BATTLE_UI_PLAY PASS: bootstrap, pause overlay, restart, dossier; screenshots captured
UnityEngine.Debug:ExtractStackTraceNoAlloc (byte*,int,string)
UnityEngine.StackTraceUtility:ExtractStackTrace ()
UnityEngine.DebugLogHandler:Internal_Log (UnityEngine.LogType,UnityEngine.LogOption,string,UnityEngine.Object)
UnityEngine.DebugLogHandler:LogFormat (UnityEngine.LogType,UnityEngine.Object,string,object[])
UnityEngine.Logger:Log (UnityEngine.LogType,object)
UnityEngine.Debug:Log (object)
BattleUiPlayVerification:Tick () (at Assets/Editor/BattleUiPlayVerification.cs:109)
UnityEditor.EditorApplication:Internal_CallUpdateFunctions ()

(Filename: Assets/Editor/BattleUiPlayVerification.cs Line: 109)

MonoPathRemapper: Attempts to remap: 2937; Successful remaps: 1292
Serialized file version minimum: 23, current 23
[Physics::Module] Cleanup current backend.
[Physics::Module] Id: 0xf2b8ea05
Input System module state changed to: ShutdownInProgress.
Input Polling Thread exited.
Input System module state changed to: Shutdown.
[Licensing::IpcConnector] LicenseClient-DreamNight-notifications channel disconnected successfully.
[Licensing::IpcConnector] LicenseClient-DreamNight channel disconnected successfully.
Lingering sessions upon destruction of worker manager
AcceleratorClientConnectionCallback - disconnected - :0
Cleanup mono
CodeReloadManager destroyed
Checking for leaked weakptr:
  Found no leaked weakptrs.
[Package Manager] Server process was shutdown
##utp:{"type":"MemoryLeaks","version":2,"phase":"Immediate","time":1789485470710,"processId":50188,"allocatedMemory":11915818,"memoryLabels":[{"Default":187068},{"Permanent":15516},{"NewDelete":66987},{"Thread":4205176},{"Manager":39559},{"VertexData":8},{"Geometry":816},{"Texture":24},{"Shader":840457},{"Material":24},{"GfxDevice":57848},{"Animation":952},{"FreeType":8},{"FontEngine":736},{"Physics":2146},{"Physics2D":16},{"Serialization":1016},{"Input":42840},{"JobScheduler":256},{"TextLib":280},{"Mono":48},{"ScriptingNativeRuntime":674964},{"BaseObject":1670072},{"Resource":1208},{"Renderer":3080},{"Transform":4685},{"File":4013},{"WebCam":616},{"Culling":32},{"Terrain":11442},{"Wind":24},{"STL":40},{"String":26366},{"StaticString":3808},{"Utility":2675958},{"Curl":2594},{"PoolAlloc":2168},{"AI":80},{"TypeTree":17165},{"CodeReload":448},{"RuntimeInitializeOnLoadManager":64},{"Sprites":102},{"SpriteAtlas":120},{"GI":7816},{"Director":8296},{"CloudService":9512},{"WebRequest":552},{"VR":47114},{"SceneManager":608},{"Video":208},{"LazyScriptCache":32},{"Camera":17},{"Secure":2377},{"SerializationCache":1576},{"APIUpdating":10320},{"Subsystems":336},{"VirtualTexturing":57888},{"StaticSafetyDebugInfo":278528},{"Analytics":552},{"Hierarchy":1176},{"UIElements":72},{"CoreStats":13688},{"Identifiers":6768},{"Gui":128},{"EditorUtility":97795},{"VersionControl":8},{"Undo":931},{"AssetDatabase":753713},{"AssetImporter":40},{"EditorGi":328},{"UnityConnect":38929},{"Upm":1912},{"UpmDiagnostics":8},{"AssetCompliance":64},{"DrivenProperties":72},{"LocalIPC":216},{"ProfilerEditor":9746},{"CoreBusinessMetrics":3486},{"Windowing":456},{"Licensing":1232},{"AssetReference":32},{"IPCStream":32}]}
