.reports is not a valid directory name. Please make sure there are no unallowed characters in the name.
.reports is not a valid directory name. Please make sure there are no unallowed characters in the name.
[Licensing::Module] Trying to connect to existing licensing client channel...
Built from '6000.5/staging' branch; Version is '6000.5.9f1 (b57deb96f08d) revision 11894251'; Using compiler version '194234433'; Build Type 'Release'
[Licensing::IpcConnector] Channel LicenseClient-DreamNight doesn't exist
OS: 'Windows 11  (10.0.26200) CoreCountrySpecific' Language: 'zh' Physical Memory: 31928 MB
BatchMode: 1, IsHumanControllingUs: 0, StartBugReporterOnCrash: 0, Is64bit: 1
System  architecture: x64
Process architecture: x64
Date: 2026-09-15T15:03:37Z
[Licensing::Module] Successfully launched the LicensingClient (PId: 42908)

COMMAND LINE ARGUMENTS:
C:\Program Files\Unity\Hub\Editor\6000.5.9f1\Editor\Unity.exe
-batchmode
-projectPath
C:\Users\DreamNight\Documents\01My\personal\TowerDefenseUnity
-executeMethod
BattleUiPlayVerification.Run
-logFile
C:\Users\DreamNight\Documents\01My\personal\TowerDefenseUnity\.reports\uiopt-run2.log
Successfully changed project path to: C:\Users\DreamNight\Documents\01My\personal\TowerDefenseUnity
C:/Users/DreamNight/Documents/01My/personal/TowerDefenseUnity
[UnityMemory] Configuration Parameters - Can be set up in boot.config
    "memorysetup-temp-allocator-size-gi-baking-worker=262144"
    "memorysetup-temp-allocator-size-gi-baking-worker=262144"
    "memorysetup-temp-allocator-size-gi-baking-worker=262144"
    "memorysetup-temp-allocator-size-gi-baking-worker=262144"
    "memorysetup-temp-allocator-size-gi-baking-worker=262144"
    "memorysetup-temp-allocator-size-nav-mesh-worker=65536"
    "memorysetup-temp-allocator-size-audio-worker=65536"
    "memorysetup-temp-allocator-size-cloud-worker=32768"
    "memorysetup-temp-allocator-size-gfx=262144"
    "memorysetup-remapper-allocator-initial-capacity=32768"
    "memorysetup-temp-allocator-size-preload-manager=33554432"
    "memorysetup-allocator-temp-initial-block-size-main=262144"
    "memorysetup-allocator-temp-initial-block-size-worker=262144"
    "memorysetup-temp-allocator-size-job-worker=262144"
    "memorysetup-temp-allocator-size-background-worker=32768"
    "memorysetup-bucket-allocator-granularity=16"
    "memorysetup-bucket-allocator-bucket-count=8"
    "memorysetup-bucket-allocator-block-size=33554432"
    "memorysetup-bucket-allocator-block-count=8"
    "memorysetup-main-allocator-block-size=16777216"
    "memorysetup-thread-allocator-block-size=16777216"
    "memorysetup-main-allocator-mimalloc-enabled=0"
    "memorysetup-gfx-main-allocator-block-size=16777216"
    "memorysetup-gfx-thread-allocator-block-size=16777216"
    "memorysetup-cache-allocator-block-size=4194304"
    "memorysetup-typetree-allocator-block-size=2097152"
    "memorysetup-profiler-bucket-allocator-granularity=16"
    "memorysetup-profiler-bucket-allocator-bucket-count=8"
    "memorysetup-profiler-bucket-allocator-block-size=33554432"
    "memorysetup-profiler-bucket-allocator-block-count=8"
    "memorysetup-profiler-allocator-block-size=16777216"
    "memorysetup-profiler-editor-allocator-block-size=1048576"
    "memorysetup-temp-allocator-size-main=16777216"
    "memorysetup-job-temp-allocator-block-size=2097152"
    "memorysetup-job-temp-allocator-block-size-background=1048576"
    "memorysetup-job-temp-allocator-reduction-small-platforms=262144"
Logging is directed to a specific file, skipping project log.Player connection [61516]  Target information:

Player connection [61516]  * "[IP] 100.70.23.8 [Port] 55504 [Flags] 2 [Guid] 4092939182 [EditorId] 4092939182 [Version] 1048832 [Id] WindowsEditor(7,DNT-ROG) [Debug] 1 [PackageName] WindowsEditor [ProjectName] Editor" 

Player connection [61516]  * "[IP] 198.18.0.1 [Port] 55504 [Flags] 2 [Guid] 4092939182 [EditorId] 4092939182 [Version] 1048832 [Id] WindowsEditor(7,DNT-ROG) [Debug] 1 [PackageName] WindowsEditor [ProjectName] Editor" 

Player connection [61516]  * "[IP] 10.158.32.165 [Port] 55504 [Flags] 2 [Guid] 4092939182 [EditorId] 4092939182 [Version] 1048832 [Id] WindowsEditor(7,DNT-ROG) [Debug] 1 [PackageName] WindowsEditor [ProjectName] Editor" 

Player connection [61516] Host joined multi-casting on [225.0.0.222:54997]...
Player connection [61516] Host joined alternative multi-casting on [225.0.0.222:34997]...
Input System module state changed to: Initialized.
[Physics::Module] Initialized fallback backend.
[Physics::Module] Id: 0xdecafbad
[Licensing::IpcConnector] Successfully connected to: "LicenseClient-DreamNight" at "2026-09-15T15:03:38.1098408Z"
[Licensing::Client] Code 10 while verifying Licensing Client signature (process Id: 42908, path: "C:/Program Files/Unity/Hub/Editor/6000.5.9f1/Editor/Data/Resources/Licensing/Client/Unity.Licensing.Client.exe")
[Licensing::Module] LicensingClient has failed validation; ignoring
[Package Manager] Connected to IPC stream "Upm-16108" after 0.2 seconds.
[Licensing::Module] Licensing is not yet initialized.
[Licensing::Client] Handshaking with LicensingClient:
  Version:                 1.18.3+d7ffd15
  Session Id:              7fdd7a616af241b5a4d2863f755bfa11
  Correlation Id:          bc49d3a0ce41ddc15b419769d139e74b
  External correlation Id: 5656602733310004649
  Machine Id:              lpR/o6WFQFljK/3tZlA5ZACwwJc=
[Licensing::Module] Successfully connected to LicensingClient on channel: "LicenseClient-DreamNight" (connect: 0.37s, validation: 0.04s, handshake: 0.05s)
[Licensing::IpcConnector] Successfully connected to: "LicenseClient-DreamNight-notifications" at "2026-09-15T15:03:38.2058251Z"
[Licensing::Module] Connected to LicensingClient (PId: 42908, launch time: 0.01, total connection time: 0.47s)
[Licensing::Module] Error: Access token is unavailable; failed to update
[Licensing::Client] Successfully resolved entitlement details
[Licensing::Module] License group:
  Id: 18968485699489-UnityPersXXXX
  Product: Unity Personal
  Type: Assigned
  Expiration: Unlimited
[Licensing::Client] Successfully updated license, isAsync: True, time: 0.01
[Licensing::Client] Successfully resolved entitlement details
[Licensing::Module] Licensing Background thread has ended after 0.51s
[Licensing::Module] Licensing is initialized (took 0.07s).
[Licensing::Client] Successfully resolved entitlement details
Library Redirect Path: Library/
[Physics::Module] Selected backend.
[Physics::Module] Name: PhysX
[Physics::Module] Id: 0xf2b8ea05
[Physics::Module] SDK Version: 4.1.2
[Physics::Module] Integration Version: 1.0.0
[Physics::Module] Threading Mode: Multi-Threaded
Initialize engine version: 6000.5.9f1 (b57deb96f08d)
[Subsystems] Discovering subsystems at path C:/Program Files/Unity/Hub/Editor/6000.5.9f1/Editor/Data/Resources/UnitySubsystems
[Subsystems] Discovering subsystems at path C:/Users/DreamNight/Documents/01My/personal/TowerDefenseUnity/Assets
GfxDevice: creating device client; kGfxThreadingModeNonThreaded
d3d12: failed to query info queue interface (0x80004002).
Direct3D:
    Version:         Direct3D 12 [level 12.2]
    Renderer:        NVIDIA GeForce RTX 5070 Ti Laptop GPU (ID=0x2f58)
    Vendor:          NVIDIA
    VRAM:            11944 MB
    App VRAM Budget: 11176 MB
    Driver:          32.0.16.1692
Initialize mono
Mono path[0] = 'C:/Program Files/Unity/Hub/Editor/6000.5.9f1/Editor/Data/Managed'
Mono path[1] = 'C:/Program Files/Unity/Hub/Editor/6000.5.9f1/Editor/Data/BCLExtensions/runtime/netstandard2.1'
Mono path[2] = 'C:/Program Files/Unity/Hub/Editor/6000.5.9f1/Editor/Data/MonoBleedingEdge/lib/mono/unityjit-win32'
Mono config path = 'C:/Program Files/Unity/Hub/Editor/6000.5.9f1/Editor/Data/MonoBleedingEdge/etc'
Using monoOptions --debugger-agent=transport=dt_socket,embedding=1,server=y,suspend=n,address=127.0.0.1:56108
CodeReloadManager initialized
ImportWorker Server TCP listen port: 0
AcceleratorClientConnectionCallback - disconnected - :0
Begin MonoManager ReloadAssembly
Registering precompiled unity dll's ...
Register platform support module: C:/Program Files/Unity/Hub/Editor/6000.5.9f1/Editor/Data/PlaybackEngines/WebGLSupport/UnityEditor.WebGL.Extensions.dll
Register platform support module: C:/Program Files/Unity/Hub/Editor/6000.5.9f1/Editor/Data/PlaybackEngines/WindowsStandaloneSupport/UnityEditor.WindowsStandalone.Extensions.dll
Registered in 0.001837 seconds.
Native extension for WindowsStandalone target not found
Native extension for WebGL target not found
Package Manager log level set to [2]
ScheduleIndexationOnStartup MainProcess:False IndexOnStartup:True
Mono: successfully reloaded assembly
- Finished resetting the current domain, in  0.369 seconds
Domain Reload Profiling: 741ms
	BeginReloadAssembly (87ms)
		CreateAndSetChildDomain (17ms)
	RebuildCommonClasses (4ms)
	RebuildNativeTypeToScriptingClass (12ms)
	initialDomainReloadingComplete (53ms)
	LoadAllAssembliesAndSetupDomain (214ms)
		LoadAssemblies (67ms)
		AnalyzeDomain (155ms)
			TypeCache.Refresh (154ms)
				TypeCache.ScanAssembly (143ms)
	FinalizeReload (370ms)
		SetupLoadedEditorAssemblies (0ms)
			BeforeProcessingInitializeOnLoad (63ms)
			ProcessInitializeOnLoadAttributes (68ms)
			ProcessInitializeOnLoadMethodAttributes (182ms)
[Licensing::Client] Successfully resolved entitlement details
Application.AssetDatabase Initial Refresh Start
[Package Manager] Restoring resolved packages state from cache
[Licensing::Client] Successfully resolved entitlement details
[Package Manager] Registered 22 packages:
  Built-in packages:
    com.unity.modules.animation@1.0.0 (location: C:\Users\DreamNight\Documents\01My\personal\TowerDefenseUnity\Library\PackageCache\com.unity.modules.animation)
    com.unity.modules.audio@1.0.0 (location: C:\Users\DreamNight\Documents\01My\personal\TowerDefenseUnity\Library\PackageCache\com.unity.modules.audio)
    com.unity.modules.director@1.0.0 (location: C:\Users\DreamNight\Documents\01My\personal\TowerDefenseUnity\Library\PackageCache\com.unity.modules.director)
    com.unity.modules.imageconversion@1.0.0 (location: C:\Users\DreamNight\Documents\01My\personal\TowerDefenseUnity\Library\PackageCache\com.unity.modules.imageconversion)
    com.unity.modules.imgui@1.0.0 (location: C:\Users\DreamNight\Documents\01My\personal\TowerDefenseUnity\Library\PackageCache\com.unity.modules.imgui)
    com.unity.modules.jsonserialize@1.0.0 (location: C:\Users\DreamNight\Documents\01My\personal\TowerDefenseUnity\Library\PackageCache\com.unity.modules.jsonserialize)
    com.unity.modules.particlesystem@1.0.0 (location: C:\Users\DreamNight\Documents\01My\personal\TowerDefenseUnity\Library\PackageCache\com.unity.modules.particlesystem)
    com.unity.modules.physics@1.0.0 (location: C:\Users\DreamNight\Documents\01My\personal\TowerDefenseUnity\Library\PackageCache\com.unity.modules.physics)
    com.unity.modules.physics2d@1.0.0 (location: C:\Users\DreamNight\Documents\01My\personal\TowerDefenseUnity\Library\PackageCache\com.unity.modules.physics2d)
    com.unity.modules.screencapture@1.0.0 (location: C:\Users\DreamNight\Documents\01My\personal\TowerDefenseUnity\Library\PackageCache\com.unity.modules.screencapture)
    com.unity.modules.ui@1.0.0 (location: C:\Users\DreamNight\Documents\01My\personal\TowerDefenseUnity\Library\PackageCache\com.unity.modules.ui)
    com.unity.modules.uielements@1.0.0 (location: C:\Users\DreamNight\Documents\01My\personal\TowerDefenseUnity\Library\PackageCache\com.unity.modules.uielements)
    com.unity.ugui@2.5.0 (location: C:\Users\DreamNight\Documents\01My\personal\TowerDefenseUnity\Library\PackageCache\com.unity.ugui@1c4864518158)
    com.unity.modules.unitywebrequest@1.0.0 (location: C:\Users\DreamNight\Documents\01My\personal\TowerDefenseUnity\Library\PackageCache\com.unity.modules.unitywebrequest)
    com.unity.modules.unitywebrequestassetbundle@1.0.0 (location: C:\Users\DreamNight\Documents\01My\personal\TowerDefenseUnity\Library\PackageCache\com.unity.modules.unitywebrequestassetbundle)
    com.unity.modules.unitywebrequestaudio@1.0.0 (location: C:\Users\DreamNight\Documents\01My\personal\TowerDefenseUnity\Library\PackageCache\com.unity.modules.unitywebrequestaudio)
    com.unity.modules.unitywebrequesttexture@1.0.0 (location: C:\Users\DreamNight\Documents\01My\personal\TowerDefenseUnity\Library\PackageCache\com.unity.modules.unitywebrequesttexture)
    com.unity.modules.unitywebrequestwww@1.0.0 (location: C:\Users\DreamNight\Documents\01My\personal\TowerDefenseUnity\Library\PackageCache\com.unity.modules.unitywebrequestwww)
    com.unity.modules.video@1.0.0 (location: C:\Users\DreamNight\Documents\01My\personal\TowerDefenseUnity\Library\PackageCache\com.unity.modules.video)
    com.unity.modules.assetbundle@1.0.0 (location: C:\Users\DreamNight\Documents\01My\personal\TowerDefenseUnity\Library\PackageCache\com.unity.modules.assetbundle)
    com.unity.modules.hierarchycore@1.0.0 (location: C:\Users\DreamNight\Documents\01My\personal\TowerDefenseUnity\Library\PackageCache\com.unity.modules.hierarchycore)
    com.unity.modules.physicscore2d@1.0.0 (location: C:\Users\DreamNight\Documents\01My\personal\TowerDefenseUnity\Library\PackageCache\com.unity.modules.physicscore2d)
[Subsystems] No new subsystems found in resolved package list.
[Package Manager] Done registering packages in 0.01 seconds
[ScriptCompilation] Requested script compilation because: AssetDatabase observed changes in script compilation related files
Starting: C:\Program Files\Unity\Hub\Editor\6000.5.9f1\Editor\Data\Tools\BuildPipeline\bee_backend.exe --ipc --defer-dag-verification --dagfile="Library/Bee/1900b0aE.dag" --continue-on-failure --profile="Library/Bee/backend1.traceevents" ScriptAssemblies
WorkingDir: C:/Users/DreamNight/Documents/01My/personal/TowerDefenseUnity
DisplayProgressbar: Compiling Scripts
ExitCode: 0 Duration: 4s32ms
[216/222    1s] Csc Library/Bee/artifacts/1900b0aE.dag/Assembly-CSharp.dll (+2 others)
Assets\Scripts\Effects\BattleMusic.cs(33,17): warning CS0618: 'Object.FindFirstObjectByType<T>()' is obsolete: 'FindFirstObjectByType has been deprecated because it relies on instance ID ordering. Use FindAnyObjectByType instead, which does not depend on ordering.'

Assets\Scripts\Effects\BattleMusic.cs(38,25): warning CS0618: 'Object.FindFirstObjectByType<T>()' is obsolete: 'FindFirstObjectByType has been deprecated because it relies on instance ID ordering. Use FindAnyObjectByType instead, which does not depend on ordering.'

Assets\Scripts\Effects\BattleMusic.cs(50,29): warning CS0618: 'Object.FindFirstObjectByType<T>()' is obsolete: 'FindFirstObjectByType has been deprecated because it relies on instance ID ordering. Use FindAnyObjectByType instead, which does not depend on ordering.'

Assets\Scripts\Util\SpriteFactory.cs(179,19): warning CS0219: The variable 'half' is assigned but its value is never used
[217/222    0s] CopyFiles Library/ScriptAssemblies/Assembly-CSharp.pdb
[218/222    0s] CopyFiles Library/ScriptAssemblies/Assembly-CSharp.dll
[219/222    1s] Csc Library/Bee/artifacts/1900b0aE.dag/Assembly-CSharp-Editor.dll (+2 others)
Assets\Editor\BattleUiPlayVerification.cs(37,28): warning CS0618: 'Object.FindFirstObjectByType<T>()' is obsolete: 'FindFirstObjectByType has been deprecated because it relies on instance ID ordering. Use FindAnyObjectByType instead, which does not depend on ordering.'

Assets\Editor\BattleUiPlayVerification.cs(44,22): warning CS0618: 'Object.FindFirstObjectByType<T>()' is obsolete: 'FindFirstObjectByType has been deprecated because it relies on instance ID ordering. Use FindAnyObjectByType instead, which does not depend on ordering.'

Assets\Editor\BattleUiPlayVerification.cs(87,29): warning CS0618: 'Object.FindFirstObjectByType<T>()' is obsolete: 'FindFirstObjectByType has been deprecated because it relies on instance ID ordering. Use FindAnyObjectByType instead, which does not depend on ordering.'

Assets\Editor\MenuFlowVerification.cs(53,20): warning CS0618: 'Object.FindFirstObjectByType<T>()' is obsolete: 'FindFirstObjectByType has been deprecated because it relies on instance ID ordering. Use FindAnyObjectByType instead, which does not depend on ordering.'

Assets\Editor\MenuFlowVerification.cs(88,18): warning CS0618: 'Object.FindFirstObjectByType<T>()' is obsolete: 'FindFirstObjectByType has been deprecated because it relies on instance ID ordering. Use FindAnyObjectByType instead, which does not depend on ordering.'
[220/222    0s] CopyFiles Library/ScriptAssemblies/Assembly-CSharp-Editor.pdb
[221/222    0s] CopyFiles Library/ScriptAssemblies/Assembly-CSharp-Editor.dll
*** Tundra build success (4.00 seconds), 6 items updated, 222 evaluated
Assets\Scripts\Effects\BattleMusic.cs(33,17): warning CS0618: 'Object.FindFirstObjectByType<T>()' is obsolete: 'FindFirstObjectByType has been deprecated because it relies on instance ID ordering. Use FindAnyObjectByType instead, which does not depend on ordering.'
Assets\Scripts\Effects\BattleMusic.cs(38,25): warning CS0618: 'Object.FindFirstObjectByType<T>()' is obsolete: 'FindFirstObjectByType has been deprecated because it relies on instance ID ordering. Use FindAnyObjectByType instead, which does not depend on ordering.'
Assets\Scripts\Effects\BattleMusic.cs(50,29): warning CS0618: 'Object.FindFirstObjectByType<T>()' is obsolete: 'FindFirstObjectByType has been deprecated because it relies on instance ID ordering. Use FindAnyObjectByType instead, which does not depend on ordering.'
Assets\Scripts\Util\SpriteFactory.cs(179,19): warning CS0219: The variable 'half' is assigned but its value is never used
Assets\Editor\BattleUiPlayVerification.cs(37,28): warning CS0618: 'Object.FindFirstObjectByType<T>()' is obsolete: 'FindFirstObjectByType has been deprecated because it relies on instance ID ordering. Use FindAnyObjectByType instead, which does not depend on ordering.'
Assets\Editor\BattleUiPlayVerification.cs(44,22): warning CS0618: 'Object.FindFirstObjectByType<T>()' is obsolete: 'FindFirstObjectByType has been deprecated because it relies on instance ID ordering. Use FindAnyObjectByType instead, which does not depend on ordering.'
Assets\Editor\BattleUiPlayVerification.cs(87,29): warning CS0618: 'Object.FindFirstObjectByType<T>()' is obsolete: 'FindFirstObjectByType has been deprecated because it relies on instance ID ordering. Use FindAnyObjectByType instead, which does not depend on ordering.'
Assets\Editor\MenuFlowVerification.cs(53,20): warning CS0618: 'Object.FindFirstObjectByType<T>()' is obsolete: 'FindFirstObjectByType has been deprecated because it relies on instance ID ordering. Use FindAnyObjectByType instead, which does not depend on ordering.'
Assets\Editor\MenuFlowVerification.cs(88,18): warning CS0618: 'Object.FindFirstObjectByType<T>()' is obsolete: 'FindFirstObjectByType has been deprecated because it relies on instance ID ordering. Use FindAnyObjectByType instead, which does not depend on ordering.'
Total cache size 2011508
Total cache size after purge 2011508, took 00:00:00.0113315
AssetDatabase: script compilation time: 4.468756s
Begin MonoManager ReloadAssembly
Native extension for WindowsStandalone target not found
Native extension for WebGL target not found
ScheduleIndexationOnStartup MainProcess:True IndexOnStartup:True
Mono: successfully reloaded assembly
- Finished resetting the current domain, in  0.322 seconds
Domain Reload Profiling: 655ms
	BeginReloadAssembly (183ms)
		DisableScriptedObjects (39ms)
		CreateAndSetChildDomain (51ms)
	RebuildCommonClasses (7ms)
	RebuildNativeTypeToScriptingClass (12ms)
	initialDomainReloadingComplete (30ms)
	LoadAllAssembliesAndSetupDomain (98ms)
		LoadAssemblies (67ms)
		AnalyzeDomain (15ms)
			TypeCache.Refresh (8ms)
				TypeCache.ScanAssembly (5ms)
			BuildScriptInfoCaches (5ms)
	FinalizeReload (324ms)
		SetupLoadedEditorAssemblies (0ms)
			BeforeProcessingInitializeOnLoad (63ms)
			ProcessInitializeOnLoadAttributes (53ms)
			ProcessInitializeOnLoadMethodAttributes (53ms)
			AfterProcessingInitializeOnLoad (5ms)
		AwakeInstancesAfterBackupRestoration (24ms)
Starting new worker id: 0 with log in C:/Users/DreamNight/Documents/01My/personal/TowerDefenseUnity/Logs/AssetImportWorkerHW0.log

Asset Pipeline Refresh (id=cbf4647baa7e2644facaa9e4b4f02bdc): Total: 5.331 seconds - Initiated by InitialRefreshV2(ForceSynchronousImport)
	(Values over 0.05ms)
	Summary:
		Imports: total=0 (actual=0, local cache=0, cache server=0)
		Asset DB Process Time: managed=0 ms, native=433 ms
		Asset DB Callback time: managed=43 ms, native=16 ms
		Scripting: domain reloads=1, domain reload time=356 ms, compile time=4470 ms, other=9 ms
		Project Asset Count: scripts=181, non-scripts=214
		Asset File Changes: new=0, changed=5, moved=0, deleted=0
		Scan Filter Count: 0
	InvokePackagesCallback: 10.889ms
	ApplyChangesToAssetFolders: 0.516ms
	Scan: 31.877ms
	Collect global state as custom dependencies: 8.201ms
	OnSourceAssetsModified: 1.859ms
	CategorizeScriptCompilationAssets: 1.020ms
	ProcessAssetsWithTransientArtifactChanges: 6.869ms
	CategorizeAssets: 3.011ms
	CompileScripts: 4470.418ms
	ImportOutOfDateAssets: 337.179ms (325.725ms without children)
		UnloadImportedAssets: 0.136ms
		ImportSchedulerStart: 11.276ms
	PostProcessAllAssets: 45.008ms
		VCAutoAddAssetPostprocess 1.087ms
		PostProcessCallbackCreateDeferredMaterials 0.051ms
		MonoPostProcessAllAssets: 43.307ms
			AssetPostprocessor.OnPostprocessAllAssets 13.770ms
			StyleCatalogPostProcessor.OnPostprocessAllAssets 6.462ms
			WindowAssetPostprocessingWatcher.OnPostprocessAllAssets 5.577ms
			BuilderAssetPostprocessor.OnPostprocessAllAssets 3.891ms
			AssetChangedListener.OnPostprocessAllAssets 1.616ms
			SyncVS.PostprocessSyncProject 1.052ms
			RetainedModeAssetPostprocessor.OnPostprocessAllAssets 0.880ms
			EditModeScopePostprocessor.OnPostprocessAllAssets 0.854ms
			SpeedTree9Postprocessor.OnPostprocessAllAssets 0.602ms
			TextAssetPostProcessor.OnPostprocessAllAssets 0.452ms
			ArtifactBrowserPostProcessor.OnPostprocessAllAssets 0.425ms
			ReferencedClipsPostProcessor.OnPostprocessAllAssets 0.231ms
			AudioMixerPostprocessor.OnPostprocessAllAssets 0.204ms
			TMPro_TexturePostProcessor.OnPostprocessAllAssets 0.199ms
			TerrainToolbarOverlayPostProcessor.OnPostprocessAllAssets 0.187ms
			AssetEvents.OnPostprocessAllAssets 0.170ms
			AssetDatabaseCallbacks.OnPostprocessAllAssets 0.132ms
			SpeedTreePostProcessor.OnPostprocessAllAssets 0.117ms
			ConfigAssetsTracker.OnPostprocessAllAssets 0.084ms
			ScenarioDriftAssetsTracker.OnPostprocessAllAssets 0.081ms
			RenderPipelineGlobalSettingsPostprocessor.OnPostprocessAllAssets 0.079ms
			AudioContainerPostProcessor.OnPostprocessAllAssets 0.060ms
	PostAssetChangesProfiler: 4.793ms
	UnloadStreamsBegin: 1.683ms
	GenerateScriptTypeHashes: 0.453ms
	GenerateScriptTypeSerializationHashes: 1.286ms
	Untracked: 402.092ms

Application.AssetDatabase Initial Refresh End
Launched and connected shader compiler UnityShaderCompiler.exe after 0.01 seconds
Scanning for USB devices : 5.206ms
Initializing Unity extensions:
[MODES] ModeService[none].Initialize
[MODES] ModeService[none].LoadModes
[MODES] Loading mode Default (0) for mode-current-id-TowerDefenseUnity
Unloading 3 Unused Serialized files (Serialized files now loaded: 0)
Unloading 471 unused Assets / (0.7 MB). Loaded Objects now: 1281.
Memory consumption went from 212.8 MB to 212.1 MB.
Total: 6.376000 ms (FindLiveObjects: 0.136800 ms CreateObjectMapping: 0.086800 ms MarkObjects: 4.290100 ms  DeleteObjects: 1.858000 ms)

TOUHOU_VERIFY PASS: five music assets and orthogonal routes
UnityEngine.Debug:ExtractStackTraceNoAlloc (byte*,int,string)
UnityEngine.StackTraceUtility:ExtractStackTrace ()
UnityEngine.DebugLogHandler:Internal_Log (UnityEngine.LogType,UnityEngine.LogOption,string,UnityEngine.Object)
UnityEngine.DebugLogHandler:LogFormat (UnityEngine.LogType,UnityEngine.Object,string,object[])
UnityEngine.Logger:Log (UnityEngine.LogType,object)
UnityEngine.Debug:Log (object)
BattleUiVerification:Run () (at Assets/Editor/BattleUiVerification.cs:45)
BattleUiPlayVerification:Run () (at Assets/Editor/BattleUiPlayVerification.cs:23)

(Filename: Assets/Editor/BattleUiVerification.cs Line: 45)

BATTLE_UI_VERIFY PASS: vertex-baked button visuals; minimum reference canvas preserved
UnityEngine.Debug:ExtractStackTraceNoAlloc (byte*,int,string)
UnityEngine.StackTraceUtility:ExtractStackTrace ()
UnityEngine.DebugLogHandler:Internal_Log (UnityEngine.LogType,UnityEngine.LogOption,string,UnityEngine.Object)
UnityEngine.DebugLogHandler:LogFormat (UnityEngine.LogType,UnityEngine.Object,string,object[])
UnityEngine.Logger:Log (UnityEngine.LogType,object)
UnityEngine.Debug:Log (object)
BattleUiVerification:Run () (at Assets/Editor/BattleUiVerification.cs:46)
BattleUiPlayVerification:Run () (at Assets/Editor/BattleUiPlayVerification.cs:23)

(Filename: Assets/Editor/BattleUiVerification.cs Line: 46)

[Project] Loading completed in 7.469 seconds
	Project init time: 				7.079 seconds
		Template init time: 		0.000 seconds
		Package Manager init time: 		0.293 seconds
		Asset Database init time: 		0.131 seconds
		Global illumination init time: 	0.002 seconds
		Assemblies load time: 			0.780 seconds
		Unity extensions init time: 	0.001 seconds
		Asset Database refresh time: 	5.331 seconds
	Scene opening time: 			0.161 seconds
##utp:{"type":"ProjectInfo","version":2,"phase":"Immediate","time":1789484625190,"processId":16108,"projectLoad":7.468730900000001,"projectInit":7.0790796,"templateInit":0.0,"packageManagerInit":0.2926051,"assetDatabaseInit":0.1310548,"globalIlluminationInit":0.0020208,"assembliesLoad":0.7799848,"unityExtensionsInit":0.001293,"assetDatabaseRefresh":5.3309881,"sceneOpening":0.1611387}
##utp:{"type":"EditorInfo","version":2,"phase":"Immediate","time":1789484625190,"processId":16108,"editorVersion":"6000.5.9f1 (b57deb96f08d)","branch":"6000.5/staging","buildType":"Release","platform":"Windows"}
Reloading assemblies for play mode.
Reloading assemblies after forced synchronous recompile.
Begin MonoManager ReloadAssembly
Native extension for WindowsStandalone target not found
Native extension for WebGL target not found
ScheduleIndexationOnStartup MainProcess:True IndexOnStartup:True
Mono: successfully reloaded assembly
- Finished resetting the current domain, in  0.412 seconds
Domain Reload Profiling: 724ms
	BeginReloadAssembly (172ms)
		DisableScriptedObjects (37ms)
		CreateAndSetChildDomain (57ms)
	RebuildCommonClasses (8ms)
	RebuildNativeTypeToScriptingClass (13ms)
	initialDomainReloadingComplete (32ms)
	LoadAllAssembliesAndSetupDomain (84ms)
		LoadAssemblies (56ms)
		AnalyzeDomain (6ms)
			TypeCache.Refresh (3ms)
	FinalizeReload (415ms)
		SetupLoadedEditorAssemblies (0ms)
			BeforeProcessingInitializeOnLoad (69ms)
			ProcessInitializeOnLoadAttributes (58ms)
			ProcessInitializeOnLoadMethodAttributes (64ms)
			AfterProcessingInitializeOnLoad (6ms)
		AwakeInstancesAfterBackupRestoration (32ms)

Asset Pipeline Refresh (id=14742c2f3a05d6c4c809a281c2c6e2ae): Total: 0.851 seconds - Initiated by StopAssetImportingV2(ForceSynchronousImport | ForceDomainReload)
	(Values over 0.05ms)
	Summary:
		Imports: total=0 (actual=0, local cache=0, cache server=0)
		Asset DB Process Time: managed=0 ms, native=459 ms
		Asset DB Callback time: managed=39 ms, native=16 ms
		Scripting: domain reloads=1, domain reload time=333 ms, compile time=2 ms, other=0 ms
		Project Asset Count: scripts=181, non-scripts=214
		Asset File Changes: new=0, changed=0, moved=0, deleted=0
		Scan Filter Count: 0
	InvokePackagesCallback: 2.102ms
	ApplyChangesToAssetFolders: 0.154ms
	Collect global state as custom dependencies: 1.017ms
	ProcessAssetsWithTransientArtifactChanges: 9.405ms
	CategorizeAssets: 2.756ms
	CompileScripts: 2.485ms
	ImportOutOfDateAssets: 417.756ms (415.953ms without children)
		CollectScriptTypesHashes: 0.409ms
		ReloadNativeAssets: 0.379ms
		UnloadImportedAssets: 0.211ms
		EnsureUptoDateAssetsAreRegisteredWithGuidPM: 0.053ms
		ImportSchedulerStart: 1.155ms
	PostProcessAllAssets: 51.090ms
		PostProcessCallbackCreateDeferredMaterials 1.566ms
		ShaderAssetModifiedCallback 0.718ms
		RaytracingShaderImportPostprocess 0.295ms
		ComputeShaderImportPostprocess 0.237ms
		SpeedTreeImporter.PostprocessAllAssets 0.213ms
		LocalizationDatabase.AssetDatabasePostprocessCallback 0.124ms
		AssemblyValidation.PostprocessAllAssets 0.110ms
		BlockShaderImporter.PostprocessAllAssets 0.106ms
		MonoPostProcessAllAssets: 38.342ms
			StyleCatalogPostProcessor.OnPostprocessAllAssets 7.062ms
			WindowAssetPostprocessingWatcher.OnPostprocessAllAssets 6.121ms
			AssetPostprocessor.OnPostprocessAllAssets 5.903ms
			BuilderAssetPostprocessor.OnPostprocessAllAssets 4.124ms
			AssetChangedListener.OnPostprocessAllAssets 1.861ms
			TextAssetPostProcessor.OnPostprocessAllAssets 1.271ms
			SyncVS.PostprocessSyncProject 1.220ms
			RetainedModeAssetPostprocessor.OnPostprocessAllAssets 0.934ms
			SpeedTree9Postprocessor.OnPostprocessAllAssets 0.743ms
			EditModeScopePostprocessor.OnPostprocessAllAssets 0.406ms
			ArtifactBrowserPostProcessor.OnPostprocessAllAssets 0.393ms
			ReferencedClipsPostProcessor.OnPostprocessAllAssets 0.256ms
			TMPro_TexturePostProcessor.OnPostprocessAllAssets 0.237ms
			AudioMixerPostprocessor.OnPostprocessAllAssets 0.211ms
			AssetEvents.OnPostprocessAllAssets 0.170ms
			TerrainToolbarOverlayPostProcessor.OnPostprocessAllAssets 0.147ms
			AssetDatabaseCallbacks.OnPostprocessAllAssets 0.122ms
			SpeedTreePostProcessor.OnPostprocessAllAssets 0.120ms
			ConfigAssetsTracker.OnPostprocessAllAssets 0.082ms
			ScenarioDriftAssetsTracker.OnPostprocessAllAssets 0.080ms
			RenderPipelineGlobalSettingsPostprocessor.OnPostprocessAllAssets 0.068ms
			AudioContainerPostProcessor.OnPostprocessAllAssets 0.062ms
	PostAssetChangesProfiler: 3.470ms
	UnloadStreamsBegin: 0.177ms
	GenerateScriptTypeHashes: 1.335ms
	GenerateScriptTypeSerializationHashes: 2.943ms
	Untracked: 351.846ms

Worker ready: AssetImportWorkerHW0 0
Sprite Tiling might not appear correctly because the Sprite used is not generated with Full Rect. To fix this, change the Mesh Type in the Sprite's import setting to Full Rect
UnityEngine.Debug:ExtractStackTraceNoAlloc (byte*,int,string)
UnityEngine.StackTraceUtility:ExtractStackTrace ()
UnityEngine.SpriteRenderer:set_drawMode (UnityEngine.SpriteDrawMode)
TowerDefense.Effects.WorldAmbience:BuildStars (UnityEngine.Transform) (at Assets/Scripts/Effects/WorldAmbience.cs:79)
TowerDefense.Effects.WorldAmbience:Build (UnityEngine.Transform) (at Assets/Scripts/Effects/WorldAmbience.cs:53)
TowerDefense.Effects.WorldAmbience:Create (UnityEngine.Transform) (at Assets/Scripts/Effects/WorldAmbience.cs:47)
TowerDefense.Core.GameManager:CreateWorld () (at Assets/Scripts/Core/GameManager.cs:194)
TowerDefense.Core.GameManager:Awake () (at Assets/Scripts/Core/GameManager.cs:102)
UnityEngine.GameObject:Internal_AddComponentWithType (System.Type)
UnityEngine.GameObject:AddComponent (System.Type)
UnityEngine.GameObject:AddComponent<TowerDefense.Core.GameManager> ()
TowerDefense.Core.GameBootstrap:AutoStart () (at Assets/Scripts/Core/GameBootstrap.cs:17)

[Assets/Scripts/Core/GameBootstrap.cs line 17]

Sprite Tiling might not appear correctly because the Sprite used is not generated with Full Rect. To fix this, change the Mesh Type in the Sprite's import setting to Full Rect
UnityEngine.Debug:ExtractStackTraceNoAlloc (byte*,int,string)
UnityEngine.StackTraceUtility:ExtractStackTrace ()
UnityEngine.SpriteRenderer:set_drawMode (UnityEngine.SpriteDrawMode)
TowerDefense.Systems.MapSystem:BuildBoard (UnityEngine.Transform) (at Assets/Scripts/Systems/MapSystem.cs:155)
TowerDefense.Systems.MapSystem:Init (UnityEngine.Transform) (at Assets/Scripts/Systems/MapSystem.cs:35)
TowerDefense.Core.GameManager:CreateWorld () (at Assets/Scripts/Core/GameManager.cs:200)
TowerDefense.Core.GameManager:Awake () (at Assets/Scripts/Core/GameManager.cs:102)
UnityEngine.GameObject:Internal_AddComponentWithType (System.Type)
UnityEngine.GameObject:AddComponent (System.Type)
UnityEngine.GameObject:AddComponent<TowerDefense.Core.GameManager> ()
TowerDefense.Core.GameBootstrap:AutoStart () (at Assets/Scripts/Core/GameBootstrap.cs:17)

[Assets/Scripts/Core/GameBootstrap.cs line 17]

Loaded scene 'Temp/__Backupscenes/0.backup'
	Deserialize:            0.495 ms
	Integration:            1404.600 ms
	Integration of assets:  0.003 ms
	Thread Wait Time:       0.022 ms
	Total Operation Time:   1405.120 ms
[MODES] ModeService[none].Initialize
[MODES] ModeService[none].LoadModes
Start Indexing on Editor startup
[Indexing] Starting Initial Indexing for Assets
Created GICache directory at C:/Users/DreamNight/AppData/LocalLow/Unity/Caches/GiCache. Took: 0.012s, timestamps: [9.883 - 9.895]
[Licensing::Client] Successfully resolved entitlement details
Sprite Tiling might not appear correctly because the Sprite used is not generated with Full Rect. To fix this, change the Mesh Type in the Sprite's import setting to Full Rect
UnityEngine.Debug:ExtractStackTraceNoAlloc (byte*,int,string)
UnityEngine.StackTraceUtility:ExtractStackTrace ()
UnityEngine.SpriteRenderer:set_drawMode (UnityEngine.SpriteDrawMode)
TowerDefense.Effects.WorldAmbience:BuildStars (UnityEngine.Transform) (at Assets/Scripts/Effects/WorldAmbience.cs:79)
TowerDefense.Effects.WorldAmbience:Build (UnityEngine.Transform) (at Assets/Scripts/Effects/WorldAmbience.cs:53)
TowerDefense.Effects.WorldAmbience:Create (UnityEngine.Transform) (at Assets/Scripts/Effects/WorldAmbience.cs:47)
TowerDefense.Core.GameManager:CreateWorld () (at Assets/Scripts/Core/GameManager.cs:194)
TowerDefense.Core.GameManager:BeginRun (int,bool) (at Assets/Scripts/Core/GameManager.cs:711)
BattleUiPlayVerification:Tick () (at Assets/Editor/BattleUiPlayVerification.cs:40)
UnityEditor.EditorApplication:Internal_CallUpdateFunctions ()

[Assets/Scripts/Core/GameManager.cs line 194]

Sprite Tiling might not appear correctly because the Sprite used is not generated with Full Rect. To fix this, change the Mesh Type in the Sprite's import setting to Full Rect
UnityEngine.Debug:ExtractStackTraceNoAlloc (byte*,int,string)
UnityEngine.StackTraceUtility:ExtractStackTrace ()
UnityEngine.SpriteRenderer:set_drawMode (UnityEngine.SpriteDrawMode)
TowerDefense.Systems.MapSystem:BuildBoard (UnityEngine.Transform) (at Assets/Scripts/Systems/MapSystem.cs:155)
TowerDefense.Systems.MapSystem:Init (UnityEngine.Transform) (at Assets/Scripts/Systems/MapSystem.cs:35)
TowerDefense.Core.GameManager:CreateWorld () (at Assets/Scripts/Core/GameManager.cs:200)
TowerDefense.Core.GameManager:BeginRun (int,bool) (at Assets/Scripts/Core/GameManager.cs:711)
BattleUiPlayVerification:Tick () (at Assets/Editor/BattleUiPlayVerification.cs:40)
UnityEditor.EditorApplication:Internal_CallUpdateFunctions ()

[Assets/Scripts/Core/GameManager.cs line 200]

Sprite Tiling might not appear correctly because the Sprite used is not generated with Full Rect. To fix this, change the Mesh Type in the Sprite's import setting to Full Rect
UnityEngine.Debug:ExtractStackTraceNoAlloc (byte*,int,string)
UnityEngine.StackTraceUtility:ExtractStackTrace ()
UnityEngine.SpriteRenderer:set_drawMode (UnityEngine.SpriteDrawMode)
TowerDefense.Effects.WorldAmbience:BuildStars (UnityEngine.Transform) (at Assets/Scripts/Effects/WorldAmbience.cs:79)
TowerDefense.Effects.WorldAmbience:Build (UnityEngine.Transform) (at Assets/Scripts/Effects/WorldAmbience.cs:53)
TowerDefense.Effects.WorldAmbience:Create (UnityEngine.Transform) (at Assets/Scripts/Effects/WorldAmbience.cs:47)
TowerDefense.Core.GameManager:CreateWorld () (at Assets/Scripts/Core/GameManager.cs:194)
TowerDefense.Core.GameManager:BeginRun (int,bool) (at Assets/Scripts/Core/GameManager.cs:711)
TowerDefense.Core.GameManager:Restart () (at Assets/Scripts/Core/GameManager.cs:743)
BattleUiPlayVerification:Tick () (at Assets/Editor/BattleUiPlayVerification.cs:67)
UnityEditor.EditorApplication:Internal_CallUpdateFunctions ()

[Assets/Scripts/Core/GameManager.cs line 194]

Sprite Tiling might not appear correctly because the Sprite used is not generated with Full Rect. To fix this, change the Mesh Type in the Sprite's import setting to Full Rect
UnityEngine.Debug:ExtractStackTraceNoAlloc (byte*,int,string)
UnityEngine.StackTraceUtility:ExtractStackTrace ()
UnityEngine.SpriteRenderer:set_drawMode (UnityEngine.SpriteDrawMode)
TowerDefense.Systems.MapSystem:BuildBoard (UnityEngine.Transform) (at Assets/Scripts/Systems/MapSystem.cs:155)
TowerDefense.Systems.MapSystem:Init (UnityEngine.Transform) (at Assets/Scripts/Systems/MapSystem.cs:35)
TowerDefense.Core.GameManager:CreateWorld () (at Assets/Scripts/Core/GameManager.cs:200)
TowerDefense.Core.GameManager:BeginRun (int,bool) (at Assets/Scripts/Core/GameManager.cs:711)
TowerDefense.Core.GameManager:Restart () (at Assets/Scripts/Core/GameManager.cs:743)
BattleUiPlayVerification:Tick () (at Assets/Editor/BattleUiPlayVerification.cs:67)
UnityEditor.EditorApplication:Internal_CallUpdateFunctions ()

[Assets/Scripts/Core/GameManager.cs line 200]

TOUHOU_AUDIO_PLAY PASS: looping playback and mute toggle
UnityEngine.Debug:ExtractStackTraceNoAlloc (byte*,int,string)
UnityEngine.StackTraceUtility:ExtractStackTrace ()
UnityEngine.DebugLogHandler:Internal_Log (UnityEngine.LogType,UnityEngine.LogOption,string,UnityEngine.Object)
UnityEngine.DebugLogHandler:LogFormat (UnityEngine.LogType,UnityEngine.Object,string,object[])
UnityEngine.Logger:Log (UnityEngine.LogType,object)
UnityEngine.Debug:Log (object)
BattleUiPlayVerification:Tick () (at Assets/Editor/BattleUiPlayVerification.cs:108)
UnityEditor.EditorApplication:Internal_CallUpdateFunctions ()

(Filename: Assets/Editor/BattleUiPlayVerification.cs Line: 108)

BATTLE_UI_PLAY PASS: bootstrap, pause overlay, restart, dossier; screenshots captured
UnityEngine.Debug:ExtractStackTraceNoAlloc (byte*,int,string)
UnityEngine.StackTraceUtility:ExtractStackTrace ()
UnityEngine.DebugLogHandler:Internal_Log (UnityEngine.LogType,UnityEngine.LogOption,string,UnityEngine.Object)
UnityEngine.DebugLogHandler:LogFormat (UnityEngine.LogType,UnityEngine.Object,string,object[])
UnityEngine.Logger:Log (UnityEngine.LogType,object)
UnityEngine.Debug:Log (object)
BattleUiPlayVerification:Tick () (at Assets/Editor/BattleUiPlayVerification.cs:109)
UnityEditor.EditorApplication:Internal_CallUpdateFunctions ()

(Filename: Assets/Editor/BattleUiPlayVerification.cs Line: 109)

MonoPathRemapper: Attempts to remap: 2937; Successful remaps: 1292
Serialized file version minimum: 23, current 23
[Physics::Module] Cleanup current backend.
[Physics::Module] Id: 0xf2b8ea05
Input System module state changed to: ShutdownInProgress.
Input Polling Thread exited.
Input System module state changed to: Shutdown.
[Licensing::IpcConnector] LicenseClient-DreamNight-notifications channel disconnected successfully.
[Licensing::IpcConnector] LicenseClient-DreamNight channel disconnected successfully.
Lingering sessions upon destruction of worker manager
AcceleratorClientConnectionCallback - disconnected - :0
Cleanup mono
CodeReloadManager destroyed
Checking for leaked weakptr:
  Found no leaked weakptrs.
[Package Manager] Server process was shutdown
##utp:{"type":"MemoryLeaks","version":2,"phase":"Immediate","time":1789484645268,"processId":16108,"allocatedMemory":11915836,"memoryLabels":[{"Default":187068},{"Permanent":15516},{"NewDelete":66987},{"Thread":4205176},{"Manager":39559},{"VertexData":8},{"Geometry":816},{"Texture":24},{"Shader":840457},{"Material":24},{"GfxDevice":57848},{"Animation":952},{"FreeType":8},{"FontEngine":736},{"Physics":2146},{"Physics2D":16},{"Serialization":1016},{"Input":42840},{"JobScheduler":256},{"TextLib":280},{"Mono":48},{"ScriptingNativeRuntime":674964},{"BaseObject":1670072},{"Resource":1208},{"Renderer":3080},{"Transform":4685},{"File":4013},{"WebCam":616},{"Culling":32},{"Terrain":11442},{"Wind":24},{"STL":40},{"String":26384},{"StaticString":3808},{"Utility":2675958},{"Curl":2594},{"PoolAlloc":2168},{"AI":80},{"TypeTree":17165},{"CodeReload":448},{"RuntimeInitializeOnLoadManager":64},{"Sprites":102},{"SpriteAtlas":120},{"GI":7816},{"Director":8296},{"CloudService":9512},{"WebRequest":552},{"VR":47114},{"SceneManager":608},{"Video":208},{"LazyScriptCache":32},{"Camera":17},{"Secure":2377},{"SerializationCache":1576},{"APIUpdating":10320},{"Subsystems":336},{"VirtualTexturing":57888},{"StaticSafetyDebugInfo":278528},{"Analytics":552},{"Hierarchy":1176},{"UIElements":72},{"CoreStats":13688},{"Identifiers":6768},{"Gui":128},{"EditorUtility":97795},{"VersionControl":8},{"Undo":931},{"AssetDatabase":753713},{"AssetImporter":40},{"EditorGi":328},{"UnityConnect":38929},{"Upm":1912},{"UpmDiagnostics":8},{"AssetCompliance":64},{"DrivenProperties":72},{"LocalIPC":216},{"ProfilerEditor":9746},{"CoreBusinessMetrics":3486},{"Windowing":456},{"Licensing":1232},{"AssetReference":32},{"IPCStream":32}]}
