.reports is not a valid directory name. Please make sure there are no unallowed characters in the name.
.reports is not a valid directory name. Please make sure there are no unallowed characters in the name.
[Licensing::Module] Trying to connect to existing licensing client channel...
Built from '6000.5/staging' branch; Version is '6000.5.9f1 (b57deb96f08d) revision 11894251'; Using compiler version '194234433'; Build Type 'Release'
[Licensing::IpcConnector] Successfully connected to: "LicenseClient-DreamNight" at "2026-09-11T15:58:15.7165301Z"
OS: 'Windows 11  (10.0.26200) CoreCountrySpecific' Language: 'zh' Physical Memory: 31928 MB
BatchMode: 1, IsHumanControllingUs: 0, StartBugReporterOnCrash: 0, Is64bit: 1
System  architecture: x64
Process architecture: x64
Date: 2026-09-11T15:58:15Z

COMMAND LINE ARGUMENTS:
C:\Program Files\Unity\Hub\Editor\6000.5.9f1\Editor\Unity.exe
-batchmode
-projectPath
C:/Users/DreamNight/Documents/01My/personal/TowerDefenseUnity
-executeMethod
BattleUiPlayVerification.Run
-logFile
.reports/uiplay-run.log
Successfully changed project path to: C:/Users/DreamNight/Documents/01My/personal/TowerDefenseUnity
C:/Users/DreamNight/Documents/01My/personal/TowerDefenseUnity
[UnityMemory] Configuration Parameters - Can be set up in boot.config
    "memorysetup-temp-allocator-size-gi-baking-worker=262144"
    "memorysetup-temp-allocator-size-gi-baking-worker=262144"
    "memorysetup-temp-allocator-size-gi-baking-worker=262144"
    "memorysetup-temp-allocator-size-gi-baking-worker=262144"
    "memorysetup-temp-allocator-size-gi-baking-worker=262144"
    "memorysetup-temp-allocator-size-nav-mesh-worker=65536"
    "memorysetup-temp-allocator-size-audio-worker=65536"
    "memorysetup-temp-allocator-size-cloud-worker=32768"
    "memorysetup-temp-allocator-size-gfx=262144"
    "memorysetup-remapper-allocator-initial-capacity=32768"
    "memorysetup-temp-allocator-size-preload-manager=33554432"
    "memorysetup-allocator-temp-initial-block-size-main=262144"
    "memorysetup-allocator-temp-initial-block-size-worker=262144"
    "memorysetup-temp-allocator-size-job-worker=262144"
    "memorysetup-temp-allocator-size-background-worker=32768"
    "memorysetup-bucket-allocator-granularity=16"
    "memorysetup-bucket-allocator-bucket-count=8"
    "memorysetup-bucket-allocator-block-size=33554432"
    "memorysetup-bucket-allocator-block-count=8"
    "memorysetup-main-allocator-block-size=16777216"
    "memorysetup-thread-allocator-block-size=16777216"
    "memorysetup-main-allocator-mimalloc-enabled=0"
    "memorysetup-gfx-main-allocator-block-size=16777216"
    "memorysetup-gfx-thread-allocator-block-size=16777216"
    "memorysetup-cache-allocator-block-size=4194304"
    "memorysetup-typetree-allocator-block-size=2097152"
    "memorysetup-profiler-bucket-allocator-granularity=16"
    "memorysetup-profiler-bucket-allocator-bucket-count=8"
    "memorysetup-profiler-bucket-allocator-block-size=33554432"
    "memorysetup-profiler-bucket-allocator-block-count=8"
    "memorysetup-profiler-allocator-block-size=16777216"
    "memorysetup-profiler-editor-allocator-block-size=1048576"
    "memorysetup-temp-allocator-size-main=16777216"
    "memorysetup-job-temp-allocator-block-size=2097152"
    "memorysetup-job-temp-allocator-block-size-background=1048576"
    "memorysetup-job-temp-allocator-reduction-small-platforms=262144"
Logging is directed to a specific file, skipping project log.Player connection [28124]  Target information:

Player connection [28124]  * "[IP] 10.161.162.125 [Port] 55504 [Flags] 2 [Guid] 1964323243 [EditorId] 1964323243 [Version] 1048832 [Id] WindowsEditor(7,DNT-ROG) [Debug] 1 [PackageName] WindowsEditor [ProjectName] Editor" 

Player connection [28124]  * "[IP] 100.70.23.8 [Port] 55504 [Flags] 2 [Guid] 1964323243 [EditorId] 1964323243 [Version] 1048832 [Id] WindowsEditor(7,DNT-ROG) [Debug] 1 [PackageName] WindowsEditor [ProjectName] Editor" 

Player connection [28124]  * "[IP] 198.18.0.1 [Port] 55504 [Flags] 2 [Guid] 1964323243 [EditorId] 1964323243 [Version] 1048832 [Id] WindowsEditor(7,DNT-ROG) [Debug] 1 [PackageName] WindowsEditor [ProjectName] Editor" 

Player connection [28124]  * "[IP] 10.163.162.190 [Port] 55504 [Flags] 2 [Guid] 1964323243 [EditorId] 1964323243 [Version] 1048832 [Id] WindowsEditor(7,DNT-ROG) [Debug] 1 [PackageName] WindowsEditor [ProjectName] Editor" 

Player connection [28124] Host joined multi-casting on [225.0.0.222:54997]...
Player connection [28124] Host joined alternative multi-casting on [225.0.0.222:34997]...
Input System module state changed to: Initialized.
[Physics::Module] Initialized fallback backend.
[Physics::Module] Id: 0xdecafbad
[Package Manager] Connected to IPC stream "Upm-18844" after 0.2 seconds.
[Licensing::Module] Licensing is not yet initialized.
[Licensing::Client] Error: HandshakeResponse reported an error:
	ResponseCode: 505
	ResponseStatus: Unsupported protocol version '1.18.3'.
[Licensing::Module] Error: Failed to handshake to channel: "LicenseClient-DreamNight"
[Licensing::IpcConnector] LicenseClient-DreamNight channel disconnected successfully.
[Licensing::IpcConnector] Channel LicenseClient-DreamNight-6000.5.9 doesn't exist
[Licensing::Module] Successfully launched the LicensingClient (PId: 8092)
Starting IPC server.
Waiting for clients to connect on \\.\pipe\Unity-LicenseClient-DreamNight-6000.5.9, press Ctrl-C to exit.
[Licensing::IpcConnector] Successfully connected to: "LicenseClient-DreamNight-6000.5.9" at "2026-09-11T15:58:17.0759606Z"
[Licensing::Client] Code 10 while verifying Licensing Client signature (process Id: 8092, path: "C:/Program Files/Unity/Hub/Editor/6000.5.9f1/Editor/Data/Resources/Licensing/Client/Unity.Licensing.Client.exe")
[Licensing::Module] LicensingClient has failed validation; ignoring
[Licensing::Client] Handshaking with LicensingClient:
  Version:                 1.18.3+d7ffd15
  Session Id:              1513c52e61e84c8799dda4e6dc701627
  Correlation Id:          36d85186e463d5e4fbeb798a52075dc1
  External correlation Id: 292633166007213094
  Machine Id:              lpR/o6WFQFljK/3tZlA5ZACwwJc=
[Licensing::Module] Successfully connected to LicensingClient on channel: "LicenseClient-DreamNight-6000.5.9" (connect: 0.25s, validation: 0.13s, handshake: 0.01s)
[Licensing::IpcConnector] Successfully connected to: "LicenseClient-DreamNight-6000.5.9-notifications" at "2026-09-11T15:58:17.2071708Z"
[Licensing::Module] Connected to LicensingClient (PId: 8092, launch time: 0.00, total connection time: 0.38s)
[Licensing::Module] Error: Access token is unavailable; failed to update
[Licensing::Client] Successfully resolved entitlement details
[Licensing::Module] License group:
  Id: 18968485699489-UnityPersXXXX
  Product: Unity Personal
  Type: Assigned
  Expiration: Unlimited
[Licensing::Client] Successfully updated license, isAsync: True, time: 0.01
[Licensing::Client] Successfully resolved entitlement details
[Licensing::Module] Licensing Background thread has ended after 1.52s
[Licensing::Module] Licensing is initialized (took 1.14s).
[Licensing::Client] Successfully resolved entitlement details
Library Redirect Path: Library/
[Physics::Module] Selected backend.
[Physics::Module] Name: PhysX
[Physics::Module] Id: 0xf2b8ea05
[Physics::Module] SDK Version: 4.1.2
[Physics::Module] Integration Version: 1.0.0
[Physics::Module] Threading Mode: Multi-Threaded
Initialize engine version: 6000.5.9f1 (b57deb96f08d)
[Subsystems] Discovering subsystems at path C:/Program Files/Unity/Hub/Editor/6000.5.9f1/Editor/Data/Resources/UnitySubsystems
[Subsystems] Discovering subsystems at path C:/Users/DreamNight/Documents/01My/personal/TowerDefenseUnity/Assets
GfxDevice: creating device client; kGfxThreadingModeNonThreaded
d3d12: failed to query info queue interface (0x80004002).
Direct3D:
    Version:         Direct3D 12 [level 12.2]
    Renderer:        NVIDIA GeForce RTX 5070 Ti Laptop GPU (ID=0x2f58)
    Vendor:          NVIDIA
    VRAM:            11944 MB
    App VRAM Budget: 11176 MB
    Driver:          32.0.16.1656
Initialize mono
Mono path[0] = 'C:/Program Files/Unity/Hub/Editor/6000.5.9f1/Editor/Data/Managed'
Mono path[1] = 'C:/Program Files/Unity/Hub/Editor/6000.5.9f1/Editor/Data/BCLExtensions/runtime/netstandard2.1'
Mono path[2] = 'C:/Program Files/Unity/Hub/Editor/6000.5.9f1/Editor/Data/MonoBleedingEdge/lib/mono/unityjit-win32'
Mono config path = 'C:/Program Files/Unity/Hub/Editor/6000.5.9f1/Editor/Data/MonoBleedingEdge/etc'
Using monoOptions --debugger-agent=transport=dt_socket,embedding=1,server=y,suspend=n,address=127.0.0.1:56844
CodeReloadManager initialized
ImportWorker Server TCP listen port: 0
AcceleratorClientConnectionCallback - disconnected - :0
Begin MonoManager ReloadAssembly
Registering precompiled unity dll's ...
Register platform support module: C:/Program Files/Unity/Hub/Editor/6000.5.9f1/Editor/Data/PlaybackEngines/WebGLSupport/UnityEditor.WebGL.Extensions.dll
Register platform support module: C:/Program Files/Unity/Hub/Editor/6000.5.9f1/Editor/Data/PlaybackEngines/WindowsStandaloneSupport/UnityEditor.WindowsStandalone.Extensions.dll
Registered in 0.001619 seconds.
Native extension for WindowsStandalone target not found
Native extension for WebGL target not found
Package Manager log level set to [2]
ScheduleIndexationOnStartup MainProcess:False IndexOnStartup:True
Mono: successfully reloaded assembly
- Finished resetting the current domain, in  0.365 seconds
Domain Reload Profiling: 694ms
	BeginReloadAssembly (64ms)
	RebuildCommonClasses (4ms)
	RebuildNativeTypeToScriptingClass (11ms)
	initialDomainReloadingComplete (47ms)
	LoadAllAssembliesAndSetupDomain (202ms)
		LoadAssemblies (59ms)
		AnalyzeDomain (142ms)
			TypeCache.Refresh (141ms)
				TypeCache.ScanAssembly (131ms)
	FinalizeReload (366ms)
		SetupLoadedEditorAssemblies (0ms)
			BeforeProcessingInitializeOnLoad (62ms)
			ProcessInitializeOnLoadAttributes (66ms)
			ProcessInitializeOnLoadMethodAttributes (180ms)
[Licensing::Client] Successfully resolved entitlement details
Application.AssetDatabase Initial Refresh Start
[Package Manager] Restoring resolved packages state from cache
[Licensing::Client] Successfully resolved entitlement details
[Package Manager] Registered 22 packages:
  Built-in packages:
    com.unity.modules.animation@1.0.0 (location: C:\Users\DreamNight\Documents\01My\personal\TowerDefenseUnity\Library\PackageCache\com.unity.modules.animation)
    com.unity.modules.audio@1.0.0 (location: C:\Users\DreamNight\Documents\01My\personal\TowerDefenseUnity\Library\PackageCache\com.unity.modules.audio)
    com.unity.modules.director@1.0.0 (location: C:\Users\DreamNight\Documents\01My\personal\TowerDefenseUnity\Library\PackageCache\com.unity.modules.director)
    com.unity.modules.imageconversion@1.0.0 (location: C:\Users\DreamNight\Documents\01My\personal\TowerDefenseUnity\Library\PackageCache\com.unity.modules.imageconversion)
    com.unity.modules.imgui@1.0.0 (location: C:\Users\DreamNight\Documents\01My\personal\TowerDefenseUnity\Library\PackageCache\com.unity.modules.imgui)
    com.unity.modules.jsonserialize@1.0.0 (location: C:\Users\DreamNight\Documents\01My\personal\TowerDefenseUnity\Library\PackageCache\com.unity.modules.jsonserialize)
    com.unity.modules.particlesystem@1.0.0 (location: C:\Users\DreamNight\Documents\01My\personal\TowerDefenseUnity\Library\PackageCache\com.unity.modules.particlesystem)
    com.unity.modules.physics@1.0.0 (location: C:\Users\DreamNight\Documents\01My\personal\TowerDefenseUnity\Library\PackageCache\com.unity.modules.physics)
    com.unity.modules.physics2d@1.0.0 (location: C:\Users\DreamNight\Documents\01My\personal\TowerDefenseUnity\Library\PackageCache\com.unity.modules.physics2d)
    com.unity.modules.screencapture@1.0.0 (location: C:\Users\DreamNight\Documents\01My\personal\TowerDefenseUnity\Library\PackageCache\com.unity.modules.screencapture)
    com.unity.modules.ui@1.0.0 (location: C:\Users\DreamNight\Documents\01My\personal\TowerDefenseUnity\Library\PackageCache\com.unity.modules.ui)
    com.unity.modules.uielements@1.0.0 (location: C:\Users\DreamNight\Documents\01My\personal\TowerDefenseUnity\Library\PackageCache\com.unity.modules.uielements)
    com.unity.ugui@2.5.0 (location: C:\Users\DreamNight\Documents\01My\personal\TowerDefenseUnity\Library\PackageCache\com.unity.ugui@1c4864518158)
    com.unity.modules.unitywebrequest@1.0.0 (location: C:\Users\DreamNight\Documents\01My\personal\TowerDefenseUnity\Library\PackageCache\com.unity.modules.unitywebrequest)
    com.unity.modules.unitywebrequestassetbundle@1.0.0 (location: C:\Users\DreamNight\Documents\01My\personal\TowerDefenseUnity\Library\PackageCache\com.unity.modules.unitywebrequestassetbundle)
    com.unity.modules.unitywebrequestaudio@1.0.0 (location: C:\Users\DreamNight\Documents\01My\personal\TowerDefenseUnity\Library\PackageCache\com.unity.modules.unitywebrequestaudio)
    com.unity.modules.unitywebrequesttexture@1.0.0 (location: C:\Users\DreamNight\Documents\01My\personal\TowerDefenseUnity\Library\PackageCache\com.unity.modules.unitywebrequesttexture)
    com.unity.modules.unitywebrequestwww@1.0.0 (location: C:\Users\DreamNight\Documents\01My\personal\TowerDefenseUnity\Library\PackageCache\com.unity.modules.unitywebrequestwww)
    com.unity.modules.video@1.0.0 (location: C:\Users\DreamNight\Documents\01My\personal\TowerDefenseUnity\Library\PackageCache\com.unity.modules.video)
    com.unity.modules.assetbundle@1.0.0 (location: C:\Users\DreamNight\Documents\01My\personal\TowerDefenseUnity\Library\PackageCache\com.unity.modules.assetbundle)
    com.unity.modules.hierarchycore@1.0.0 (location: C:\Users\DreamNight\Documents\01My\personal\TowerDefenseUnity\Library\PackageCache\com.unity.modules.hierarchycore)
    com.unity.modules.physicscore2d@1.0.0 (location: C:\Users\DreamNight\Documents\01My\personal\TowerDefenseUnity\Library\PackageCache\com.unity.modules.physicscore2d)
[Subsystems] No new subsystems found in resolved package list.
[Package Manager] Done registering packages in 0.01 seconds
[ScriptCompilation] Requested script compilation because: AssetDatabase observed changes in script compilation related files
info: Microsoft.Hosting.Lifetime[14]
      Now listening on: http://localhost:80
info: Microsoft.Hosting.Lifetime[0]
      Application started. Press Ctrl+C to shut down.
info: Microsoft.Hosting.Lifetime[0]
      Hosting environment: Production
info: Microsoft.Hosting.Lifetime[0]
      Content root path: C:\Users\DreamNight\Documents\01My\personal\TowerDefenseUnity
info: Microsoft.AspNetCore.Hosting.Diagnostics[1]
      Request starting HTTP/2 POST http://ilpp/UnityILPP.PostProcessing/Ping - application/grpc -
info: Microsoft.AspNetCore.Routing.EndpointMiddleware[0]
      Executing endpoint 'gRPC - /UnityILPP.PostProcessing/Ping'
info: Microsoft.AspNetCore.Routing.EndpointMiddleware[1]
      Executed endpoint 'gRPC - /UnityILPP.PostProcessing/Ping'
info: Microsoft.AspNetCore.Hosting.Diagnostics[2]
      Request finished HTTP/2 POST http://ilpp/UnityILPP.PostProcessing/Ping - 200 - application/grpc 19.7441ms
Starting: C:\Program Files\Unity\Hub\Editor\6000.5.9f1\Editor\Data\Tools\BuildPipeline\bee_backend.exe --ipc --defer-dag-verification --dagfile="Library/Bee/1900b0aE.dag" --continue-on-failure --profile="Library/Bee/backend1.traceevents" ScriptAssemblies
WorkingDir: C:/Users/DreamNight/Documents/01My/personal/TowerDefenseUnity
DisplayProgressbar: Compiling Scripts
ExitCode: 0 Duration: 1s264ms
[216/222    1s] Csc Library/Bee/artifacts/1900b0aE.dag/Assembly-CSharp.dll (+2 others)
Assets\Scripts\Effects\BattleMusic.cs(33,17): warning CS0618: 'Object.FindFirstObjectByType<T>()' is obsolete: 'FindFirstObjectByType has been deprecated because it relies on instance ID ordering. Use FindAnyObjectByType instead, which does not depend on ordering.'

Assets\Scripts\Effects\BattleMusic.cs(38,25): warning CS0618: 'Object.FindFirstObjectByType<T>()' is obsolete: 'FindFirstObjectByType has been deprecated because it relies on instance ID ordering. Use FindAnyObjectByType instead, which does not depend on ordering.'

Assets\Scripts\Util\SpriteFactory.cs(179,19): warning CS0219: The variable 'half' is assigned but its value is never used
[220/222    0s] CopyFiles Library/ScriptAssemblies/Assembly-CSharp.pdb
[221/222    0s] CopyFiles Library/ScriptAssemblies/Assembly-CSharp.dll
*** Tundra build success (1.24 seconds), 3 items updated, 222 evaluated
Assets\Scripts\Effects\BattleMusic.cs(33,17): warning CS0618: 'Object.FindFirstObjectByType<T>()' is obsolete: 'FindFirstObjectByType has been deprecated because it relies on instance ID ordering. Use FindAnyObjectByType instead, which does not depend on ordering.'
Assets\Scripts\Effects\BattleMusic.cs(38,25): warning CS0618: 'Object.FindFirstObjectByType<T>()' is obsolete: 'FindFirstObjectByType has been deprecated because it relies on instance ID ordering. Use FindAnyObjectByType instead, which does not depend on ordering.'
Assets\Scripts\Util\SpriteFactory.cs(179,19): warning CS0219: The variable 'half' is assigned but its value is never used
Total cache size 2011508
Total cache size after purge 2011508, took 00:00:00.0116011
AssetDatabase: script compilation time: 1.615341s
Begin MonoManager ReloadAssembly
Native extension for WindowsStandalone target not found
Native extension for WebGL target not found
ScheduleIndexationOnStartup MainProcess:True IndexOnStartup:True
Mono: successfully reloaded assembly
- Finished resetting the current domain, in  0.292 seconds
Domain Reload Profiling: 569ms
	BeginReloadAssembly (148ms)
		DisableScriptedObjects (22ms)
		CreateAndSetChildDomain (46ms)
	RebuildCommonClasses (6ms)
	RebuildNativeTypeToScriptingClass (11ms)
	initialDomainReloadingComplete (27ms)
	LoadAllAssembliesAndSetupDomain (83ms)
		LoadAssemblies (52ms)
		AnalyzeDomain (14ms)
			TypeCache.Refresh (7ms)
				TypeCache.ScanAssembly (4ms)
			BuildScriptInfoCaches (4ms)
	FinalizeReload (294ms)
		SetupLoadedEditorAssemblies (0ms)
			BeforeProcessingInitializeOnLoad (56ms)
			ProcessInitializeOnLoadAttributes (49ms)
			ProcessInitializeOnLoadMethodAttributes (49ms)
			AfterProcessingInitializeOnLoad (5ms)
		AwakeInstancesAfterBackupRestoration (22ms)
Starting new worker id: 0 with log in C:/Users/DreamNight/Documents/01My/personal/TowerDefenseUnity/Logs/AssetImportWorkerHW0.log

Asset Pipeline Refresh (id=483c9abb836f72843b34ab3f755f01ba): Total: 2.391 seconds - Initiated by InitialRefreshV2(ForceSynchronousImport)
	(Values over 0.05ms)
	Summary:
		Imports: total=0 (actual=0, local cache=0, cache server=0)
		Asset DB Process Time: managed=0 ms, native=413 ms
		Asset DB Callback time: managed=38 ms, native=13 ms
		Scripting: domain reloads=1, domain reload time=298 ms, compile time=1618 ms, other=9 ms
		Project Asset Count: scripts=181, non-scripts=214
		Asset File Changes: new=0, changed=1, moved=0, deleted=0
		Scan Filter Count: 0
	InvokePackagesCallback: 9.206ms
	ApplyChangesToAssetFolders: 0.397ms
	Scan: 37.038ms
	Collect global state as custom dependencies: 7.822ms
	OnSourceAssetsModified: 0.542ms
	CategorizeScriptCompilationAssets: 0.913ms
	ProcessAssetsWithTransientArtifactChanges: 6.025ms
	CategorizeAssets: 3.114ms
	CompileScripts: 1618.278ms
	ImportOutOfDateAssets: 305.146ms (295.305ms without children)
		UnloadImportedAssets: 0.127ms
		ImportSchedulerStart: 9.663ms
	PostProcessAllAssets: 39.856ms
		VCAutoAddAssetPostprocess 0.949ms
		MonoPostProcessAllAssets: 38.523ms
			AssetPostprocessor.OnPostprocessAllAssets 11.986ms
			StyleCatalogPostProcessor.OnPostprocessAllAssets 5.853ms
			WindowAssetPostprocessingWatcher.OnPostprocessAllAssets 4.972ms
			BuilderAssetPostprocessor.OnPostprocessAllAssets 3.504ms
			AssetChangedListener.OnPostprocessAllAssets 1.312ms
			SyncVS.PostprocessSyncProject 0.908ms
			RetainedModeAssetPostprocessor.OnPostprocessAllAssets 0.788ms
			EditModeScopePostprocessor.OnPostprocessAllAssets 0.778ms
			SpeedTree9Postprocessor.OnPostprocessAllAssets 0.514ms
			TextAssetPostProcessor.OnPostprocessAllAssets 0.393ms
			ArtifactBrowserPostProcessor.OnPostprocessAllAssets 0.368ms
			TMPro_TexturePostProcessor.OnPostprocessAllAssets 0.182ms
			ReferencedClipsPostProcessor.OnPostprocessAllAssets 0.179ms
			AudioMixerPostprocessor.OnPostprocessAllAssets 0.177ms
			TerrainToolbarOverlayPostProcessor.OnPostprocessAllAssets 0.167ms
			AssetEvents.OnPostprocessAllAssets 0.141ms
			AssetDatabaseCallbacks.OnPostprocessAllAssets 0.106ms
			SpeedTreePostProcessor.OnPostprocessAllAssets 0.100ms
			ConfigAssetsTracker.OnPostprocessAllAssets 0.075ms
			ScenarioDriftAssetsTracker.OnPostprocessAllAssets 0.072ms
			RenderPipelineGlobalSettingsPostprocessor.OnPostprocessAllAssets 0.066ms
			AudioContainerPostProcessor.OnPostprocessAllAssets 0.063ms
	PostAssetChangesProfiler: 4.275ms
	UnloadStreamsBegin: 1.607ms
	GenerateScriptTypeHashes: 0.528ms
	GenerateScriptTypeSerializationHashes: 1.475ms
	Untracked: 349.433ms

Application.AssetDatabase Initial Refresh End
Launched and connected shader compiler UnityShaderCompiler.exe after 0.01 seconds
Scanning for USB devices : 4.870ms
Initializing Unity extensions:
[MODES] ModeService[none].Initialize
[MODES] ModeService[none].LoadModes
[MODES] Loading mode Default (0) for mode-current-id-TowerDefenseUnity
Unloading 3 Unused Serialized files (Serialized files now loaded: 0)
Unloading 471 unused Assets / (0.7 MB). Loaded Objects now: 1281.
Memory consumption went from 212.3 MB to 211.7 MB.
Total: 7.008200 ms (FindLiveObjects: 0.120700 ms CreateObjectMapping: 0.089100 ms MarkObjects: 3.655200 ms  DeleteObjects: 3.139800 ms)

TOUHOU_VERIFY PASS: five music assets and orthogonal routes
UnityEngine.Debug:ExtractStackTraceNoAlloc (byte*,int,string)
UnityEngine.StackTraceUtility:ExtractStackTrace ()
UnityEngine.DebugLogHandler:Internal_Log (UnityEngine.LogType,UnityEngine.LogOption,string,UnityEngine.Object)
UnityEngine.DebugLogHandler:LogFormat (UnityEngine.LogType,UnityEngine.Object,string,object[])
UnityEngine.Logger:Log (UnityEngine.LogType,object)
UnityEngine.Debug:Log (object)
BattleUiVerification:Run () (at Assets/Editor/BattleUiVerification.cs:45)
BattleUiPlayVerification:Run () (at Assets/Editor/BattleUiPlayVerification.cs:23)

(Filename: Assets/Editor/BattleUiVerification.cs Line: 45)

BATTLE_UI_VERIFY PASS: vertex-baked button visuals; minimum reference canvas preserved
UnityEngine.Debug:ExtractStackTraceNoAlloc (byte*,int,string)
UnityEngine.StackTraceUtility:ExtractStackTrace ()
UnityEngine.DebugLogHandler:Internal_Log (UnityEngine.LogType,UnityEngine.LogOption,string,UnityEngine.Object)
UnityEngine.DebugLogHandler:LogFormat (UnityEngine.LogType,UnityEngine.Object,string,object[])
UnityEngine.Logger:Log (UnityEngine.LogType,object)
UnityEngine.Debug:Log (object)
BattleUiVerification:Run () (at Assets/Editor/BattleUiVerification.cs:46)
BattleUiPlayVerification:Run () (at Assets/Editor/BattleUiPlayVerification.cs:23)

(Filename: Assets/Editor/BattleUiVerification.cs Line: 46)

[Project] Loading completed in 5.404 seconds
	Project init time: 				5.044 seconds
		Template init time: 		0.000 seconds
		Package Manager init time: 		1.309 seconds
		Asset Database init time: 		0.121 seconds
		Global illumination init time: 	0.002 seconds
		Assemblies load time: 			0.732 seconds
		Unity extensions init time: 	0.001 seconds
		Asset Database refresh time: 	2.391 seconds
	Scene opening time: 			0.141 seconds
##utp:{"type":"ProjectInfo","version":2,"phase":"Immediate","time":1789142301112,"processId":18844,"projectLoad":5.403715099999999,"projectInit":5.0440945,"templateInit":0.0,"packageManagerInit":1.3091462,"assetDatabaseInit":0.1207831,"globalIlluminationInit":0.0016031,"assembliesLoad":0.7319828,"unityExtensionsInit":0.0011903,"assetDatabaseRefresh":2.3912517,"sceneOpening":0.1405609}
##utp:{"type":"EditorInfo","version":2,"phase":"Immediate","time":1789142301112,"processId":18844,"editorVersion":"6000.5.9f1 (b57deb96f08d)","branch":"6000.5/staging","buildType":"Release","platform":"Windows"}
Reloading assemblies for play mode.
Reloading assemblies after forced synchronous recompile.
Begin MonoManager ReloadAssembly
Native extension for WindowsStandalone target not found
Native extension for WebGL target not found
ScheduleIndexationOnStartup MainProcess:True IndexOnStartup:True
Mono: successfully reloaded assembly
- Finished resetting the current domain, in  0.349 seconds
Domain Reload Profiling: 621ms
	BeginReloadAssembly (147ms)
		DisableScriptedObjects (35ms)
		CreateAndSetChildDomain (43ms)
	RebuildCommonClasses (7ms)
	RebuildNativeTypeToScriptingClass (12ms)
	initialDomainReloadingComplete (29ms)
	LoadAllAssembliesAndSetupDomain (77ms)
		LoadAssemblies (48ms)
		AnalyzeDomain (5ms)
			TypeCache.Refresh (2ms)
	FinalizeReload (351ms)
		SetupLoadedEditorAssemblies (0ms)
			BeforeProcessingInitializeOnLoad (59ms)
			ProcessInitializeOnLoadAttributes (49ms)
			ProcessInitializeOnLoadMethodAttributes (50ms)
			AfterProcessingInitializeOnLoad (5ms)
		AwakeInstancesAfterBackupRestoration (26ms)

Asset Pipeline Refresh (id=c3a154d489e5e784b88d7378e36bf56a): Total: 0.734 seconds - Initiated by StopAssetImportingV2(ForceSynchronousImport | ForceDomainReload)
	(Values over 0.05ms)
	Summary:
		Imports: total=0 (actual=0, local cache=0, cache server=0)
		Asset DB Process Time: managed=0 ms, native=394 ms
		Asset DB Callback time: managed=32 ms, native=13 ms
		Scripting: domain reloads=1, domain reload time=292 ms, compile time=2 ms, other=0 ms
		Project Asset Count: scripts=181, non-scripts=214
		Asset File Changes: new=0, changed=0, moved=0, deleted=0
		Scan Filter Count: 0
	InvokePackagesCallback: 1.504ms
	ApplyChangesToAssetFolders: 0.117ms
	Collect global state as custom dependencies: 0.983ms
	ProcessAssetsWithTransientArtifactChanges: 8.365ms
	CategorizeAssets: 2.590ms
	CompileScripts: 1.756ms
	ImportOutOfDateAssets: 354.066ms (351.813ms without children)
		CollectScriptTypesHashes: 0.222ms
		ReloadNativeAssets: 0.955ms
		UnloadImportedAssets: 0.259ms
		ImportSchedulerStart: 0.989ms
	PostProcessAllAssets: 42.395ms
		PostProcessCallbackCreateDeferredMaterials 1.275ms
		ShaderAssetModifiedCallback 0.580ms
		RaytracingShaderImportPostprocess 0.204ms
		ComputeShaderImportPostprocess 0.198ms
		LocalizationDatabase.AssetDatabasePostprocessCallback 0.182ms
		SpeedTreeImporter.PostprocessAllAssets 0.176ms
		BlockShaderImporter.PostprocessAllAssets 0.085ms
		AssemblyValidation.PostprocessAllAssets 0.085ms
		MonoPostProcessAllAssets: 31.741ms
			StyleCatalogPostProcessor.OnPostprocessAllAssets 5.771ms
			AssetPostprocessor.OnPostprocessAllAssets 5.080ms
			WindowAssetPostprocessingWatcher.OnPostprocessAllAssets 4.957ms
			BuilderAssetPostprocessor.OnPostprocessAllAssets 3.619ms
			AssetChangedListener.OnPostprocessAllAssets 1.531ms
			TextAssetPostProcessor.OnPostprocessAllAssets 1.051ms
			SyncVS.PostprocessSyncProject 0.902ms
			RetainedModeAssetPostprocessor.OnPostprocessAllAssets 0.814ms
			SpeedTree9Postprocessor.OnPostprocessAllAssets 0.634ms
			ArtifactBrowserPostProcessor.OnPostprocessAllAssets 0.347ms
			EditModeScopePostprocessor.OnPostprocessAllAssets 0.334ms
			TMPro_TexturePostProcessor.OnPostprocessAllAssets 0.198ms
			AudioMixerPostprocessor.OnPostprocessAllAssets 0.173ms
			ReferencedClipsPostProcessor.OnPostprocessAllAssets 0.172ms
			AssetEvents.OnPostprocessAllAssets 0.142ms
			TerrainToolbarOverlayPostProcessor.OnPostprocessAllAssets 0.134ms
			AssetDatabaseCallbacks.OnPostprocessAllAssets 0.113ms
			SpeedTreePostProcessor.OnPostprocessAllAssets 0.103ms
			ScenarioDriftAssetsTracker.OnPostprocessAllAssets 0.075ms
			ConfigAssetsTracker.OnPostprocessAllAssets 0.070ms
			RenderPipelineGlobalSettingsPostprocessor.OnPostprocessAllAssets 0.058ms
	PostAssetChangesProfiler: 2.671ms
	UnloadStreamsBegin: 0.194ms
	GenerateScriptTypeHashes: 1.714ms
	GenerateScriptTypeSerializationHashes: 3.760ms
	Untracked: 311.524ms

Sprite Tiling might not appear correctly because the Sprite used is not generated with Full Rect. To fix this, change the Mesh Type in the Sprite's import setting to Full Rect
UnityEngine.Debug:ExtractStackTraceNoAlloc (byte*,int,string)
UnityEngine.StackTraceUtility:ExtractStackTrace ()
UnityEngine.SpriteRenderer:set_drawMode (UnityEngine.SpriteDrawMode)
TowerDefense.Effects.WorldAmbience:BuildStars (UnityEngine.Transform) (at Assets/Scripts/Effects/WorldAmbience.cs:79)
TowerDefense.Effects.WorldAmbience:Build (UnityEngine.Transform) (at Assets/Scripts/Effects/WorldAmbience.cs:53)
TowerDefense.Effects.WorldAmbience:Create (UnityEngine.Transform) (at Assets/Scripts/Effects/WorldAmbience.cs:47)
TowerDefense.Core.GameManager:CreateWorld () (at Assets/Scripts/Core/GameManager.cs:194)
TowerDefense.Core.GameManager:Awake () (at Assets/Scripts/Core/GameManager.cs:102)
UnityEngine.GameObject:Internal_AddComponentWithType (System.Type)
UnityEngine.GameObject:AddComponent (System.Type)
UnityEngine.GameObject:AddComponent<TowerDefense.Core.GameManager> ()
TowerDefense.Core.GameBootstrap:AutoStart () (at Assets/Scripts/Core/GameBootstrap.cs:17)

[Assets/Scripts/Core/GameBootstrap.cs line 17]

Worker ready: AssetImportWorkerHW0 0
Sprite Tiling might not appear correctly because the Sprite used is not generated with Full Rect. To fix this, change the Mesh Type in the Sprite's import setting to Full Rect
UnityEngine.Debug:ExtractStackTraceNoAlloc (byte*,int,string)
UnityEngine.StackTraceUtility:ExtractStackTrace ()
UnityEngine.SpriteRenderer:set_drawMode (UnityEngine.SpriteDrawMode)
TowerDefense.Systems.MapSystem:BuildBoard (UnityEngine.Transform) (at Assets/Scripts/Systems/MapSystem.cs:155)
TowerDefense.Systems.MapSystem:Init (UnityEngine.Transform) (at Assets/Scripts/Systems/MapSystem.cs:35)
TowerDefense.Core.GameManager:CreateWorld () (at Assets/Scripts/Core/GameManager.cs:200)
TowerDefense.Core.GameManager:Awake () (at Assets/Scripts/Core/GameManager.cs:102)
UnityEngine.GameObject:Internal_AddComponentWithType (System.Type)
UnityEngine.GameObject:AddComponent (System.Type)
UnityEngine.GameObject:AddComponent<TowerDefense.Core.GameManager> ()
TowerDefense.Core.GameBootstrap:AutoStart () (at Assets/Scripts/Core/GameBootstrap.cs:17)

[Assets/Scripts/Core/GameBootstrap.cs line 17]

Loaded scene 'Temp/__Backupscenes/0.backup'
	Deserialize:            0.292 ms
	Integration:            1236.178 ms
	Integration of assets:  0.002 ms
	Thread Wait Time:       0.018 ms
	Total Operation Time:   1236.490 ms
[MODES] ModeService[none].Initialize
[MODES] ModeService[none].LoadModes
Start Indexing on Editor startup
[Indexing] Starting Initial Indexing for Assets
Created GICache directory at C:/Users/DreamNight/AppData/LocalLow/Unity/Caches/GiCache. Took: 0.008s, timestamps: [7.519 - 7.527]
[Licensing::Client] Successfully resolved entitlement details
Sprite Tiling might not appear correctly because the Sprite used is not generated with Full Rect. To fix this, change the Mesh Type in the Sprite's import setting to Full Rect
UnityEngine.Debug:ExtractStackTraceNoAlloc (byte*,int,string)
UnityEngine.StackTraceUtility:ExtractStackTrace ()
UnityEngine.SpriteRenderer:set_drawMode (UnityEngine.SpriteDrawMode)
TowerDefense.Effects.WorldAmbience:BuildStars (UnityEngine.Transform) (at Assets/Scripts/Effects/WorldAmbience.cs:79)
TowerDefense.Effects.WorldAmbience:Build (UnityEngine.Transform) (at Assets/Scripts/Effects/WorldAmbience.cs:53)
TowerDefense.Effects.WorldAmbience:Create (UnityEngine.Transform) (at Assets/Scripts/Effects/WorldAmbience.cs:47)
TowerDefense.Core.GameManager:CreateWorld () (at Assets/Scripts/Core/GameManager.cs:194)
TowerDefense.Core.GameManager:BeginRun (int,bool) (at Assets/Scripts/Core/GameManager.cs:711)
BattleUiPlayVerification:Tick () (at Assets/Editor/BattleUiPlayVerification.cs:40)
UnityEditor.EditorApplication:Internal_CallUpdateFunctions ()

[Assets/Scripts/Core/GameManager.cs line 194]

Sprite Tiling might not appear correctly because the Sprite used is not generated with Full Rect. To fix this, change the Mesh Type in the Sprite's import setting to Full Rect
UnityEngine.Debug:ExtractStackTraceNoAlloc (byte*,int,string)
UnityEngine.StackTraceUtility:ExtractStackTrace ()
UnityEngine.SpriteRenderer:set_drawMode (UnityEngine.SpriteDrawMode)
TowerDefense.Systems.MapSystem:BuildBoard (UnityEngine.Transform) (at Assets/Scripts/Systems/MapSystem.cs:155)
TowerDefense.Systems.MapSystem:Init (UnityEngine.Transform) (at Assets/Scripts/Systems/MapSystem.cs:35)
TowerDefense.Core.GameManager:CreateWorld () (at Assets/Scripts/Core/GameManager.cs:200)
TowerDefense.Core.GameManager:BeginRun (int,bool) (at Assets/Scripts/Core/GameManager.cs:711)
BattleUiPlayVerification:Tick () (at Assets/Editor/BattleUiPlayVerification.cs:40)
UnityEditor.EditorApplication:Internal_CallUpdateFunctions ()

[Assets/Scripts/Core/GameManager.cs line 200]

Sprite Tiling might not appear correctly because the Sprite used is not generated with Full Rect. To fix this, change the Mesh Type in the Sprite's import setting to Full Rect
UnityEngine.Debug:ExtractStackTraceNoAlloc (byte*,int,string)
UnityEngine.StackTraceUtility:ExtractStackTrace ()
UnityEngine.SpriteRenderer:set_drawMode (UnityEngine.SpriteDrawMode)
TowerDefense.Effects.WorldAmbience:BuildStars (UnityEngine.Transform) (at Assets/Scripts/Effects/WorldAmbience.cs:79)
TowerDefense.Effects.WorldAmbience:Build (UnityEngine.Transform) (at Assets/Scripts/Effects/WorldAmbience.cs:53)
TowerDefense.Effects.WorldAmbience:Create (UnityEngine.Transform) (at Assets/Scripts/Effects/WorldAmbience.cs:47)
TowerDefense.Core.GameManager:CreateWorld () (at Assets/Scripts/Core/GameManager.cs:194)
TowerDefense.Core.GameManager:BeginRun (int,bool) (at Assets/Scripts/Core/GameManager.cs:711)
TowerDefense.Core.GameManager:Restart () (at Assets/Scripts/Core/GameManager.cs:743)
BattleUiPlayVerification:Tick () (at Assets/Editor/BattleUiPlayVerification.cs:67)
UnityEditor.EditorApplication:Internal_CallUpdateFunctions ()

[Assets/Scripts/Core/GameManager.cs line 194]

Sprite Tiling might not appear correctly because the Sprite used is not generated with Full Rect. To fix this, change the Mesh Type in the Sprite's import setting to Full Rect
UnityEngine.Debug:ExtractStackTraceNoAlloc (byte*,int,string)
UnityEngine.StackTraceUtility:ExtractStackTrace ()
UnityEngine.SpriteRenderer:set_drawMode (UnityEngine.SpriteDrawMode)
TowerDefense.Systems.MapSystem:BuildBoard (UnityEngine.Transform) (at Assets/Scripts/Systems/MapSystem.cs:155)
TowerDefense.Systems.MapSystem:Init (UnityEngine.Transform) (at Assets/Scripts/Systems/MapSystem.cs:35)
TowerDefense.Core.GameManager:CreateWorld () (at Assets/Scripts/Core/GameManager.cs:200)
TowerDefense.Core.GameManager:BeginRun (int,bool) (at Assets/Scripts/Core/GameManager.cs:711)
TowerDefense.Core.GameManager:Restart () (at Assets/Scripts/Core/GameManager.cs:743)
BattleUiPlayVerification:Tick () (at Assets/Editor/BattleUiPlayVerification.cs:67)
UnityEditor.EditorApplication:Internal_CallUpdateFunctions ()

[Assets/Scripts/Core/GameManager.cs line 200]

TOUHOU_AUDIO_PLAY PASS: looping playback and mute toggle
UnityEngine.Debug:ExtractStackTraceNoAlloc (byte*,int,string)
UnityEngine.StackTraceUtility:ExtractStackTrace ()
UnityEngine.DebugLogHandler:Internal_Log (UnityEngine.LogType,UnityEngine.LogOption,string,UnityEngine.Object)
UnityEngine.DebugLogHandler:LogFormat (UnityEngine.LogType,UnityEngine.Object,string,object[])
UnityEngine.Logger:Log (UnityEngine.LogType,object)
UnityEngine.Debug:Log (object)
BattleUiPlayVerification:Tick () (at Assets/Editor/BattleUiPlayVerification.cs:83)
UnityEditor.EditorApplication:Internal_CallUpdateFunctions ()

(Filename: Assets/Editor/BattleUiPlayVerification.cs Line: 83)

BATTLE_UI_PLAY PASS: bootstrap, pause overlay, restart; screenshots captured
UnityEngine.Debug:ExtractStackTraceNoAlloc (byte*,int,string)
UnityEngine.StackTraceUtility:ExtractStackTrace ()
UnityEngine.DebugLogHandler:Internal_Log (UnityEngine.LogType,UnityEngine.LogOption,string,UnityEngine.Object)
UnityEngine.DebugLogHandler:LogFormat (UnityEngine.LogType,UnityEngine.Object,string,object[])
UnityEngine.Logger:Log (UnityEngine.LogType,object)
UnityEngine.Debug:Log (object)
BattleUiPlayVerification:Tick () (at Assets/Editor/BattleUiPlayVerification.cs:84)
UnityEditor.EditorApplication:Internal_CallUpdateFunctions ()

(Filename: Assets/Editor/BattleUiPlayVerification.cs Line: 84)

MonoPathRemapper: Attempts to remap: 2932; Successful remaps: 1292
Serialized file version minimum: 23, current 23
[Physics::Module] Cleanup current backend.
[Physics::Module] Id: 0xf2b8ea05
Input System module state changed to: ShutdownInProgress.
Input Polling Thread exited.
Input System module state changed to: Shutdown.
[Licensing::IpcConnector] LicenseClient-DreamNight-6000.5.9-notifications channel disconnected successfully.
[Licensing::IpcConnector] LicenseClient-DreamNight-6000.5.9 channel disconnected successfully.
Shut down.
Lingering sessions upon destruction of worker manager
AcceleratorClientConnectionCallback - disconnected - :0
Cleanup mono
CodeReloadManager destroyed
abort_threads: Failed aborting id: 00000000000078BC, mono_thread_manage will ignore it

abort_threads: Failed aborting id: 0000000000007E48, mono_thread_manage will ignore it

abort_threads: Failed aborting id: 00000000000078BC, mono_thread_manage will ignore it

abort_threads: Failed aborting id: 0000000000007E48, mono_thread_manage will ignore it

debugger-agent: Unable to listen on 5064
Checking for leaked weakptr:
  Found no leaked weakptrs.
[Package Manager] Server process was shutdown
##utp:{"type":"MemoryLeaks","version":2,"phase":"Immediate","time":1789142314583,"processId":18844,"allocatedMemory":11902767,"memoryLabels":[{"Default":185452},{"Permanent":15516},{"NewDelete":66987},{"Thread":4205176},{"Manager":39559},{"VertexData":8},{"Geometry":816},{"Texture":24},{"Shader":840457},{"Material":24},{"GfxDevice":57848},{"Animation":952},{"FreeType":8},{"FontEngine":736},{"Physics":2146},{"Physics2D":16},{"Serialization":1016},{"Input":42840},{"JobScheduler":256},{"TextLib":280},{"Mono":48},{"ScriptingNativeRuntime":674964},{"BaseObject":1657760},{"Resource":1208},{"Renderer":3080},{"Transform":4685},{"File":4013},{"WebCam":616},{"Culling":32},{"Terrain":11442},{"Wind":24},{"STL":40},{"String":26690},{"StaticString":3808},{"Utility":2675958},{"Curl":2594},{"PoolAlloc":2168},{"AI":80},{"TypeTree":17165},{"CodeReload":448},{"RuntimeInitializeOnLoadManager":64},{"Sprites":102},{"SpriteAtlas":120},{"GI":7816},{"Director":8296},{"CloudService":9656},{"WebRequest":552},{"VR":47114},{"SceneManager":608},{"Video":208},{"LazyScriptCache":32},{"Camera":17},{"Secure":2377},{"SerializationCache":1576},{"APIUpdating":10320},{"Subsystems":336},{"VirtualTexturing":57888},{"StaticSafetyDebugInfo":278528},{"Analytics":552},{"Hierarchy":1176},{"UIElements":72},{"CoreStats":13688},{"Identifiers":6768},{"Gui":128},{"EditorUtility":97596},{"VersionControl":8},{"Undo":931},{"AssetDatabase":753713},{"AssetImporter":40},{"EditorGi":328},{"UnityConnect":38929},{"Upm":1912},{"UpmDiagnostics":8},{"AssetCompliance":64},{"DrivenProperties":72},{"LocalIPC":216},{"ProfilerEditor":9746},{"CoreBusinessMetrics":3486},{"Windowing":456},{"Licensing":664},{"AssetReference":32},{"IPCStream":32}]}
